******************************************************************************
                  TI ARM Linker PC v18.12.4                    
******************************************************************************
>> Linked Tue Apr 12 10:40:36 2022

OUTPUT FILE NAME:   <uon-fs-canmonitor.out>
ENTRY POINT SYMBOL: "_c_int00_noargs"  address: 0000125d


MEMORY CONFIGURATION

         name            origin    length      used     unused   attr    fill
----------------------  --------  ---------  --------  --------  ----  --------
  FLASH                 00000000   00040000  000015f8  0003ea08  R  X
  SRAM                  20000000   00008000  00000229  00007dd7  RW X


SEGMENT ALLOCATION MAP

run origin  load origin   length   init length attrs members
----------  ----------- ---------- ----------- ----- -------
00000000    00000000    000015f8   000015f8    r-x
  00000000    00000000    0000026c   0000026c    r-- .intvecs
  0000026c    0000026c    000011b8   000011b8    r-x .text
  00001424    00001424    000001a4   000001a4    r-- .const
  000015c8    000015c8    00000030   00000030    r-- .cinit
20000000    20000000    00000229   00000000    rw-
  20000000    20000000    00000200   00000000    rw- .stack
  20000200    20000200    0000001c   00000000    rw- .bss
  2000021c    2000021c    0000000d   00000000    rw- .data


SECTION ALLOCATION MAP

 output                                  attributes/
section   page    origin      length       input sections
--------  ----  ----------  ----------   ----------------
.intvecs   0    00000000    0000026c     
                  00000000    0000026c     startup_ccs.obj (.intvecs)

.text      0    0000026c    000011b8     
                  0000026c    000001ee     uartstdio.obj (.text:UARTvprintf)
                  0000045a    00000136     driverlib.lib : can.obj (.text:CANMessageSet)
                  00000590    00000132                   : gpio.obj (.text:GPIOPadConfigSet)
                  000006c2    00000002     startup_ccs.obj (.text:FaultISR)
                  000006c4    00000110     driverlib.lib : sysctl.obj (.text:SysCtlClockGet)
                  000007d4    0000010e                   : can.obj (.text:CANMessageGet)
                  000008e2    00000002     startup_ccs.obj (.text:IntDefaultHandler)
                  000008e4    000000f4     driverlib.lib : sysctl.obj (.text:SysCtlClockSet)
                  000009d8    000000c8     canmonitor.obj (.text:I2CMasterSend)
                  00000aa0    000000b0     canmonitor.obj (.text:main)
                  00000b50    0000009c     rtsv7M4_T_le_v4SPD16_eabi.lib : memcpy_t2.asm.obj (.text)
                  00000bec    0000008c     canmonitor.obj (.text:ConfigureCAN)
                  00000c78    0000008c     canmonitor.obj (.text:I2CMasterSendString)
                  00000d04    0000006c     driverlib.lib : can.obj (.text:CANBitRateSet)
                  00000d70    0000006c     canmonitor.obj (.text:InitI2C0)
                  00000ddc    00000068     driverlib.lib : interrupt.obj (.text:IntEnable)
                  00000e44    00000068     rtsv7M4_T_le_v4SPD16_eabi.lib : copy_decompress_lzss.c.obj (.text:decompress:lzss:__TI_decompress_lzss)
                  00000eac    00000060     uartstdio.obj (.text:UARTStdioConfig)
                  00000f0c    00000052     canmonitor.obj (.text:PrintCANMsg)
                  00000f5e    00000002     startup_ccs.obj (.text:NmiSR)
                  00000f60    00000050     canmonitor.obj (.text:CANIntHandler)
                  00000fb0    00000050     driverlib.lib : sysctl.obj (.text:SysCtlPeripheralReset)
                  00001000    0000004c     canmonitor.obj (.text:ConfigureUART)
                  0000104c    0000004c     driverlib.lib : i2c.obj (.text:I2CMasterInitExpClk)
                  00001098    00000048                   : gpio.obj (.text:GPIOPinConfigure)
                  000010e0    00000048     uartstdio.obj (.text:UARTwrite)
                  00001128    00000044     rtsv7M4_T_le_v4SPD16_eabi.lib : autoinit.c.obj (.text:__TI_auto_init_nobinit_nopinit:__TI_auto_init_nobinit_nopinit)
                  0000116c    00000040     driverlib.lib : can.obj (.text:CANStatusGet)
                  000011ac    00000040     rtsv7M4_T_le_v4SPD16_eabi.lib : u_divt2.asm.obj (.text)
                  000011ec    0000003a     driverlib.lib : can.obj (.text:CANInit)
                  00001226    00000002     rtsv7M4_T_le_v4SPD16_eabi.lib : div0.asm.obj (.text)
                  00001228    00000034     driverlib.lib : sysctl.obj (.text:SysCtlPeripheralEnable)
                  0000125c    00000034     rtsv7M4_T_le_v4SPD16_eabi.lib : boot_cortex_m.c.obj (.text:_c_int00_noargs:_c_int00_noargs)
                  00001290    0000002a     driverlib.lib : gpio.obj (.text:GPIODirModeSet)
                  000012ba    0000002a                   : can.obj (.text:_CANDataRegRead)
                  000012e4    00000024                   : can.obj (.text:_CANDataRegWrite)
                  00001308    00000022                   : can.obj (.text:CANIntClear)
                  0000132a    00000020                   : can.obj (.text:CANIntStatus)
                  0000134a    0000001c     rtsv7M4_T_le_v4SPD16_eabi.lib : copy_zero_init.c.obj (.text:decompress:ZI:__TI_zero_init_nomemset:__TI_zero_init_nomemset)
                  00001366    0000001a     uartstdio.obj (.text:UARTprintf)
                  00001380    00000012     driverlib.lib : gpio.obj (.text:GPIOPinTypeCAN)
                  00001392    00000012                   : gpio.obj (.text:GPIOPinTypeI2C)
                  000013a4    00000012                   : gpio.obj (.text:GPIOPinTypeI2CSCL)
                  000013b6    00000012                   : gpio.obj (.text:GPIOPinTypeUART)
                  000013c8    0000000e     rtsv7M4_T_le_v4SPD16_eabi.lib : copy_decompress_none.c.obj (.text:decompress:none:__TI_decompress_none)
                  000013d6    0000000a     driverlib.lib : can.obj (.text:CANEnable)
                  000013e0    0000000a                   : i2c.obj (.text:I2CMasterEnable)
                  000013ea    00000008                   : can.obj (.text:CANIntEnable)
                  000013f2    00000008                   : i2c.obj (.text:I2CMasterBusy)
                  000013fa    00000008                   : i2c.obj (.text:I2CMasterSlaveAddrSet)
                  00001402    00000006     startup_ccs.obj (.text:ResetISR)
                  00001408    00000006     driverlib.lib : sysctl.obj (.text:SysCtlDelay)
                  0000140e    00000006                   : uart.obj (.text:UARTClockSourceSet)
                  00001414    00000004                   : i2c.obj (.text:I2CMasterControl)
                  00001418    00000004                   : i2c.obj (.text:I2CMasterDataPut)
                  0000141c    00000004     rtsv7M4_T_le_v4SPD16_eabi.lib : pre_init.c.obj (.text:_system_pre_init)
                  00001420    00000004                                   : exit.c.obj (.text:abort:abort)

.const     0    00001424    000001a4     
                  00001424    00000090     driverlib.lib : gpio.obj (.const:g_pui32GPIOBaseAddrs)
                  000014b4    00000070                   : interrupt.obj (.const)
                  00001524    0000006c                   : sysctl.obj (.const:g_pui32Xtals)
                  00001590    00000020                   : can.obj (.const)
                  000015b0    0000000c     uartstdio.obj (.const:g_ui32UARTBase)
                  000015bc    0000000c     uartstdio.obj (.const:g_ui32UARTPeriph)

.cinit     0    000015c8    00000030     
                  000015c8    0000000c     (__TI_handler_table)
                  000015d4    00000004     --HOLE-- [fill = 0]
                  000015d8    00000008     (.cinit..bss.load) [load image, compression = zero_init]
                  000015e0    00000007     (.cinit..data.load) [load image, compression = lzss]
                  000015e7    00000001     --HOLE-- [fill = 0]
                  000015e8    00000010     (__TI_cinit_table)

.init_array 
*          0    00000000    00000000     UNINITIALIZED

.bss       0    20000200    0000001c     UNINITIALIZED
                  20000200    00000014     (.common:sCANMessage)
                  20000214    00000008     (.common:pui8MsgData)

.data      0    2000021c    0000000d     UNINITIALIZED
                  2000021c    00000006     canmonitor.obj (.data)
                  20000222    00000002     --HOLE--
                  20000224    00000005     uartstdio.obj (.data)

.stack     0    20000000    00000200     UNINITIALIZED
                  20000000    00000004     rtsv7M4_T_le_v4SPD16_eabi.lib : boot_cortex_m.c.obj (.stack)
                  20000004    000001fc     --HOLE--

MODULE SUMMARY

       Module                       code   ro data   rw data
       ------                       ----   -------   -------
    .\
       canmonitor.obj               1002   0         34     
       startup_ccs.obj              12     620       0      
    +--+----------------------------+------+---------+---------+
       Total:                       1014   620       34     
                                                            
    .\utils\
       uartstdio.obj                688    24        5      
    +--+----------------------------+------+---------+---------+
       Total:                       688    24        5      
                                                            
    C:/ti/tivaware_c_series_2_1_4_178/driverlib/ccs/Debug/driverlib.lib
       can.obj                      972    32        0      
       sysctl.obj                   654    108       0      
       gpio.obj                     492    144       0      
       interrupt.obj                104    112       0      
       i2c.obj                      110    0         0      
       uart.obj                     6      0         0      
    +--+----------------------------+------+---------+---------+
       Total:                       2338   396       0      
                                                            
    C:\ti\ccs930\ccs\tools\compiler\ti-cgt-arm_18.12.4.LTS\lib\rtsv7M4_T_le_v4SPD16_eabi.lib
       memcpy_t2.asm.obj            156    0         0      
       copy_decompress_lzss.c.obj   104    0         0      
       autoinit.c.obj               68     0         0      
       u_divt2.asm.obj              64     0         0      
       boot_cortex_m.c.obj          52     0         0      
       copy_zero_init.c.obj         28     0         0      
       copy_decompress_none.c.obj   14     0         0      
       exit.c.obj                   4      0         0      
       pre_init.c.obj               4      0         0      
       div0.asm.obj                 2      0         0      
    +--+----------------------------+------+---------+---------+
       Total:                       496    0         0      
                                                            
       Stack:                       0      0         512    
       Linker Generated:            0      43        0      
    +--+----------------------------+------+---------+---------+
       Grand Total:                 4536   1083      551    


LINKER GENERATED COPY TABLES

__TI_cinit_table @ 000015e8 records: 2, size/record: 8, table size: 16
	.bss: load addr=000015d8, load size=00000008 bytes, run addr=20000200, run size=0000001c bytes, compression=zero_init
	.data: load addr=000015e0, load size=00000007 bytes, run addr=2000021c, run size=0000000d bytes, compression=lzss


LINKER GENERATED HANDLER TABLE

__TI_handler_table @ 000015c8 records: 3, size/record: 4, table size: 12
	index: 0, handler: __TI_decompress_lzss
	index: 1, handler: __TI_decompress_none
	index: 2, handler: __TI_zero_init


GLOBAL SYMBOLS: SORTED ALPHABETICALLY BY Name 

address   name                          
-------   ----                          
00001421  C$$EXIT                       
00000d05  CANBitRateSet                 
000013d7  CANEnable                     
000011ed  CANInit                       
00001309  CANIntClear                   
000013eb  CANIntEnable                  
00000f61  CANIntHandler                 
0000132b  CANIntStatus                  
000007d5  CANMessageGet                 
0000045b  CANMessageSet                 
0000116d  CANStatusGet                  
00000bed  ConfigureCAN                  
00001001  ConfigureUART                 
00001291  GPIODirModeSet                
00000591  GPIOPadConfigSet              
00001099  GPIOPinConfigure              
00001381  GPIOPinTypeCAN                
00001393  GPIOPinTypeI2C                
000013a5  GPIOPinTypeI2CSCL             
000013b7  GPIOPinTypeUART               
000013f3  I2CMasterBusy                 
00001415  I2CMasterControl              
00001419  I2CMasterDataPut              
000013e1  I2CMasterEnable               
0000104d  I2CMasterInitExpClk           
000009d9  I2CMasterSend                 
00000c79  I2CMasterSendString           
000013fb  I2CMasterSlaveAddrSet         
00000d71  InitI2C0                      
00000ddd  IntEnable                     
00000f0d  PrintCANMsg                   
00001403  ResetISR                      
000006c5  SysCtlClockGet                
000008e5  SysCtlClockSet                
00001409  SysCtlDelay                   
00001229  SysCtlPeripheralEnable        
00000fb1  SysCtlPeripheralReset         
0000140f  UARTClockSourceSet            
00000ead  UARTStdioConfig               
00001367  UARTprintf                    
0000026d  UARTvprintf                   
000010e1  UARTwrite                     
20000200  __STACK_END                   
00000200  __STACK_SIZE                  
20000200  __STACK_TOP                   
000015e8  __TI_CINIT_Base               
000015f8  __TI_CINIT_Limit              
000015c8  __TI_Handler_Table_Base       
000015d4  __TI_Handler_Table_Limit      
00001129  __TI_auto_init_nobinit_nopinit
00000e45  __TI_decompress_lzss          
000013c9  __TI_decompress_none          
ffffffff  __TI_pprof_out_hndl           
ffffffff  __TI_prof_data_size           
ffffffff  __TI_prof_data_start          
00000000  __TI_static_base__            
0000134b  __TI_zero_init_nomemset       
00001227  __aeabi_idiv0                 
00001227  __aeabi_ldiv0                 
00000b51  __aeabi_memcpy                
00000b51  __aeabi_memcpy4               
00000b51  __aeabi_memcpy8               
000011ad  __aeabi_uidiv                 
000011ad  __aeabi_uidivmod              
ffffffff  __binit__                     
ffffffff  __c_args__                    
UNDEFED   __mpu_init                    
20000000  __stack                       
0000125d  _c_int00_noargs               
UNDEFED   _system_post_cinit            
0000141d  _system_pre_init              
00001421  abort                         
ffffffff  binit                         
20000221  g_bErrFlag                    
20000220  g_bRXFlag                     
00000000  g_pfnVectors                  
2000021c  g_ui32MsgCount                
00000aa1  main                          
00000b51  memcpy                        
20000214  pui8MsgData                   
20000200  sCANMessage                   


GLOBAL SYMBOLS: SORTED BY Symbol Address 

address   name                          
-------   ----                          
00000000  __TI_static_base__            
00000000  g_pfnVectors                  
00000200  __STACK_SIZE                  
0000026d  UARTvprintf                   
0000045b  CANMessageSet                 
00000591  GPIOPadConfigSet              
000006c5  SysCtlClockGet                
000007d5  CANMessageGet                 
000008e5  SysCtlClockSet                
000009d9  I2CMasterSend                 
00000aa1  main                          
00000b51  __aeabi_memcpy                
00000b51  __aeabi_memcpy4               
00000b51  __aeabi_memcpy8               
00000b51  memcpy                        
00000bed  ConfigureCAN                  
00000c79  I2CMasterSendString           
00000d05  CANBitRateSet                 
00000d71  InitI2C0                      
00000ddd  IntEnable                     
00000e45  __TI_decompress_lzss          
00000ead  UARTStdioConfig               
00000f0d  PrintCANMsg                   
00000f61  CANIntHandler                 
00000fb1  SysCtlPeripheralReset         
00001001  ConfigureUART                 
0000104d  I2CMasterInitExpClk           
00001099  GPIOPinConfigure              
000010e1  UARTwrite                     
00001129  __TI_auto_init_nobinit_nopinit
0000116d  CANStatusGet                  
000011ad  __aeabi_uidiv                 
000011ad  __aeabi_uidivmod              
000011ed  CANInit                       
00001227  __aeabi_idiv0                 
00001227  __aeabi_ldiv0                 
00001229  SysCtlPeripheralEnable        
0000125d  _c_int00_noargs               
00001291  GPIODirModeSet                
00001309  CANIntClear                   
0000132b  CANIntStatus                  
0000134b  __TI_zero_init_nomemset       
00001367  UARTprintf                    
00001381  GPIOPinTypeCAN                
00001393  GPIOPinTypeI2C                
000013a5  GPIOPinTypeI2CSCL             
000013b7  GPIOPinTypeUART               
000013c9  __TI_decompress_none          
000013d7  CANEnable                     
000013e1  I2CMasterEnable               
000013eb  CANIntEnable                  
000013f3  I2CMasterBusy                 
000013fb  I2CMasterSlaveAddrSet         
00001403  ResetISR                      
00001409  SysCtlDelay                   
0000140f  UARTClockSourceSet            
00001415  I2CMasterControl              
00001419  I2CMasterDataPut              
0000141d  _system_pre_init              
00001421  C$$EXIT                       
00001421  abort                         
000015c8  __TI_Handler_Table_Base       
000015d4  __TI_Handler_Table_Limit      
000015e8  __TI_CINIT_Base               
000015f8  __TI_CINIT_Limit              
20000000  __stack                       
20000200  __STACK_END                   
20000200  __STACK_TOP                   
20000200  sCANMessage                   
20000214  pui8MsgData                   
2000021c  g_ui32MsgCount                
20000220  g_bRXFlag                     
20000221  g_bErrFlag                    
ffffffff  __TI_pprof_out_hndl           
ffffffff  __TI_prof_data_size           
ffffffff  __TI_prof_data_start          
ffffffff  __binit__                     
ffffffff  __c_args__                    
ffffffff  binit                         
UNDEFED   __mpu_init                    
UNDEFED   _system_post_cinit            

[81 symbols]
