<?xml version="1.0" encoding="ISO-8859-1" ?>
<link_info>
   <banner>TI ARM Linker PC v18.12.4.LTS</banner>
   <copyright>Copyright (c) 1996-2018 Texas Instruments Incorporated</copyright>
   <link_time>0x62554914</link_time>
   <link_errors>0x0</link_errors>
   <output_file>uon-fs-canmonitor.out</output_file>
   <entry_point>
      <name>_c_int00_noargs</name>
      <address>0x125d</address>
   </entry_point>
   <input_file_list>
      <input_file id="fl-2">
         <path>.\</path>
         <kind>object</kind>
         <file>canmonitor.obj</file>
         <name>canmonitor.obj</name>
      </input_file>
      <input_file id="fl-3">
         <path>.\</path>
         <kind>object</kind>
         <file>startup_ccs.obj</file>
         <name>startup_ccs.obj</name>
      </input_file>
      <input_file id="fl-4">
         <path>.\utils\</path>
         <kind>object</kind>
         <file>uartstdio.obj</file>
         <name>uartstdio.obj</name>
      </input_file>
      <input_file id="fl-9">
         <kind>object</kind>
         <file>&lt;internal&gt;</file>
         <name>&lt;internal&gt;</name>
      </input_file>
      <input_file id="fl-bf">
         <path>C:\ti\ccs930\ccs\tools\compiler\ti-cgt-arm_18.12.4.LTS\lib\</path>
         <kind>archive</kind>
         <file>rtsv7M4_T_le_v4SPD16_eabi.lib</file>
         <name>u_divt2.asm.obj</name>
      </input_file>
      <input_file id="fl-c0">
         <path>C:\ti\ccs930\ccs\tools\compiler\ti-cgt-arm_18.12.4.LTS\lib\</path>
         <kind>archive</kind>
         <file>rtsv7M4_T_le_v4SPD16_eabi.lib</file>
         <name>copy_zero_init.c.obj</name>
      </input_file>
      <input_file id="fl-c1">
         <path>C:\ti\ccs930\ccs\tools\compiler\ti-cgt-arm_18.12.4.LTS\lib\</path>
         <kind>archive</kind>
         <file>rtsv7M4_T_le_v4SPD16_eabi.lib</file>
         <name>copy_decompress_none.c.obj</name>
      </input_file>
      <input_file id="fl-c2">
         <path>C:\ti\ccs930\ccs\tools\compiler\ti-cgt-arm_18.12.4.LTS\lib\</path>
         <kind>archive</kind>
         <file>rtsv7M4_T_le_v4SPD16_eabi.lib</file>
         <name>copy_decompress_lzss.c.obj</name>
      </input_file>
      <input_file id="fl-c3">
         <path>C:\ti\ccs930\ccs\tools\compiler\ti-cgt-arm_18.12.4.LTS\lib\</path>
         <kind>archive</kind>
         <file>rtsv7M4_T_le_v4SPD16_eabi.lib</file>
         <name>boot_cortex_m.c.obj</name>
      </input_file>
      <input_file id="fl-c4">
         <path>C:\ti\ccs930\ccs\tools\compiler\ti-cgt-arm_18.12.4.LTS\lib\</path>
         <kind>archive</kind>
         <file>rtsv7M4_T_le_v4SPD16_eabi.lib</file>
         <name>div0.asm.obj</name>
      </input_file>
      <input_file id="fl-c5">
         <path>C:\ti\ccs930\ccs\tools\compiler\ti-cgt-arm_18.12.4.LTS\lib\</path>
         <kind>archive</kind>
         <file>rtsv7M4_T_le_v4SPD16_eabi.lib</file>
         <name>memcpy_t2.asm.obj</name>
      </input_file>
      <input_file id="fl-c6">
         <path>C:\ti\ccs930\ccs\tools\compiler\ti-cgt-arm_18.12.4.LTS\lib\</path>
         <kind>archive</kind>
         <file>rtsv7M4_T_le_v4SPD16_eabi.lib</file>
         <name>memset_t2.asm.obj</name>
      </input_file>
      <input_file id="fl-c7">
         <path>C:\ti\ccs930\ccs\tools\compiler\ti-cgt-arm_18.12.4.LTS\lib\</path>
         <kind>archive</kind>
         <file>rtsv7M4_T_le_v4SPD16_eabi.lib</file>
         <name>autoinit.c.obj</name>
      </input_file>
      <input_file id="fl-c8">
         <path>C:\ti\ccs930\ccs\tools\compiler\ti-cgt-arm_18.12.4.LTS\lib\</path>
         <kind>archive</kind>
         <file>rtsv7M4_T_le_v4SPD16_eabi.lib</file>
         <name>pre_init.c.obj</name>
      </input_file>
      <input_file id="fl-c9">
         <path>C:\ti\ccs930\ccs\tools\compiler\ti-cgt-arm_18.12.4.LTS\lib\</path>
         <kind>archive</kind>
         <file>rtsv7M4_T_le_v4SPD16_eabi.lib</file>
         <name>cpy_tbl.c.obj</name>
      </input_file>
      <input_file id="fl-ca">
         <path>C:\ti\ccs930\ccs\tools\compiler\ti-cgt-arm_18.12.4.LTS\lib\</path>
         <kind>archive</kind>
         <file>rtsv7M4_T_le_v4SPD16_eabi.lib</file>
         <name>exit.c.obj</name>
      </input_file>
      <input_file id="fl-cb">
         <path>C:\ti\ccs930\ccs\tools\compiler\ti-cgt-arm_18.12.4.LTS\lib\</path>
         <kind>archive</kind>
         <file>rtsv7M4_T_le_v4SPD16_eabi.lib</file>
         <name>_lock.c.obj</name>
      </input_file>
      <input_file id="fl-cc">
         <path>C:\ti\ccs930\ccs\tools\compiler\ti-cgt-arm_18.12.4.LTS\lib\</path>
         <kind>archive</kind>
         <file>rtsv7M4_T_le_v4SPD16_eabi.lib</file>
         <name>args_main.c.obj</name>
      </input_file>
      <input_file id="fl-cd">
         <path>C:\ti\tivaware_c_series_2_1_4_178\driverlib\ccs\Debug\</path>
         <kind>archive</kind>
         <file>driverlib.lib</file>
         <name>can.obj</name>
      </input_file>
      <input_file id="fl-ce">
         <path>C:\ti\tivaware_c_series_2_1_4_178\driverlib\ccs\Debug\</path>
         <kind>archive</kind>
         <file>driverlib.lib</file>
         <name>gpio.obj</name>
      </input_file>
      <input_file id="fl-cf">
         <path>C:\ti\tivaware_c_series_2_1_4_178\driverlib\ccs\Debug\</path>
         <kind>archive</kind>
         <file>driverlib.lib</file>
         <name>i2c.obj</name>
      </input_file>
      <input_file id="fl-d0">
         <path>C:\ti\tivaware_c_series_2_1_4_178\driverlib\ccs\Debug\</path>
         <kind>archive</kind>
         <file>driverlib.lib</file>
         <name>interrupt.obj</name>
      </input_file>
      <input_file id="fl-d1">
         <path>C:\ti\tivaware_c_series_2_1_4_178\driverlib\ccs\Debug\</path>
         <kind>archive</kind>
         <file>driverlib.lib</file>
         <name>sysctl.obj</name>
      </input_file>
      <input_file id="fl-d2">
         <path>C:\ti\tivaware_c_series_2_1_4_178\driverlib\ccs\Debug\</path>
         <kind>archive</kind>
         <file>driverlib.lib</file>
         <name>uart.obj</name>
      </input_file>
      <input_file id="fl-d3">
         <path>C:\ti\tivaware_c_series_2_1_4_178\driverlib\ccs\Debug\</path>
         <kind>archive</kind>
         <file>driverlib.lib</file>
         <name>cpu.obj</name>
      </input_file>
   </input_file_list>
   <object_component_list>
      <object_component id="oc-f">
         <name>.intvecs</name>
         <load_address>0x0</load_address>
         <run_address>0x0</run_address>
         <size>0x26c</size>
         <input_file_ref idref="fl-3"/>
      </object_component>
      <object_component id="oc-1f3">
         <name>.text:UARTvprintf</name>
         <load_address>0x26c</load_address>
         <run_address>0x26c</run_address>
         <size>0x1ee</size>
         <input_file_ref idref="fl-4"/>
      </object_component>
      <object_component id="oc-1d3">
         <name>.text:CANMessageSet</name>
         <load_address>0x45a</load_address>
         <run_address>0x45a</run_address>
         <size>0x136</size>
         <input_file_ref idref="fl-cd"/>
      </object_component>
      <object_component id="oc-255">
         <name>.text:GPIOPadConfigSet</name>
         <load_address>0x590</load_address>
         <run_address>0x590</run_address>
         <size>0x132</size>
         <input_file_ref idref="fl-ce"/>
      </object_component>
      <object_component id="oc-30">
         <name>.text:FaultISR</name>
         <load_address>0x6c2</load_address>
         <run_address>0x6c2</run_address>
         <size>0x2</size>
         <input_file_ref idref="fl-3"/>
      </object_component>
      <object_component id="oc-1b5">
         <name>.text:SysCtlClockGet</name>
         <load_address>0x6c4</load_address>
         <run_address>0x6c4</run_address>
         <size>0x110</size>
         <input_file_ref idref="fl-d1"/>
      </object_component>
      <object_component id="oc-125">
         <name>.text:CANMessageGet</name>
         <load_address>0x7d4</load_address>
         <run_address>0x7d4</run_address>
         <size>0x10e</size>
         <input_file_ref idref="fl-cd"/>
      </object_component>
      <object_component id="oc-36">
         <name>.text:IntDefaultHandler</name>
         <load_address>0x8e2</load_address>
         <run_address>0x8e2</run_address>
         <size>0x2</size>
         <input_file_ref idref="fl-3"/>
      </object_component>
      <object_component id="oc-107">
         <name>.text:SysCtlClockSet</name>
         <load_address>0x8e4</load_address>
         <run_address>0x8e4</run_address>
         <size>0xf4</size>
         <input_file_ref idref="fl-d1"/>
      </object_component>
      <object_component id="oc-131">
         <name>.text:I2CMasterSend</name>
         <load_address>0x9d8</load_address>
         <run_address>0x9d8</run_address>
         <size>0xc8</size>
         <input_file_ref idref="fl-2"/>
      </object_component>
      <object_component id="oc-c9">
         <name>.text:main</name>
         <load_address>0xaa0</load_address>
         <run_address>0xaa0</run_address>
         <size>0xb0</size>
         <input_file_ref idref="fl-2"/>
      </object_component>
      <object_component id="oc-50">
         <name>.text</name>
         <load_address>0xb50</load_address>
         <run_address>0xb50</run_address>
         <size>0x9c</size>
         <input_file_ref idref="fl-c5"/>
      </object_component>
      <object_component id="oc-113">
         <name>.text:ConfigureCAN</name>
         <load_address>0xbec</load_address>
         <run_address>0xbec</run_address>
         <size>0x8c</size>
         <input_file_ref idref="fl-2"/>
      </object_component>
      <object_component id="oc-137">
         <name>.text:I2CMasterSendString</name>
         <load_address>0xc78</load_address>
         <run_address>0xc78</run_address>
         <size>0x8c</size>
         <input_file_ref idref="fl-2"/>
      </object_component>
      <object_component id="oc-1bb">
         <name>.text:CANBitRateSet</name>
         <load_address>0xd04</load_address>
         <run_address>0xd04</run_address>
         <size>0x6c</size>
         <input_file_ref idref="fl-cd"/>
      </object_component>
      <object_component id="oc-119">
         <name>.text:InitI2C0</name>
         <load_address>0xd70</load_address>
         <run_address>0xd70</run_address>
         <size>0x6c</size>
         <input_file_ref idref="fl-2"/>
      </object_component>
      <object_component id="oc-1c7">
         <name>.text:IntEnable</name>
         <load_address>0xddc</load_address>
         <run_address>0xddc</run_address>
         <size>0x68</size>
         <input_file_ref idref="fl-d0"/>
      </object_component>
      <object_component id="oc-12">
         <name>.text:decompress:lzss:__TI_decompress_lzss</name>
         <load_address>0xe44</load_address>
         <run_address>0xe44</run_address>
         <size>0x68</size>
         <input_file_ref idref="fl-c2"/>
      </object_component>
      <object_component id="oc-1a2">
         <name>.text:UARTStdioConfig</name>
         <load_address>0xeac</load_address>
         <run_address>0xeac</run_address>
         <size>0x60</size>
         <input_file_ref idref="fl-4"/>
      </object_component>
      <object_component id="oc-12b">
         <name>.text:PrintCANMsg</name>
         <load_address>0xf0c</load_address>
         <run_address>0xf0c</run_address>
         <size>0x52</size>
         <input_file_ref idref="fl-2"/>
      </object_component>
      <object_component id="oc-2a">
         <name>.text:NmiSR</name>
         <load_address>0xf5e</load_address>
         <run_address>0xf5e</run_address>
         <size>0x2</size>
         <input_file_ref idref="fl-3"/>
      </object_component>
      <object_component id="oc-3c">
         <name>.text:CANIntHandler</name>
         <load_address>0xf60</load_address>
         <run_address>0xf60</run_address>
         <size>0x50</size>
         <input_file_ref idref="fl-2"/>
      </object_component>
      <object_component id="oc-1da">
         <name>.text:SysCtlPeripheralReset</name>
         <load_address>0xfb0</load_address>
         <run_address>0xfb0</run_address>
         <size>0x50</size>
         <input_file_ref idref="fl-d1"/>
      </object_component>
      <object_component id="oc-10d">
         <name>.text:ConfigureUART</name>
         <load_address>0x1000</load_address>
         <run_address>0x1000</run_address>
         <size>0x4c</size>
         <input_file_ref idref="fl-2"/>
      </object_component>
      <object_component id="oc-1ec">
         <name>.text:I2CMasterInitExpClk</name>
         <load_address>0x104c</load_address>
         <run_address>0x104c</run_address>
         <size>0x4c</size>
         <input_file_ref idref="fl-cf"/>
      </object_component>
      <object_component id="oc-190">
         <name>.text:GPIOPinConfigure</name>
         <load_address>0x1098</load_address>
         <run_address>0x1098</run_address>
         <size>0x48</size>
         <input_file_ref idref="fl-ce"/>
      </object_component>
      <object_component id="oc-28e">
         <name>.text:UARTwrite</name>
         <load_address>0x10e0</load_address>
         <run_address>0x10e0</run_address>
         <size>0x48</size>
         <input_file_ref idref="fl-4"/>
      </object_component>
      <object_component id="oc-14c">
         <name>.text:__TI_auto_init_nobinit_nopinit:__TI_auto_init_nobinit_nopinit</name>
         <load_address>0x1128</load_address>
         <run_address>0x1128</run_address>
         <size>0x44</size>
         <input_file_ref idref="fl-c7"/>
      </object_component>
      <object_component id="oc-92">
         <name>.text:CANStatusGet</name>
         <load_address>0x116c</load_address>
         <run_address>0x116c</run_address>
         <size>0x40</size>
         <input_file_ref idref="fl-cd"/>
      </object_component>
      <object_component id="oc-294">
         <name>.text</name>
         <load_address>0x11ac</load_address>
         <run_address>0x11ac</run_address>
         <size>0x40</size>
         <input_file_ref idref="fl-bf"/>
      </object_component>
      <object_component id="oc-1af">
         <name>.text:CANInit</name>
         <load_address>0x11ec</load_address>
         <run_address>0x11ec</run_address>
         <size>0x3a</size>
         <input_file_ref idref="fl-cd"/>
      </object_component>
      <object_component id="oc-2df">
         <name>.text</name>
         <load_address>0x1226</load_address>
         <run_address>0x1226</run_address>
         <size>0x2</size>
         <input_file_ref idref="fl-c4"/>
      </object_component>
      <object_component id="oc-18a">
         <name>.text:SysCtlPeripheralEnable</name>
         <load_address>0x1228</load_address>
         <run_address>0x1228</run_address>
         <size>0x34</size>
         <input_file_ref idref="fl-d1"/>
      </object_component>
      <object_component id="oc-6e">
         <name>.text:_c_int00_noargs:_c_int00_noargs</name>
         <load_address>0x125c</load_address>
         <run_address>0x125c</run_address>
         <size>0x34</size>
         <input_file_ref idref="fl-c3"/>
      </object_component>
      <object_component id="oc-24f">
         <name>.text:GPIODirModeSet</name>
         <load_address>0x1290</load_address>
         <run_address>0x1290</run_address>
         <size>0x2a</size>
         <input_file_ref idref="fl-ce"/>
      </object_component>
      <object_component id="oc-200">
         <name>.text:_CANDataRegRead</name>
         <load_address>0x12ba</load_address>
         <run_address>0x12ba</run_address>
         <size>0x2a</size>
         <input_file_ref idref="fl-cd"/>
      </object_component>
      <object_component id="oc-27c">
         <name>.text:_CANDataRegWrite</name>
         <load_address>0x12e4</load_address>
         <run_address>0x12e4</run_address>
         <size>0x24</size>
         <input_file_ref idref="fl-cd"/>
      </object_component>
      <object_component id="oc-8c">
         <name>.text:CANIntClear</name>
         <load_address>0x1308</load_address>
         <run_address>0x1308</run_address>
         <size>0x22</size>
         <input_file_ref idref="fl-cd"/>
      </object_component>
      <object_component id="oc-86">
         <name>.text:CANIntStatus</name>
         <load_address>0x132a</load_address>
         <run_address>0x132a</run_address>
         <size>0x20</size>
         <input_file_ref idref="fl-cd"/>
      </object_component>
      <object_component id="oc-5c">
         <name>.text:decompress:ZI:__TI_zero_init_nomemset:__TI_zero_init_nomemset</name>
         <load_address>0x134a</load_address>
         <run_address>0x134a</run_address>
         <size>0x1c</size>
         <input_file_ref idref="fl-c0"/>
      </object_component>
      <object_component id="oc-11f">
         <name>.text:UARTprintf</name>
         <load_address>0x1366</load_address>
         <run_address>0x1366</run_address>
         <size>0x1a</size>
         <input_file_ref idref="fl-4"/>
      </object_component>
      <object_component id="oc-1a9">
         <name>.text:GPIOPinTypeCAN</name>
         <load_address>0x1380</load_address>
         <run_address>0x1380</run_address>
         <size>0x12</size>
         <input_file_ref idref="fl-ce"/>
      </object_component>
      <object_component id="oc-1e6">
         <name>.text:GPIOPinTypeI2C</name>
         <load_address>0x1392</load_address>
         <run_address>0x1392</run_address>
         <size>0x12</size>
         <input_file_ref idref="fl-ce"/>
      </object_component>
      <object_component id="oc-1e0">
         <name>.text:GPIOPinTypeI2CSCL</name>
         <load_address>0x13a4</load_address>
         <run_address>0x13a4</run_address>
         <size>0x12</size>
         <input_file_ref idref="fl-ce"/>
      </object_component>
      <object_component id="oc-196">
         <name>.text:GPIOPinTypeUART</name>
         <load_address>0x13b6</load_address>
         <run_address>0x13b6</run_address>
         <size>0x12</size>
         <input_file_ref idref="fl-ce"/>
      </object_component>
      <object_component id="oc-18">
         <name>.text:decompress:none:__TI_decompress_none</name>
         <load_address>0x13c8</load_address>
         <run_address>0x13c8</run_address>
         <size>0xe</size>
         <input_file_ref idref="fl-c1"/>
      </object_component>
      <object_component id="oc-1cd">
         <name>.text:CANEnable</name>
         <load_address>0x13d6</load_address>
         <run_address>0x13d6</run_address>
         <size>0xa</size>
         <input_file_ref idref="fl-cd"/>
      </object_component>
      <object_component id="oc-286">
         <name>.text:I2CMasterEnable</name>
         <load_address>0x13e0</load_address>
         <run_address>0x13e0</run_address>
         <size>0xa</size>
         <input_file_ref idref="fl-cf"/>
      </object_component>
      <object_component id="oc-1c1">
         <name>.text:CANIntEnable</name>
         <load_address>0x13ea</load_address>
         <run_address>0x13ea</run_address>
         <size>0x8</size>
         <input_file_ref idref="fl-cd"/>
      </object_component>
      <object_component id="oc-21a">
         <name>.text:I2CMasterBusy</name>
         <load_address>0x13f2</load_address>
         <run_address>0x13f2</run_address>
         <size>0x8</size>
         <input_file_ref idref="fl-cf"/>
      </object_component>
      <object_component id="oc-208">
         <name>.text:I2CMasterSlaveAddrSet</name>
         <load_address>0x13fa</load_address>
         <run_address>0x13fa</run_address>
         <size>0x8</size>
         <input_file_ref idref="fl-cf"/>
      </object_component>
      <object_component id="oc-24">
         <name>.text:ResetISR</name>
         <load_address>0x1402</load_address>
         <run_address>0x1402</run_address>
         <size>0x6</size>
         <input_file_ref idref="fl-3"/>
      </object_component>
      <object_component id="oc-187">
         <name>.text:SysCtlDelay</name>
         <load_address>0x1408</load_address>
         <run_address>0x1408</run_address>
         <size>0x6</size>
         <input_file_ref idref="fl-d1"/>
      </object_component>
      <object_component id="oc-19c">
         <name>.text:UARTClockSourceSet</name>
         <load_address>0x140e</load_address>
         <run_address>0x140e</run_address>
         <size>0x6</size>
         <input_file_ref idref="fl-d2"/>
      </object_component>
      <object_component id="oc-214">
         <name>.text:I2CMasterControl</name>
         <load_address>0x1414</load_address>
         <run_address>0x1414</run_address>
         <size>0x4</size>
         <input_file_ref idref="fl-cf"/>
      </object_component>
      <object_component id="oc-20e">
         <name>.text:I2CMasterDataPut</name>
         <load_address>0x1418</load_address>
         <run_address>0x1418</run_address>
         <size>0x4</size>
         <input_file_ref idref="fl-cf"/>
      </object_component>
      <object_component id="oc-c3">
         <name>.text:_system_pre_init</name>
         <load_address>0x141c</load_address>
         <run_address>0x141c</run_address>
         <size>0x4</size>
         <input_file_ref idref="fl-c8"/>
      </object_component>
      <object_component id="oc-140">
         <name>.text:abort:abort</name>
         <load_address>0x1420</load_address>
         <run_address>0x1420</run_address>
         <size>0x4</size>
         <input_file_ref idref="fl-ca"/>
      </object_component>
      <object_component id="oc-24a">
         <name>.const:g_pui32GPIOBaseAddrs</name>
         <load_address>0x1424</load_address>
         <run_address>0x1424</run_address>
         <size>0x90</size>
         <input_file_ref idref="fl-ce"/>
      </object_component>
      <object_component id="oc-276">
         <name>.const</name>
         <load_address>0x14b4</load_address>
         <run_address>0x14b4</run_address>
         <size>0x70</size>
         <input_file_ref idref="fl-d0"/>
      </object_component>
      <object_component id="oc-26d">
         <name>.const:g_pui32Xtals</name>
         <load_address>0x1524</load_address>
         <run_address>0x1524</run_address>
         <size>0x6c</size>
         <input_file_ref idref="fl-d1"/>
      </object_component>
      <object_component id="oc-271">
         <name>.const</name>
         <load_address>0x1590</load_address>
         <run_address>0x1590</run_address>
         <size>0x20</size>
         <input_file_ref idref="fl-cd"/>
      </object_component>
      <object_component id="oc-261">
         <name>.const:g_ui32UARTBase</name>
         <load_address>0x15b0</load_address>
         <run_address>0x15b0</run_address>
         <size>0xc</size>
         <input_file_ref idref="fl-4"/>
      </object_component>
      <object_component id="oc-25e">
         <name>.const:g_ui32UARTPeriph</name>
         <load_address>0x15bc</load_address>
         <run_address>0x15bc</run_address>
         <size>0xc</size>
         <input_file_ref idref="fl-4"/>
      </object_component>
      <object_component id="oc-31c">
         <name>__TI_handler_table</name>
         <load_address>0x15c8</load_address>
         <run_address>0x15c8</run_address>
         <size>0xc</size>
      </object_component>
      <object_component id="oc-31f">
         <name>.cinit..bss.load</name>
         <load_address>0x15d8</load_address>
         <run_address>0x15d8</run_address>
         <size>0x8</size>
      </object_component>
      <object_component id="oc-31e">
         <name>.cinit..data.load</name>
         <load_address>0x15e0</load_address>
         <run_address>0x15e0</run_address>
         <size>0x7</size>
      </object_component>
      <object_component id="oc-31d">
         <name>__TI_cinit_table</name>
         <load_address>0x15e8</load_address>
         <run_address>0x15e8</run_address>
         <size>0x10</size>
      </object_component>
      <object_component id="oc-98">
         <name>.data</name>
         <load_address>0x2000021c</load_address>
         <run_address>0x2000021c</run_address>
         <size>0x6</size>
         <input_file_ref idref="fl-2"/>
      </object_component>
      <object_component id="oc-264">
         <name>.data</name>
         <load_address>0x20000224</load_address>
         <run_address>0x20000224</run_address>
         <size>0x5</size>
         <input_file_ref idref="fl-4"/>
      </object_component>
      <object_component id="oc-13d">
         <name>.common:sCANMessage</name>
         <uninitialized>true</uninitialized>
         <run_address>0x20000200</run_address>
         <size>0x14</size>
      </object_component>
      <object_component id="oc-13e">
         <name>.common:pui8MsgData</name>
         <uninitialized>true</uninitialized>
         <run_address>0x20000214</run_address>
         <size>0x8</size>
      </object_component>
      <object_component id="oc-21">
         <name>.stack</name>
         <uninitialized>true</uninitialized>
         <run_address>0x20000000</run_address>
         <size>0x4</size>
         <input_file_ref idref="fl-c3"/>
      </object_component>
      <object_component id="oc-320">
         <name>.stack</name>
         <uninitialized>true</uninitialized>
         <run_address>0x20000000</run_address>
         <size>0x0</size>
      </object_component>
      <object_component id="oc-eb">
         <name>.debug_info</name>
         <load_address>0x0</load_address>
         <run_address>0x0</run_address>
         <size>0x8df</size>
         <input_file_ref idref="fl-2"/>
      </object_component>
      <object_component id="oc-99">
         <name>.debug_info</name>
         <load_address>0x8df</load_address>
         <run_address>0x8df</run_address>
         <size>0x12e</size>
         <input_file_ref idref="fl-2"/>
      </object_component>
      <object_component id="oc-10e">
         <name>.debug_info</name>
         <load_address>0xa0d</load_address>
         <run_address>0xa0d</run_address>
         <size>0x1c7</size>
         <input_file_ref idref="fl-2"/>
      </object_component>
      <object_component id="oc-114">
         <name>.debug_info</name>
         <load_address>0xbd4</load_address>
         <run_address>0xbd4</run_address>
         <size>0x213</size>
         <input_file_ref idref="fl-2"/>
      </object_component>
      <object_component id="oc-11a">
         <name>.debug_info</name>
         <load_address>0xde7</load_address>
         <run_address>0xde7</run_address>
         <size>0x1f0</size>
         <input_file_ref idref="fl-2"/>
      </object_component>
      <object_component id="oc-12c">
         <name>.debug_info</name>
         <load_address>0xfd7</load_address>
         <run_address>0xfd7</run_address>
         <size>0x157</size>
         <input_file_ref idref="fl-2"/>
      </object_component>
      <object_component id="oc-132">
         <name>.debug_info</name>
         <load_address>0x112e</load_address>
         <run_address>0x112e</run_address>
         <size>0x2a2</size>
         <input_file_ref idref="fl-2"/>
      </object_component>
      <object_component id="oc-138">
         <name>.debug_info</name>
         <load_address>0x13d0</load_address>
         <run_address>0x13d0</run_address>
         <size>0x297</size>
         <input_file_ref idref="fl-2"/>
      </object_component>
      <object_component id="oc-ca">
         <name>.debug_info</name>
         <load_address>0x1667</load_address>
         <run_address>0x1667</run_address>
         <size>0x1ca</size>
         <input_file_ref idref="fl-2"/>
      </object_component>
      <object_component id="oc-3d">
         <name>.debug_info</name>
         <load_address>0x1831</load_address>
         <run_address>0x1831</run_address>
         <size>0x16f</size>
         <input_file_ref idref="fl-2"/>
      </object_component>
      <object_component id="oc-182">
         <name>.debug_info</name>
         <load_address>0x19a0</load_address>
         <run_address>0x19a0</run_address>
         <size>0x1b3</size>
         <input_file_ref idref="fl-2"/>
      </object_component>
      <object_component id="oc-a3">
         <name>.debug_info</name>
         <load_address>0x1b53</load_address>
         <run_address>0x1b53</run_address>
         <size>0x26b</size>
         <input_file_ref idref="fl-2"/>
      </object_component>
      <object_component id="oc-f2">
         <name>.debug_info</name>
         <load_address>0x1dbe</load_address>
         <run_address>0x1dbe</run_address>
         <size>0x8b</size>
         <input_file_ref idref="fl-2"/>
      </object_component>
      <object_component id="oc-ed">
         <name>.debug_info</name>
         <load_address>0x1e49</load_address>
         <run_address>0x1e49</run_address>
         <size>0x297</size>
         <input_file_ref idref="fl-2"/>
      </object_component>
      <object_component id="oc-9c">
         <name>.debug_info</name>
         <load_address>0x20e0</load_address>
         <run_address>0x20e0</run_address>
         <size>0xbb</size>
         <input_file_ref idref="fl-2"/>
      </object_component>
      <object_component id="oc-1fb">
         <name>.debug_info</name>
         <load_address>0x219b</load_address>
         <run_address>0x219b</run_address>
         <size>0x2c</size>
         <input_file_ref idref="fl-2"/>
      </object_component>
      <object_component id="oc-44">
         <name>.debug_info</name>
         <load_address>0x21c7</load_address>
         <run_address>0x21c7</run_address>
         <size>0x2c6</size>
         <input_file_ref idref="fl-3"/>
      </object_component>
      <object_component id="oc-10">
         <name>.debug_info</name>
         <load_address>0x248d</load_address>
         <run_address>0x248d</run_address>
         <size>0xe3</size>
         <input_file_ref idref="fl-3"/>
      </object_component>
      <object_component id="oc-25">
         <name>.debug_info</name>
         <load_address>0x2570</load_address>
         <run_address>0x2570</run_address>
         <size>0x113</size>
         <input_file_ref idref="fl-3"/>
      </object_component>
      <object_component id="oc-2d">
         <name>.debug_info</name>
         <load_address>0x2683</load_address>
         <run_address>0x2683</run_address>
         <size>0x102</size>
         <input_file_ref idref="fl-3"/>
      </object_component>
      <object_component id="oc-37">
         <name>.debug_info</name>
         <load_address>0x2785</load_address>
         <run_address>0x2785</run_address>
         <size>0x11c</size>
         <input_file_ref idref="fl-3"/>
      </object_component>
      <object_component id="oc-31">
         <name>.debug_info</name>
         <load_address>0x28a1</load_address>
         <run_address>0x28a1</run_address>
         <size>0x10a</size>
         <input_file_ref idref="fl-3"/>
      </object_component>
      <object_component id="oc-4b">
         <name>.debug_info</name>
         <load_address>0x29ab</load_address>
         <run_address>0x29ab</run_address>
         <size>0x84</size>
         <input_file_ref idref="fl-3"/>
      </object_component>
      <object_component id="oc-1fa">
         <name>.debug_info</name>
         <load_address>0x2a2f</load_address>
         <run_address>0x2a2f</run_address>
         <size>0x2c0</size>
         <input_file_ref idref="fl-4"/>
      </object_component>
      <object_component id="oc-265">
         <name>.debug_info</name>
         <load_address>0x2cef</load_address>
         <run_address>0x2cef</run_address>
         <size>0x101</size>
         <input_file_ref idref="fl-4"/>
      </object_component>
      <object_component id="oc-262">
         <name>.debug_info</name>
         <load_address>0x2df0</load_address>
         <run_address>0x2df0</run_address>
         <size>0x109</size>
         <input_file_ref idref="fl-4"/>
      </object_component>
      <object_component id="oc-25f">
         <name>.debug_info</name>
         <load_address>0x2ef9</load_address>
         <run_address>0x2ef9</run_address>
         <size>0x10d</size>
         <input_file_ref idref="fl-4"/>
      </object_component>
      <object_component id="oc-28f">
         <name>.debug_info</name>
         <load_address>0x3006</load_address>
         <run_address>0x3006</run_address>
         <size>0x1f8</size>
         <input_file_ref idref="fl-4"/>
      </object_component>
      <object_component id="oc-1f4">
         <name>.debug_info</name>
         <load_address>0x31fe</load_address>
         <run_address>0x31fe</run_address>
         <size>0x32a</size>
         <input_file_ref idref="fl-4"/>
      </object_component>
      <object_component id="oc-120">
         <name>.debug_info</name>
         <load_address>0x3528</load_address>
         <run_address>0x3528</run_address>
         <size>0x1c5</size>
         <input_file_ref idref="fl-4"/>
      </object_component>
      <object_component id="oc-267">
         <name>.debug_info</name>
         <load_address>0x36ed</load_address>
         <run_address>0x36ed</run_address>
         <size>0x243</size>
         <input_file_ref idref="fl-4"/>
      </object_component>
      <object_component id="oc-1a3">
         <name>.debug_info</name>
         <load_address>0x3930</load_address>
         <run_address>0x3930</run_address>
         <size>0x25b</size>
         <input_file_ref idref="fl-4"/>
      </object_component>
      <object_component id="oc-296">
         <name>.debug_info</name>
         <load_address>0x3b8b</load_address>
         <run_address>0x3b8b</run_address>
         <size>0x141</size>
         <input_file_ref idref="fl-bf"/>
      </object_component>
      <object_component id="oc-bc">
         <name>.debug_info</name>
         <load_address>0x3ccc</load_address>
         <run_address>0x3ccc</run_address>
         <size>0x2d3</size>
         <input_file_ref idref="fl-c0"/>
      </object_component>
      <object_component id="oc-5f">
         <name>.debug_info</name>
         <load_address>0x3f9f</load_address>
         <run_address>0x3f9f</run_address>
         <size>0x1d1</size>
         <input_file_ref idref="fl-c0"/>
      </object_component>
      <object_component id="oc-b7">
         <name>.debug_info</name>
         <load_address>0x4170</load_address>
         <run_address>0x4170</run_address>
         <size>0x46</size>
         <input_file_ref idref="fl-c0"/>
      </object_component>
      <object_component id="oc-fe">
         <name>.debug_info</name>
         <load_address>0x41b6</load_address>
         <run_address>0x41b6</run_address>
         <size>0x2c</size>
         <input_file_ref idref="fl-c0"/>
      </object_component>
      <object_component id="oc-5b">
         <name>.debug_info</name>
         <load_address>0x41e2</load_address>
         <run_address>0x41e2</run_address>
         <size>0x2a7</size>
         <input_file_ref idref="fl-c1"/>
      </object_component>
      <object_component id="oc-1a">
         <name>.debug_info</name>
         <load_address>0x4489</load_address>
         <run_address>0x4489</run_address>
         <size>0x1e9</size>
         <input_file_ref idref="fl-c1"/>
      </object_component>
      <object_component id="oc-56">
         <name>.debug_info</name>
         <load_address>0x4672</load_address>
         <run_address>0x4672</run_address>
         <size>0x46</size>
         <input_file_ref idref="fl-c1"/>
      </object_component>
      <object_component id="oc-af">
         <name>.debug_info</name>
         <load_address>0x46b8</load_address>
         <run_address>0x46b8</run_address>
         <size>0x2c</size>
         <input_file_ref idref="fl-c1"/>
      </object_component>
      <object_component id="oc-ad">
         <name>.debug_info</name>
         <load_address>0x46e4</load_address>
         <run_address>0x46e4</run_address>
         <size>0x29d</size>
         <input_file_ref idref="fl-c2"/>
      </object_component>
      <object_component id="oc-15">
         <name>.debug_info</name>
         <load_address>0x4981</load_address>
         <run_address>0x4981</run_address>
         <size>0x24f</size>
         <input_file_ref idref="fl-c2"/>
      </object_component>
      <object_component id="oc-46">
         <name>.debug_info</name>
         <load_address>0x4bd0</load_address>
         <run_address>0x4bd0</run_address>
         <size>0x60</size>
         <input_file_ref idref="fl-c2"/>
      </object_component>
      <object_component id="oc-f7">
         <name>.debug_info</name>
         <load_address>0x4c30</load_address>
         <run_address>0x4c30</run_address>
         <size>0x46</size>
         <input_file_ref idref="fl-c2"/>
      </object_component>
      <object_component id="oc-a8">
         <name>.debug_info</name>
         <load_address>0x4c76</load_address>
         <run_address>0x4c76</run_address>
         <size>0x39</size>
         <input_file_ref idref="fl-c2"/>
      </object_component>
      <object_component id="oc-22">
         <name>.debug_info</name>
         <load_address>0x4caf</load_address>
         <run_address>0x4caf</run_address>
         <size>0x10a</size>
         <input_file_ref idref="fl-c3"/>
      </object_component>
      <object_component id="oc-70">
         <name>.debug_info</name>
         <load_address>0x4db9</load_address>
         <run_address>0x4db9</run_address>
         <size>0x1a8</size>
         <input_file_ref idref="fl-c3"/>
      </object_component>
      <object_component id="oc-2e2">
         <name>.debug_info</name>
         <load_address>0x4f61</load_address>
         <run_address>0x4f61</run_address>
         <size>0x114</size>
         <input_file_ref idref="fl-c4"/>
      </object_component>
      <object_component id="oc-51">
         <name>.debug_info</name>
         <load_address>0x5075</load_address>
         <run_address>0x5075</run_address>
         <size>0x118</size>
         <input_file_ref idref="fl-c5"/>
      </object_component>
      <object_component id="oc-22d">
         <name>.debug_info</name>
         <load_address>0x518d</load_address>
         <run_address>0x518d</run_address>
         <size>0x4b2</size>
         <input_file_ref idref="fl-c7"/>
      </object_component>
      <object_component id="oc-14f">
         <name>.debug_info</name>
         <load_address>0x563f</load_address>
         <run_address>0x563f</run_address>
         <size>0x1a5</size>
         <input_file_ref idref="fl-c7"/>
      </object_component>
      <object_component id="oc-2b1">
         <name>.debug_info</name>
         <load_address>0x57e4</load_address>
         <run_address>0x57e4</run_address>
         <size>0x39</size>
         <input_file_ref idref="fl-c7"/>
      </object_component>
      <object_component id="oc-2e8">
         <name>.debug_info</name>
         <load_address>0x581d</load_address>
         <run_address>0x581d</run_address>
         <size>0x39</size>
         <input_file_ref idref="fl-c7"/>
      </object_component>
      <object_component id="oc-2b6">
         <name>.debug_info</name>
         <load_address>0x5856</load_address>
         <run_address>0x5856</run_address>
         <size>0x39</size>
         <input_file_ref idref="fl-c7"/>
      </object_component>
      <object_component id="oc-2bb">
         <name>.debug_info</name>
         <load_address>0x588f</load_address>
         <run_address>0x588f</run_address>
         <size>0xcd</size>
         <input_file_ref idref="fl-c7"/>
      </object_component>
      <object_component id="oc-c6">
         <name>.debug_info</name>
         <load_address>0x595c</load_address>
         <run_address>0x595c</run_address>
         <size>0x152</size>
         <input_file_ref idref="fl-c8"/>
      </object_component>
      <object_component id="oc-142">
         <name>.debug_info</name>
         <load_address>0x5aae</load_address>
         <run_address>0x5aae</run_address>
         <size>0x121</size>
         <input_file_ref idref="fl-ca"/>
      </object_component>
      <object_component id="oc-e6">
         <name>.debug_info</name>
         <load_address>0x5bcf</load_address>
         <run_address>0x5bcf</run_address>
         <size>0x227</size>
         <input_file_ref idref="fl-cd"/>
      </object_component>
      <object_component id="oc-272">
         <name>.debug_info</name>
         <load_address>0x5df6</load_address>
         <run_address>0x5df6</run_address>
         <size>0x156</size>
         <input_file_ref idref="fl-cd"/>
      </object_component>
      <object_component id="oc-93">
         <name>.debug_info</name>
         <load_address>0x5f4c</load_address>
         <run_address>0x5f4c</run_address>
         <size>0x286</size>
         <input_file_ref idref="fl-cd"/>
      </object_component>
      <object_component id="oc-27d">
         <name>.debug_info</name>
         <load_address>0x61d2</load_address>
         <run_address>0x61d2</run_address>
         <size>0x2dd</size>
         <input_file_ref idref="fl-cd"/>
      </object_component>
      <object_component id="oc-1d4">
         <name>.debug_info</name>
         <load_address>0x64af</load_address>
         <run_address>0x64af</run_address>
         <size>0x413</size>
         <input_file_ref idref="fl-cd"/>
      </object_component>
      <object_component id="oc-201">
         <name>.debug_info</name>
         <load_address>0x68c2</load_address>
         <run_address>0x68c2</run_address>
         <size>0x2de</size>
         <input_file_ref idref="fl-cd"/>
      </object_component>
      <object_component id="oc-126">
         <name>.debug_info</name>
         <load_address>0x6ba0</load_address>
         <run_address>0x6ba0</run_address>
         <size>0x3e8</size>
         <input_file_ref idref="fl-cd"/>
      </object_component>
      <object_component id="oc-87">
         <name>.debug_info</name>
         <load_address>0x6f88</load_address>
         <run_address>0x6f88</run_address>
         <size>0x28c</size>
         <input_file_ref idref="fl-cd"/>
      </object_component>
      <object_component id="oc-1c2">
         <name>.debug_info</name>
         <load_address>0x7214</load_address>
         <run_address>0x7214</run_address>
         <size>0x28a</size>
         <input_file_ref idref="fl-cd"/>
      </object_component>
      <object_component id="oc-8d">
         <name>.debug_info</name>
         <load_address>0x749e</load_address>
         <run_address>0x749e</run_address>
         <size>0x286</size>
         <input_file_ref idref="fl-cd"/>
      </object_component>
      <object_component id="oc-1b0">
         <name>.debug_info</name>
         <load_address>0x7724</load_address>
         <run_address>0x7724</run_address>
         <size>0x26c</size>
         <input_file_ref idref="fl-cd"/>
      </object_component>
      <object_component id="oc-1ce">
         <name>.debug_info</name>
         <load_address>0x7990</load_address>
         <run_address>0x7990</run_address>
         <size>0x242</size>
         <input_file_ref idref="fl-cd"/>
      </object_component>
      <object_component id="oc-1bc">
         <name>.debug_info</name>
         <load_address>0x7bd2</load_address>
         <run_address>0x7bd2</run_address>
         <size>0x360</size>
         <input_file_ref idref="fl-cd"/>
      </object_component>
      <object_component id="oc-e1">
         <name>.debug_info</name>
         <load_address>0x7f32</load_address>
         <run_address>0x7f32</run_address>
         <size>0x1b3</size>
         <input_file_ref idref="fl-cd"/>
      </object_component>
      <object_component id="oc-dc">
         <name>.debug_info</name>
         <load_address>0x80e5</load_address>
         <run_address>0x80e5</run_address>
         <size>0x18b</size>
         <input_file_ref idref="fl-cd"/>
      </object_component>
      <object_component id="oc-24e">
         <name>.debug_info</name>
         <load_address>0x8270</load_address>
         <run_address>0x8270</run_address>
         <size>0x240</size>
         <input_file_ref idref="fl-ce"/>
      </object_component>
      <object_component id="oc-24b">
         <name>.debug_info</name>
         <load_address>0x84b0</load_address>
         <run_address>0x84b0</run_address>
         <size>0x15b</size>
         <input_file_ref idref="fl-ce"/>
      </object_component>
      <object_component id="oc-250">
         <name>.debug_info</name>
         <load_address>0x860b</load_address>
         <run_address>0x860b</run_address>
         <size>0x2b3</size>
         <input_file_ref idref="fl-ce"/>
      </object_component>
      <object_component id="oc-256">
         <name>.debug_info</name>
         <load_address>0x88be</load_address>
         <run_address>0x88be</run_address>
         <size>0x316</size>
         <input_file_ref idref="fl-ce"/>
      </object_component>
      <object_component id="oc-197">
         <name>.debug_info</name>
         <load_address>0x8bd4</load_address>
         <run_address>0x8bd4</run_address>
         <size>0x27b</size>
         <input_file_ref idref="fl-ce"/>
      </object_component>
      <object_component id="oc-1e1">
         <name>.debug_info</name>
         <load_address>0x8e4f</load_address>
         <run_address>0x8e4f</run_address>
         <size>0x27f</size>
         <input_file_ref idref="fl-ce"/>
      </object_component>
      <object_component id="oc-1e7">
         <name>.debug_info</name>
         <load_address>0x90ce</load_address>
         <run_address>0x90ce</run_address>
         <size>0x279</size>
         <input_file_ref idref="fl-ce"/>
      </object_component>
      <object_component id="oc-1aa">
         <name>.debug_info</name>
         <load_address>0x9347</load_address>
         <run_address>0x9347</run_address>
         <size>0x279</size>
         <input_file_ref idref="fl-ce"/>
      </object_component>
      <object_component id="oc-191">
         <name>.debug_info</name>
         <load_address>0x95c0</load_address>
         <run_address>0x95c0</run_address>
         <size>0x280</size>
         <input_file_ref idref="fl-ce"/>
      </object_component>
      <object_component id="oc-28d">
         <name>.debug_info</name>
         <load_address>0x9840</load_address>
         <run_address>0x9840</run_address>
         <size>0x231</size>
         <input_file_ref idref="fl-cf"/>
      </object_component>
      <object_component id="oc-209">
         <name>.debug_info</name>
         <load_address>0x9a71</load_address>
         <run_address>0x9a71</run_address>
         <size>0x2ce</size>
         <input_file_ref idref="fl-cf"/>
      </object_component>
      <object_component id="oc-287">
         <name>.debug_info</name>
         <load_address>0x9d3f</load_address>
         <run_address>0x9d3f</run_address>
         <size>0x24e</size>
         <input_file_ref idref="fl-cf"/>
      </object_component>
      <object_component id="oc-1ed">
         <name>.debug_info</name>
         <load_address>0x9f8d</load_address>
         <run_address>0x9f8d</run_address>
         <size>0x2d5</size>
         <input_file_ref idref="fl-cf"/>
      </object_component>
      <object_component id="oc-20f">
         <name>.debug_info</name>
         <load_address>0xa262</load_address>
         <run_address>0xa262</run_address>
         <size>0x27e</size>
         <input_file_ref idref="fl-cf"/>
      </object_component>
      <object_component id="oc-215">
         <name>.debug_info</name>
         <load_address>0xa4e0</load_address>
         <run_address>0xa4e0</run_address>
         <size>0x27e</size>
         <input_file_ref idref="fl-cf"/>
      </object_component>
      <object_component id="oc-21b">
         <name>.debug_info</name>
         <load_address>0xa75e</load_address>
         <run_address>0xa75e</run_address>
         <size>0x24e</size>
         <input_file_ref idref="fl-cf"/>
      </object_component>
      <object_component id="oc-27a">
         <name>.debug_info</name>
         <load_address>0xa9ac</load_address>
         <run_address>0xa9ac</run_address>
         <size>0x20e</size>
         <input_file_ref idref="fl-d0"/>
      </object_component>
      <object_component id="oc-277">
         <name>.debug_info</name>
         <load_address>0xabba</load_address>
         <run_address>0xabba</run_address>
         <size>0x210</size>
         <input_file_ref idref="fl-d0"/>
      </object_component>
      <object_component id="oc-1c8">
         <name>.debug_info</name>
         <load_address>0xadca</load_address>
         <run_address>0xadca</run_address>
         <size>0x268</size>
         <input_file_ref idref="fl-d0"/>
      </object_component>
      <object_component id="oc-189">
         <name>.debug_info</name>
         <load_address>0xb032</load_address>
         <run_address>0xb032</run_address>
         <size>0x298</size>
         <input_file_ref idref="fl-d1"/>
      </object_component>
      <object_component id="oc-26e">
         <name>.debug_info</name>
         <load_address>0xb2ca</load_address>
         <run_address>0xb2ca</run_address>
         <size>0x14d</size>
         <input_file_ref idref="fl-d1"/>
      </object_component>
      <object_component id="oc-1db">
         <name>.debug_info</name>
         <load_address>0xb417</load_address>
         <run_address>0xb417</run_address>
         <size>0x295</size>
         <input_file_ref idref="fl-d1"/>
      </object_component>
      <object_component id="oc-18b">
         <name>.debug_info</name>
         <load_address>0xb6ac</load_address>
         <run_address>0xb6ac</run_address>
         <size>0x27d</size>
         <input_file_ref idref="fl-d1"/>
      </object_component>
      <object_component id="oc-108">
         <name>.debug_info</name>
         <load_address>0xb929</load_address>
         <run_address>0xb929</run_address>
         <size>0x2db</size>
         <input_file_ref idref="fl-d1"/>
      </object_component>
      <object_component id="oc-1b6">
         <name>.debug_info</name>
         <load_address>0xbc04</load_address>
         <run_address>0xbc04</run_address>
         <size>0x2b5</size>
         <input_file_ref idref="fl-d1"/>
      </object_component>
      <object_component id="oc-244">
         <name>.debug_info</name>
         <load_address>0xbeb9</load_address>
         <run_address>0xbeb9</run_address>
         <size>0x5f</size>
         <input_file_ref idref="fl-d1"/>
      </object_component>
      <object_component id="oc-25d">
         <name>.debug_info</name>
         <load_address>0xbf18</load_address>
         <run_address>0xbf18</run_address>
         <size>0x227</size>
         <input_file_ref idref="fl-d2"/>
      </object_component>
      <object_component id="oc-19d">
         <name>.debug_info</name>
         <load_address>0xc13f</load_address>
         <run_address>0xc13f</run_address>
         <size>0x291</size>
         <input_file_ref idref="fl-d2"/>
      </object_component>
      <object_component id="oc-321">
         <name>.debug_info</name>
         <load_address>0xc3d0</load_address>
         <run_address>0xc3d0</run_address>
         <size>0xa3</size>
      </object_component>
      <object_component id="oc-181">
         <name>.debug_line</name>
         <load_address>0x0</load_address>
         <run_address>0x0</run_address>
         <size>0x1b3</size>
         <input_file_ref idref="fl-2"/>
      </object_component>
      <object_component id="oc-ea">
         <name>.debug_line</name>
         <load_address>0x1b3</load_address>
         <run_address>0x1b3</run_address>
         <size>0x33</size>
         <input_file_ref idref="fl-2"/>
      </object_component>
      <object_component id="oc-111">
         <name>.debug_line</name>
         <load_address>0x1e6</load_address>
         <run_address>0x1e6</run_address>
         <size>0x4e</size>
         <input_file_ref idref="fl-2"/>
      </object_component>
      <object_component id="oc-117">
         <name>.debug_line</name>
         <load_address>0x234</load_address>
         <run_address>0x234</run_address>
         <size>0x62</size>
         <input_file_ref idref="fl-2"/>
      </object_component>
      <object_component id="oc-11e">
         <name>.debug_line</name>
         <load_address>0x296</load_address>
         <run_address>0x296</run_address>
         <size>0x52</size>
         <input_file_ref idref="fl-2"/>
      </object_component>
      <object_component id="oc-130">
         <name>.debug_line</name>
         <load_address>0x2e8</load_address>
         <run_address>0x2e8</run_address>
         <size>0x4e</size>
         <input_file_ref idref="fl-2"/>
      </object_component>
      <object_component id="oc-135">
         <name>.debug_line</name>
         <load_address>0x336</load_address>
         <run_address>0x336</run_address>
         <size>0x7c</size>
         <input_file_ref idref="fl-2"/>
      </object_component>
      <object_component id="oc-13c">
         <name>.debug_line</name>
         <load_address>0x3b2</load_address>
         <run_address>0x3b2</run_address>
         <size>0x87</size>
         <input_file_ref idref="fl-2"/>
      </object_component>
      <object_component id="oc-ce">
         <name>.debug_line</name>
         <load_address>0x439</load_address>
         <run_address>0x439</run_address>
         <size>0x62</size>
         <input_file_ref idref="fl-2"/>
      </object_component>
      <object_component id="oc-40">
         <name>.debug_line</name>
         <load_address>0x49b</load_address>
         <run_address>0x49b</run_address>
         <size>0x65</size>
         <input_file_ref idref="fl-2"/>
      </object_component>
      <object_component id="oc-185">
         <name>.debug_line</name>
         <load_address>0x500</load_address>
         <run_address>0x500</run_address>
         <size>0x55</size>
         <input_file_ref idref="fl-2"/>
      </object_component>
      <object_component id="oc-a6">
         <name>.debug_line</name>
         <load_address>0x555</load_address>
         <run_address>0x555</run_address>
         <size>0x6f</size>
         <input_file_ref idref="fl-2"/>
      </object_component>
      <object_component id="oc-f5">
         <name>.debug_line</name>
         <load_address>0x5c4</load_address>
         <run_address>0x5c4</run_address>
         <size>0x20</size>
         <input_file_ref idref="fl-2"/>
      </object_component>
      <object_component id="oc-f0">
         <name>.debug_line</name>
         <load_address>0x5e4</load_address>
         <run_address>0x5e4</run_address>
         <size>0x73</size>
         <input_file_ref idref="fl-2"/>
      </object_component>
      <object_component id="oc-9f">
         <name>.debug_line</name>
         <load_address>0x657</load_address>
         <run_address>0x657</run_address>
         <size>0x70</size>
         <input_file_ref idref="fl-2"/>
      </object_component>
      <object_component id="oc-1fe">
         <name>.debug_line</name>
         <load_address>0x6c7</load_address>
         <run_address>0x6c7</run_address>
         <size>0x6b</size>
         <input_file_ref idref="fl-2"/>
      </object_component>
      <object_component id="oc-a2">
         <name>.debug_line</name>
         <load_address>0x732</load_address>
         <run_address>0x732</run_address>
         <size>0x34</size>
         <input_file_ref idref="fl-3"/>
      </object_component>
      <object_component id="oc-43">
         <name>.debug_line</name>
         <load_address>0x766</load_address>
         <run_address>0x766</run_address>
         <size>0x34</size>
         <input_file_ref idref="fl-3"/>
      </object_component>
      <object_component id="oc-28">
         <name>.debug_line</name>
         <load_address>0x79a</load_address>
         <run_address>0x79a</run_address>
         <size>0x46</size>
         <input_file_ref idref="fl-3"/>
      </object_component>
      <object_component id="oc-2f">
         <name>.debug_line</name>
         <load_address>0x7e0</load_address>
         <run_address>0x7e0</run_address>
         <size>0x49</size>
         <input_file_ref idref="fl-3"/>
      </object_component>
      <object_component id="oc-3a">
         <name>.debug_line</name>
         <load_address>0x829</load_address>
         <run_address>0x829</run_address>
         <size>0x49</size>
         <input_file_ref idref="fl-3"/>
      </object_component>
      <object_component id="oc-35">
         <name>.debug_line</name>
         <load_address>0x872</load_address>
         <run_address>0x872</run_address>
         <size>0x49</size>
         <input_file_ref idref="fl-3"/>
      </object_component>
      <object_component id="oc-4e">
         <name>.debug_line</name>
         <load_address>0x8bb</load_address>
         <run_address>0x8bb</run_address>
         <size>0x20</size>
         <input_file_ref idref="fl-3"/>
      </object_component>
      <object_component id="oc-29b">
         <name>.debug_line</name>
         <load_address>0x8db</load_address>
         <run_address>0x8db</run_address>
         <size>0x20</size>
         <input_file_ref idref="fl-4"/>
      </object_component>
      <object_component id="oc-2cf">
         <name>.debug_line</name>
         <load_address>0x8fb</load_address>
         <run_address>0x8fb</run_address>
         <size>0x57</size>
         <input_file_ref idref="fl-4"/>
      </object_component>
      <object_component id="oc-2cd">
         <name>.debug_line</name>
         <load_address>0x952</load_address>
         <run_address>0x952</run_address>
         <size>0x57</size>
         <input_file_ref idref="fl-4"/>
      </object_component>
      <object_component id="oc-2cb">
         <name>.debug_line</name>
         <load_address>0x9a9</load_address>
         <run_address>0x9a9</run_address>
         <size>0x57</size>
         <input_file_ref idref="fl-4"/>
      </object_component>
      <object_component id="oc-293">
         <name>.debug_line</name>
         <load_address>0xa00</load_address>
         <run_address>0xa00</run_address>
         <size>0x87</size>
         <input_file_ref idref="fl-4"/>
      </object_component>
      <object_component id="oc-1f7">
         <name>.debug_line</name>
         <load_address>0xa87</load_address>
         <run_address>0xa87</run_address>
         <size>0x186</size>
         <input_file_ref idref="fl-4"/>
      </object_component>
      <object_component id="oc-123">
         <name>.debug_line</name>
         <load_address>0xc0d</load_address>
         <run_address>0xc0d</run_address>
         <size>0x6e</size>
         <input_file_ref idref="fl-4"/>
      </object_component>
      <object_component id="oc-2d1">
         <name>.debug_line</name>
         <load_address>0xc7b</load_address>
         <run_address>0xc7b</run_address>
         <size>0xb2</size>
         <input_file_ref idref="fl-4"/>
      </object_component>
      <object_component id="oc-1a7">
         <name>.debug_line</name>
         <load_address>0xd2d</load_address>
         <run_address>0xd2d</run_address>
         <size>0x78</size>
         <input_file_ref idref="fl-4"/>
      </object_component>
      <object_component id="oc-295">
         <name>.debug_line</name>
         <load_address>0xda5</load_address>
         <run_address>0xda5</run_address>
         <size>0x5b</size>
         <input_file_ref idref="fl-bf"/>
      </object_component>
      <object_component id="oc-104">
         <name>.debug_line</name>
         <load_address>0xe00</load_address>
         <run_address>0xe00</run_address>
         <size>0x90</size>
         <input_file_ref idref="fl-c0"/>
      </object_component>
      <object_component id="oc-61">
         <name>.debug_line</name>
         <load_address>0xe90</load_address>
         <run_address>0xe90</run_address>
         <size>0x56</size>
         <input_file_ref idref="fl-c0"/>
      </object_component>
      <object_component id="oc-ba">
         <name>.debug_line</name>
         <load_address>0xee6</load_address>
         <run_address>0xee6</run_address>
         <size>0x34</size>
         <input_file_ref idref="fl-c0"/>
      </object_component>
      <object_component id="oc-101">
         <name>.debug_line</name>
         <load_address>0xf1a</load_address>
         <run_address>0xf1a</run_address>
         <size>0x90</size>
         <input_file_ref idref="fl-c0"/>
      </object_component>
      <object_component id="oc-b5">
         <name>.debug_line</name>
         <load_address>0xfaa</load_address>
         <run_address>0xfaa</run_address>
         <size>0x20</size>
         <input_file_ref idref="fl-c1"/>
      </object_component>
      <object_component id="oc-1d">
         <name>.debug_line</name>
         <load_address>0xfca</load_address>
         <run_address>0xfca</run_address>
         <size>0x55</size>
         <input_file_ref idref="fl-c1"/>
      </object_component>
      <object_component id="oc-59">
         <name>.debug_line</name>
         <load_address>0x101f</load_address>
         <run_address>0x101f</run_address>
         <size>0x3a</size>
         <input_file_ref idref="fl-c1"/>
      </object_component>
      <object_component id="oc-b2">
         <name>.debug_line</name>
         <load_address>0x1059</load_address>
         <run_address>0x1059</run_address>
         <size>0x90</size>
         <input_file_ref idref="fl-c1"/>
      </object_component>
      <object_component id="oc-fd">
         <name>.debug_line</name>
         <load_address>0x10e9</load_address>
         <run_address>0x10e9</run_address>
         <size>0x20</size>
         <input_file_ref idref="fl-c2"/>
      </object_component>
      <object_component id="oc-17">
         <name>.debug_line</name>
         <load_address>0x1109</load_address>
         <run_address>0x1109</run_address>
         <size>0xa9</size>
         <input_file_ref idref="fl-c2"/>
      </object_component>
      <object_component id="oc-49">
         <name>.debug_line</name>
         <load_address>0x11b2</load_address>
         <run_address>0x11b2</run_address>
         <size>0x3a</size>
         <input_file_ref idref="fl-c2"/>
      </object_component>
      <object_component id="oc-fa">
         <name>.debug_line</name>
         <load_address>0x11ec</load_address>
         <run_address>0x11ec</run_address>
         <size>0x98</size>
         <input_file_ref idref="fl-c2"/>
      </object_component>
      <object_component id="oc-ab">
         <name>.debug_line</name>
         <load_address>0x1284</load_address>
         <run_address>0x1284</run_address>
         <size>0x94</size>
         <input_file_ref idref="fl-c2"/>
      </object_component>
      <object_component id="oc-81">
         <name>.debug_line</name>
         <load_address>0x1318</load_address>
         <run_address>0x1318</run_address>
         <size>0x33</size>
         <input_file_ref idref="fl-c3"/>
      </object_component>
      <object_component id="oc-72">
         <name>.debug_line</name>
         <load_address>0x134b</load_address>
         <run_address>0x134b</run_address>
         <size>0x45</size>
         <input_file_ref idref="fl-c3"/>
      </object_component>
      <object_component id="oc-2e0">
         <name>.debug_line</name>
         <load_address>0x1390</load_address>
         <run_address>0x1390</run_address>
         <size>0x37</size>
         <input_file_ref idref="fl-c4"/>
      </object_component>
      <object_component id="oc-54">
         <name>.debug_line</name>
         <load_address>0x13c7</load_address>
         <run_address>0x13c7</run_address>
         <size>0x88</size>
         <input_file_ref idref="fl-c5"/>
      </object_component>
      <object_component id="oc-2b0">
         <name>.debug_line</name>
         <load_address>0x144f</load_address>
         <run_address>0x144f</run_address>
         <size>0xbd</size>
         <input_file_ref idref="fl-c7"/>
      </object_component>
      <object_component id="oc-14e">
         <name>.debug_line</name>
         <load_address>0x150c</load_address>
         <run_address>0x150c</run_address>
         <size>0x6f</size>
         <input_file_ref idref="fl-c7"/>
      </object_component>
      <object_component id="oc-2b4">
         <name>.debug_line</name>
         <load_address>0x157b</load_address>
         <run_address>0x157b</run_address>
         <size>0x2e</size>
         <input_file_ref idref="fl-c7"/>
      </object_component>
      <object_component id="oc-2eb">
         <name>.debug_line</name>
         <load_address>0x15a9</load_address>
         <run_address>0x15a9</run_address>
         <size>0x98</size>
         <input_file_ref idref="fl-c7"/>
      </object_component>
      <object_component id="oc-2b9">
         <name>.debug_line</name>
         <load_address>0x1641</load_address>
         <run_address>0x1641</run_address>
         <size>0x95</size>
         <input_file_ref idref="fl-c7"/>
      </object_component>
      <object_component id="oc-2be">
         <name>.debug_line</name>
         <load_address>0x16d6</load_address>
         <run_address>0x16d6</run_address>
         <size>0x91</size>
         <input_file_ref idref="fl-c7"/>
      </object_component>
      <object_component id="oc-c4">
         <name>.debug_line</name>
         <load_address>0x1767</load_address>
         <run_address>0x1767</run_address>
         <size>0x40</size>
         <input_file_ref idref="fl-c8"/>
      </object_component>
      <object_component id="oc-144">
         <name>.debug_line</name>
         <load_address>0x17a7</load_address>
         <run_address>0x17a7</run_address>
         <size>0x3c</size>
         <input_file_ref idref="fl-ca"/>
      </object_component>
      <object_component id="oc-17f">
         <name>.debug_line</name>
         <load_address>0x17e3</load_address>
         <run_address>0x17e3</run_address>
         <size>0x82</size>
         <input_file_ref idref="fl-cd"/>
      </object_component>
      <object_component id="oc-2d5">
         <name>.debug_line</name>
         <load_address>0x1865</load_address>
         <run_address>0x1865</run_address>
         <size>0x7c</size>
         <input_file_ref idref="fl-cd"/>
      </object_component>
      <object_component id="oc-96">
         <name>.debug_line</name>
         <load_address>0x18e1</load_address>
         <run_address>0x18e1</run_address>
         <size>0xb2</size>
         <input_file_ref idref="fl-cd"/>
      </object_component>
      <object_component id="oc-280">
         <name>.debug_line</name>
         <load_address>0x1993</load_address>
         <run_address>0x1993</run_address>
         <size>0xa2</size>
         <input_file_ref idref="fl-cd"/>
      </object_component>
      <object_component id="oc-1d8">
         <name>.debug_line</name>
         <load_address>0x1a35</load_address>
         <run_address>0x1a35</run_address>
         <size>0x131</size>
         <input_file_ref idref="fl-cd"/>
      </object_component>
      <object_component id="oc-204">
         <name>.debug_line</name>
         <load_address>0x1b66</load_address>
         <run_address>0x1b66</run_address>
         <size>0xa5</size>
         <input_file_ref idref="fl-cd"/>
      </object_component>
      <object_component id="oc-12a">
         <name>.debug_line</name>
         <load_address>0x1c0b</load_address>
         <run_address>0x1c0b</run_address>
         <size>0x10e</size>
         <input_file_ref idref="fl-cd"/>
      </object_component>
      <object_component id="oc-8a">
         <name>.debug_line</name>
         <load_address>0x1d19</load_address>
         <run_address>0x1d19</run_address>
         <size>0x9e</size>
         <input_file_ref idref="fl-cd"/>
      </object_component>
      <object_component id="oc-1c5">
         <name>.debug_line</name>
         <load_address>0x1db7</load_address>
         <run_address>0x1db7</run_address>
         <size>0x91</size>
         <input_file_ref idref="fl-cd"/>
      </object_component>
      <object_component id="oc-91">
         <name>.debug_line</name>
         <load_address>0x1e48</load_address>
         <run_address>0x1e48</run_address>
         <size>0x98</size>
         <input_file_ref idref="fl-cd"/>
      </object_component>
      <object_component id="oc-1b4">
         <name>.debug_line</name>
         <load_address>0x1ee0</load_address>
         <run_address>0x1ee0</run_address>
         <size>0xa9</size>
         <input_file_ref idref="fl-cd"/>
      </object_component>
      <object_component id="oc-1d2">
         <name>.debug_line</name>
         <load_address>0x1f89</load_address>
         <run_address>0x1f89</run_address>
         <size>0x91</size>
         <input_file_ref idref="fl-cd"/>
      </object_component>
      <object_component id="oc-1c0">
         <name>.debug_line</name>
         <load_address>0x201a</load_address>
         <run_address>0x201a</run_address>
         <size>0xd0</size>
         <input_file_ref idref="fl-cd"/>
      </object_component>
      <object_component id="oc-e4">
         <name>.debug_line</name>
         <load_address>0x20ea</load_address>
         <run_address>0x20ea</run_address>
         <size>0x7c</size>
         <input_file_ref idref="fl-cd"/>
      </object_component>
      <object_component id="oc-df">
         <name>.debug_line</name>
         <load_address>0x2166</load_address>
         <run_address>0x2166</run_address>
         <size>0x69</size>
         <input_file_ref idref="fl-cd"/>
      </object_component>
      <object_component id="oc-2c5">
         <name>.debug_line</name>
         <load_address>0x21cf</load_address>
         <run_address>0x21cf</run_address>
         <size>0x82</size>
         <input_file_ref idref="fl-ce"/>
      </object_component>
      <object_component id="oc-2c3">
         <name>.debug_line</name>
         <load_address>0x2251</load_address>
         <run_address>0x2251</run_address>
         <size>0x7d</size>
         <input_file_ref idref="fl-ce"/>
      </object_component>
      <object_component id="oc-253">
         <name>.debug_line</name>
         <load_address>0x22ce</load_address>
         <run_address>0x22ce</run_address>
         <size>0x95</size>
         <input_file_ref idref="fl-ce"/>
      </object_component>
      <object_component id="oc-259">
         <name>.debug_line</name>
         <load_address>0x2363</load_address>
         <run_address>0x2363</run_address>
         <size>0xd1</size>
         <input_file_ref idref="fl-ce"/>
      </object_component>
      <object_component id="oc-19a">
         <name>.debug_line</name>
         <load_address>0x2434</load_address>
         <run_address>0x2434</run_address>
         <size>0x93</size>
         <input_file_ref idref="fl-ce"/>
      </object_component>
      <object_component id="oc-1e4">
         <name>.debug_line</name>
         <load_address>0x24c7</load_address>
         <run_address>0x24c7</run_address>
         <size>0x93</size>
         <input_file_ref idref="fl-ce"/>
      </object_component>
      <object_component id="oc-1ea">
         <name>.debug_line</name>
         <load_address>0x255a</load_address>
         <run_address>0x255a</run_address>
         <size>0x93</size>
         <input_file_ref idref="fl-ce"/>
      </object_component>
      <object_component id="oc-1ad">
         <name>.debug_line</name>
         <load_address>0x25ed</load_address>
         <run_address>0x25ed</run_address>
         <size>0x93</size>
         <input_file_ref idref="fl-ce"/>
      </object_component>
      <object_component id="oc-194">
         <name>.debug_line</name>
         <load_address>0x2680</load_address>
         <run_address>0x2680</run_address>
         <size>0xa7</size>
         <input_file_ref idref="fl-ce"/>
      </object_component>
      <object_component id="oc-2dd">
         <name>.debug_line</name>
         <load_address>0x2727</load_address>
         <run_address>0x2727</run_address>
         <size>0x82</size>
         <input_file_ref idref="fl-cf"/>
      </object_component>
      <object_component id="oc-20c">
         <name>.debug_line</name>
         <load_address>0x27a9</load_address>
         <run_address>0x27a9</run_address>
         <size>0x91</size>
         <input_file_ref idref="fl-cf"/>
      </object_component>
      <object_component id="oc-28a">
         <name>.debug_line</name>
         <load_address>0x283a</load_address>
         <run_address>0x283a</run_address>
         <size>0x91</size>
         <input_file_ref idref="fl-cf"/>
      </object_component>
      <object_component id="oc-1f0">
         <name>.debug_line</name>
         <load_address>0x28cb</load_address>
         <run_address>0x28cb</run_address>
         <size>0xa5</size>
         <input_file_ref idref="fl-cf"/>
      </object_component>
      <object_component id="oc-212">
         <name>.debug_line</name>
         <load_address>0x2970</load_address>
         <run_address>0x2970</run_address>
         <size>0x91</size>
         <input_file_ref idref="fl-cf"/>
      </object_component>
      <object_component id="oc-218">
         <name>.debug_line</name>
         <load_address>0x2a01</load_address>
         <run_address>0x2a01</run_address>
         <size>0x91</size>
         <input_file_ref idref="fl-cf"/>
      </object_component>
      <object_component id="oc-21e">
         <name>.debug_line</name>
         <load_address>0x2a92</load_address>
         <run_address>0x2a92</run_address>
         <size>0x91</size>
         <input_file_ref idref="fl-cf"/>
      </object_component>
      <object_component id="oc-2d9">
         <name>.debug_line</name>
         <load_address>0x2b23</load_address>
         <run_address>0x2b23</run_address>
         <size>0x7c</size>
         <input_file_ref idref="fl-d0"/>
      </object_component>
      <object_component id="oc-2d7">
         <name>.debug_line</name>
         <load_address>0x2b9f</load_address>
         <run_address>0x2b9f</run_address>
         <size>0x82</size>
         <input_file_ref idref="fl-d0"/>
      </object_component>
      <object_component id="oc-1cb">
         <name>.debug_line</name>
         <load_address>0x2c21</load_address>
         <run_address>0x2c21</run_address>
         <size>0xc2</size>
         <input_file_ref idref="fl-d0"/>
      </object_component>
      <object_component id="oc-243">
         <name>.debug_line</name>
         <load_address>0x2ce3</load_address>
         <run_address>0x2ce3</run_address>
         <size>0x13d</size>
         <input_file_ref idref="fl-d1"/>
      </object_component>
      <object_component id="oc-2d3">
         <name>.debug_line</name>
         <load_address>0x2e20</load_address>
         <run_address>0x2e20</run_address>
         <size>0x7f</size>
         <input_file_ref idref="fl-d1"/>
      </object_component>
      <object_component id="oc-1de">
         <name>.debug_line</name>
         <load_address>0x2e9f</load_address>
         <run_address>0x2e9f</run_address>
         <size>0xa7</size>
         <input_file_ref idref="fl-d1"/>
      </object_component>
      <object_component id="oc-18e">
         <name>.debug_line</name>
         <load_address>0x2f46</load_address>
         <run_address>0x2f46</run_address>
         <size>0x94</size>
         <input_file_ref idref="fl-d1"/>
      </object_component>
      <object_component id="oc-10b">
         <name>.debug_line</name>
         <load_address>0x2fda</load_address>
         <run_address>0x2fda</run_address>
         <size>0xee</size>
         <input_file_ref idref="fl-d1"/>
      </object_component>
      <object_component id="oc-1b9">
         <name>.debug_line</name>
         <load_address>0x30c8</load_address>
         <run_address>0x30c8</run_address>
         <size>0x11a</size>
         <input_file_ref idref="fl-d1"/>
      </object_component>
      <object_component id="oc-247">
         <name>.debug_line</name>
         <load_address>0x31e2</load_address>
         <run_address>0x31e2</run_address>
         <size>0x7f</size>
         <input_file_ref idref="fl-d1"/>
      </object_component>
      <object_component id="oc-2c9">
         <name>.debug_line</name>
         <load_address>0x3261</load_address>
         <run_address>0x3261</run_address>
         <size>0x82</size>
         <input_file_ref idref="fl-d2"/>
      </object_component>
      <object_component id="oc-1a0">
         <name>.debug_line</name>
         <load_address>0x32e3</load_address>
         <run_address>0x32e3</run_address>
         <size>0x92</size>
         <input_file_ref idref="fl-d2"/>
      </object_component>
      <object_component id="oc-112">
         <name>.debug_frame</name>
         <load_address>0x0</load_address>
         <run_address>0x0</run_address>
         <size>0x58</size>
         <input_file_ref idref="fl-2"/>
      </object_component>
      <object_component id="oc-118">
         <name>.debug_frame</name>
         <load_address>0x58</load_address>
         <run_address>0x58</run_address>
         <size>0x58</size>
         <input_file_ref idref="fl-2"/>
      </object_component>
      <object_component id="oc-11d">
         <name>.debug_frame</name>
         <load_address>0xb0</load_address>
         <run_address>0xb0</run_address>
         <size>0x58</size>
         <input_file_ref idref="fl-2"/>
      </object_component>
      <object_component id="oc-12f">
         <name>.debug_frame</name>
         <load_address>0x108</load_address>
         <run_address>0x108</run_address>
         <size>0x5c</size>
         <input_file_ref idref="fl-2"/>
      </object_component>
      <object_component id="oc-136">
         <name>.debug_frame</name>
         <load_address>0x164</load_address>
         <run_address>0x164</run_address>
         <size>0x7c</size>
         <input_file_ref idref="fl-2"/>
      </object_component>
      <object_component id="oc-13b">
         <name>.debug_frame</name>
         <load_address>0x1e0</load_address>
[...]
            <object_component_ref idref="oc-202"/>
            <object_component_ref idref="oc-128"/>
            <object_component_ref idref="oc-88"/>
            <object_component_ref idref="oc-1c4"/>
            <object_component_ref idref="oc-8e"/>
            <object_component_ref idref="oc-1b1"/>
            <object_component_ref idref="oc-1d0"/>
            <object_component_ref idref="oc-1bd"/>
            <object_component_ref idref="oc-24c"/>
            <object_component_ref idref="oc-251"/>
            <object_component_ref idref="oc-257"/>
            <object_component_ref idref="oc-198"/>
            <object_component_ref idref="oc-1e2"/>
            <object_component_ref idref="oc-1e8"/>
            <object_component_ref idref="oc-1ab"/>
            <object_component_ref idref="oc-193"/>
            <object_component_ref idref="oc-20a"/>
            <object_component_ref idref="oc-288"/>
            <object_component_ref idref="oc-1ee"/>
            <object_component_ref idref="oc-210"/>
            <object_component_ref idref="oc-216"/>
            <object_component_ref idref="oc-21c"/>
            <object_component_ref idref="oc-278"/>
            <object_component_ref idref="oc-1c9"/>
            <object_component_ref idref="oc-26f"/>
            <object_component_ref idref="oc-1dd"/>
            <object_component_ref idref="oc-18d"/>
            <object_component_ref idref="oc-109"/>
            <object_component_ref idref="oc-1b7"/>
            <object_component_ref idref="oc-19f"/>
         </contents>
      </logical_group>
      <logical_group id="lg-312" display="never" color="cyan">
         <name>.debug_pubtypes</name>
         <load_address>0x0</load_address>
         <run_address>0x0</run_address>
         <size>0xd77</size>
         <contents>
            <object_component_ref idref="oc-183"/>
            <object_component_ref idref="oc-a4"/>
            <object_component_ref idref="oc-f3"/>
            <object_component_ref idref="oc-ee"/>
            <object_component_ref idref="oc-9d"/>
            <object_component_ref idref="oc-1fc"/>
            <object_component_ref idref="oc-4c"/>
            <object_component_ref idref="oc-b8"/>
            <object_component_ref idref="oc-ff"/>
            <object_component_ref idref="oc-57"/>
            <object_component_ref idref="oc-b0"/>
            <object_component_ref idref="oc-47"/>
            <object_component_ref idref="oc-f8"/>
            <object_component_ref idref="oc-a9"/>
            <object_component_ref idref="oc-2b2"/>
            <object_component_ref idref="oc-2e9"/>
            <object_component_ref idref="oc-2b7"/>
            <object_component_ref idref="oc-2bc"/>
            <object_component_ref idref="oc-e2"/>
            <object_component_ref idref="oc-dd"/>
            <object_component_ref idref="oc-245"/>
         </contents>
      </logical_group>
      <load_segment id="lg-325" display="no" color="cyan">
         <name>SEGMENT_0</name>
         <load_address>0x0</load_address>
         <run_address>0x0</run_address>
         <size>0x15f8</size>
         <flags>0x5</flags>
         <contents>
            <logical_group_ref idref="lg-3"/>
            <logical_group_ref idref="lg-4"/>
            <logical_group_ref idref="lg-5"/>
            <logical_group_ref idref="lg-6"/>
         </contents>
      </load_segment>
      <load_segment id="lg-326" display="no" color="cyan">
         <name>SEGMENT_1</name>
         <run_address>0x20000000</run_address>
         <size>0x229</size>
         <flags>0x6</flags>
         <contents>
            <logical_group_ref idref="lg-d"/>
            <logical_group_ref idref="lg-b"/>
            <logical_group_ref idref="lg-a"/>
         </contents>
      </load_segment>
   </logical_group_list>
   <placement_map>
      <memory_area display="yes" color="green">
         <name>FLASH</name>
         <page_id>0x0</page_id>
         <origin>0x0</origin>
         <length>0x40000</length>
         <used_space>0x15f8</used_space>
         <unused_space>0x3ea08</unused_space>
         <attributes>RX</attributes>
         <usage_details>
            <allocated_space>
               <start_address>0x0</start_address>
               <size>0x26c</size>
               <logical_group_ref idref="lg-3"/>
            </allocated_space>
            <allocated_space>
               <start_address>0x26c</start_address>
               <size>0x11b8</size>
               <logical_group_ref idref="lg-4"/>
            </allocated_space>
            <allocated_space>
               <start_address>0x1424</start_address>
               <size>0x1a4</size>
               <logical_group_ref idref="lg-5"/>
            </allocated_space>
            <allocated_space>
               <start_address>0x15c8</start_address>
               <size>0x30</size>
               <logical_group_ref idref="lg-6"/>
            </allocated_space>
            <available_space>
               <start_address>0x15f8</start_address>
               <size>0x3ea08</size>
            </available_space>
         </usage_details>
      </memory_area>
      <memory_area display="yes" color="green">
         <name>SRAM</name>
         <page_id>0x0</page_id>
         <origin>0x20000000</origin>
         <length>0x8000</length>
         <used_space>0x229</used_space>
         <unused_space>0x7dd7</unused_space>
         <attributes>RWX</attributes>
         <usage_details>
            <allocated_space>
               <start_address>0x20000000</start_address>
               <size>0x200</size>
               <logical_group_ref idref="lg-d"/>
            </allocated_space>
            <allocated_space>
               <start_address>0x20000200</start_address>
               <size>0x1c</size>
               <logical_group_ref idref="lg-b"/>
            </allocated_space>
            <allocated_space>
               <start_address>0x2000021c</start_address>
               <size>0xd</size>
               <logical_group_ref idref="lg-a"/>
            </allocated_space>
            <available_space>
               <start_address>0x20000229</start_address>
               <size>0x7dd7</size>
            </available_space>
         </usage_details>
      </memory_area>
   </placement_map>
   <cptbl_list>
      <cptbl>
         <name>__TI_cinit_table</name>
         <cprec>
            <name>.bss</name>
            <load_address>0x15d8</load_address>
            <load_size>0x8</load_size>
            <run_address>0x20000200</run_address>
            <run_size>0x1c</run_size>
            <compression>zero_init</compression>
         </cprec>
         <cprec>
            <name>.data</name>
            <load_address>0x15e0</load_address>
            <load_size>0x7</load_size>
            <run_address>0x2000021c</run_address>
            <run_size>0xd</run_size>
            <compression>lzss</compression>
         </cprec>
      </cptbl>
   </cptbl_list>
   <handler_table>
      <handler_table_name>__TI_handler_table</handler_table_name>
      <handler>
         <index>0x0</index>
         <name>__TI_decompress_lzss</name>
      </handler>
      <handler>
         <index>0x1</index>
         <name>__TI_decompress_none</name>
      </handler>
      <handler>
         <index>0x2</index>
         <name>__TI_zero_init</name>
      </handler>
   </handler_table>
   <symbol_table>
      <symbol id="sm-1">
         <name>__STACK_TOP</name>
         <value>0x20000200</value>
      </symbol>
      <symbol id="sm-2">
         <name>__TI_CINIT_Base</name>
         <value>0x15e8</value>
      </symbol>
      <symbol id="sm-3">
         <name>__TI_CINIT_Limit</name>
         <value>0x15f8</value>
      </symbol>
      <symbol id="sm-4">
         <name>__TI_Handler_Table_Base</name>
         <value>0x15c8</value>
      </symbol>
      <symbol id="sm-5">
         <name>__TI_Handler_Table_Limit</name>
         <value>0x15d4</value>
      </symbol>
      <symbol id="sm-6">
         <name>binit</name>
         <value>0xffffffff</value>
      </symbol>
      <symbol id="sm-7">
         <name>__binit__</name>
         <value>0xffffffff</value>
      </symbol>
      <symbol id="sm-8">
         <name>__STACK_SIZE</name>
         <value>0x200</value>
      </symbol>
      <symbol id="sm-9">
         <name>__STACK_END</name>
         <value>0x20000200</value>
      </symbol>
      <symbol id="sm-a">
         <name>__c_args__</name>
         <value>0xffffffff</value>
      </symbol>
      <symbol id="sm-b">
         <name>__TI_pprof_out_hndl</name>
         <value>0xffffffff</value>
      </symbol>
      <symbol id="sm-c">
         <name>__TI_prof_data_start</name>
         <value>0xffffffff</value>
      </symbol>
      <symbol id="sm-d">
         <name>__TI_prof_data_size</name>
         <value>0xffffffff</value>
      </symbol>
      <symbol id="sm-cd">
         <name>sCANMessage</name>
         <value>0x20000200</value>
      </symbol>
      <symbol id="sm-ce">
         <name>pui8MsgData</name>
         <value>0x20000214</value>
      </symbol>
      <symbol id="sm-cf">
         <name>g_ui32MsgCount</name>
         <value>0x2000021c</value>
         <object_component_ref idref="oc-98"/>
      </symbol>
      <symbol id="sm-d0">
         <name>main</name>
         <value>0xaa1</value>
         <object_component_ref idref="oc-c9"/>
      </symbol>
      <symbol id="sm-d1">
         <name>InitI2C0</name>
         <value>0xd71</value>
         <object_component_ref idref="oc-119"/>
      </symbol>
      <symbol id="sm-d2">
         <name>ConfigureUART</name>
         <value>0x1001</value>
         <object_component_ref idref="oc-10d"/>
      </symbol>
      <symbol id="sm-d3">
         <name>ConfigureCAN</name>
         <value>0xbed</value>
         <object_component_ref idref="oc-113"/>
      </symbol>
      <symbol id="sm-d4">
         <name>CANIntHandler</name>
         <value>0xf61</value>
         <object_component_ref idref="oc-3c"/>
      </symbol>
      <symbol id="sm-d5">
         <name>I2CMasterSend</name>
         <value>0x9d9</value>
         <object_component_ref idref="oc-131"/>
      </symbol>
      <symbol id="sm-d6">
         <name>g_bRXFlag</name>
         <value>0x20000220</value>
         <object_component_ref idref="oc-98"/>
      </symbol>
      <symbol id="sm-d7">
         <name>PrintCANMsg</name>
         <value>0xf0d</value>
         <object_component_ref idref="oc-12b"/>
      </symbol>
      <symbol id="sm-d8">
         <name>g_bErrFlag</name>
         <value>0x20000221</value>
         <object_component_ref idref="oc-98"/>
      </symbol>
      <symbol id="sm-d9">
         <name>I2CMasterSendString</name>
         <value>0xc79</value>
         <object_component_ref idref="oc-137"/>
      </symbol>
      <symbol id="sm-10f">
         <name>ResetISR</name>
         <value>0x1403</value>
         <object_component_ref idref="oc-24"/>
      </symbol>
      <symbol id="sm-110">
         <name>g_pfnVectors</name>
         <value>0x0</value>
         <object_component_ref idref="oc-f"/>
      </symbol>
      <symbol id="sm-17e">
         <name>UARTStdioConfig</name>
         <value>0xead</value>
         <object_component_ref idref="oc-1a2"/>
      </symbol>
      <symbol id="sm-17f">
         <name>UARTwrite</name>
         <value>0x10e1</value>
         <object_component_ref idref="oc-28e"/>
      </symbol>
      <symbol id="sm-180">
         <name>UARTprintf</name>
         <value>0x1367</value>
         <object_component_ref idref="oc-11f"/>
      </symbol>
      <symbol id="sm-181">
         <name>UARTvprintf</name>
         <value>0x26d</value>
         <object_component_ref idref="oc-1f3"/>
      </symbol>
      <symbol id="sm-190">
         <name>__aeabi_uidivmod</name>
         <value>0x11ad</value>
         <object_component_ref idref="oc-294"/>
      </symbol>
      <symbol id="sm-191">
         <name>__aeabi_uidiv</name>
         <value>0x11ad</value>
         <object_component_ref idref="oc-294"/>
      </symbol>
      <symbol id="sm-1aa">
         <name>__TI_zero_init_nomemset</name>
         <value>0x134b</value>
         <object_component_ref idref="oc-5c"/>
      </symbol>
      <symbol id="sm-1c1">
         <name>__TI_decompress_none</name>
         <value>0x13c9</value>
         <object_component_ref idref="oc-18"/>
      </symbol>
      <symbol id="sm-1e4">
         <name>__TI_decompress_lzss</name>
         <value>0xe45</value>
         <object_component_ref idref="oc-12"/>
      </symbol>
      <symbol id="sm-1f7">
         <name>__stack</name>
         <value>0x20000000</value>
         <object_component_ref idref="oc-21"/>
      </symbol>
      <symbol id="sm-1f8">
         <name>_c_int00_noargs</name>
         <value>0x125d</value>
         <object_component_ref idref="oc-6e"/>
      </symbol>
      <symbol id="sm-202">
         <name>__aeabi_idiv0</name>
         <value>0x1227</value>
         <object_component_ref idref="oc-2df"/>
      </symbol>
      <symbol id="sm-203">
         <name>__aeabi_ldiv0</name>
         <value>0x1227</value>
         <object_component_ref idref="oc-2df"/>
      </symbol>
      <symbol id="sm-21e">
         <name>memcpy</name>
         <value>0xb51</value>
         <object_component_ref idref="oc-50"/>
      </symbol>
      <symbol id="sm-21f">
         <name>__aeabi_memcpy</name>
         <value>0xb51</value>
         <object_component_ref idref="oc-50"/>
      </symbol>
      <symbol id="sm-220">
         <name>__aeabi_memcpy8</name>
         <value>0xb51</value>
         <object_component_ref idref="oc-50"/>
      </symbol>
      <symbol id="sm-221">
         <name>__aeabi_memcpy4</name>
         <value>0xb51</value>
         <object_component_ref idref="oc-50"/>
      </symbol>
      <symbol id="sm-24a">
         <name>__TI_auto_init_nobinit_nopinit</name>
         <value>0x1129</value>
         <object_component_ref idref="oc-14c"/>
      </symbol>
      <symbol id="sm-254">
         <name>_system_pre_init</name>
         <value>0x141d</value>
         <object_component_ref idref="oc-c3"/>
      </symbol>
      <symbol id="sm-260">
         <name>C$$EXIT</name>
         <value>0x1421</value>
         <object_component_ref idref="oc-140"/>
      </symbol>
      <symbol id="sm-261">
         <name>abort</name>
         <value>0x1421</value>
         <object_component_ref idref="oc-140"/>
      </symbol>
      <symbol id="sm-30a">
         <name>CANMessageGet</name>
         <value>0x7d5</value>
         <object_component_ref idref="oc-125"/>
      </symbol>
      <symbol id="sm-30b">
         <name>CANBitRateSet</name>
         <value>0xd05</value>
         <object_component_ref idref="oc-1bb"/>
      </symbol>
      <symbol id="sm-30c">
         <name>CANEnable</name>
         <value>0x13d7</value>
         <object_component_ref idref="oc-1cd"/>
      </symbol>
      <symbol id="sm-30d">
         <name>CANStatusGet</name>
         <value>0x116d</value>
         <object_component_ref idref="oc-92"/>
      </symbol>
      <symbol id="sm-30e">
         <name>CANMessageSet</name>
         <value>0x45b</value>
         <object_component_ref idref="oc-1d3"/>
      </symbol>
      <symbol id="sm-30f">
         <name>CANIntClear</name>
         <value>0x1309</value>
         <object_component_ref idref="oc-8c"/>
      </symbol>
      <symbol id="sm-310">
         <name>CANIntStatus</name>
         <value>0x132b</value>
         <object_component_ref idref="oc-86"/>
      </symbol>
      <symbol id="sm-311">
         <name>CANInit</name>
         <value>0x11ed</value>
         <object_component_ref idref="oc-1af"/>
      </symbol>
      <symbol id="sm-312">
         <name>CANIntEnable</name>
         <value>0x13eb</value>
         <object_component_ref idref="oc-1c1"/>
      </symbol>
      <symbol id="sm-35c">
         <name>GPIOPinConfigure</name>
         <value>0x1099</value>
         <object_component_ref idref="oc-190"/>
      </symbol>
      <symbol id="sm-35d">
         <name>GPIOPinTypeI2CSCL</name>
         <value>0x13a5</value>
         <object_component_ref idref="oc-1e0"/>
      </symbol>
      <symbol id="sm-35e">
         <name>GPIOPinTypeI2C</name>
         <value>0x1393</value>
         <object_component_ref idref="oc-1e6"/>
      </symbol>
      <symbol id="sm-35f">
         <name>GPIOPinTypeUART</name>
         <value>0x13b7</value>
         <object_component_ref idref="oc-196"/>
      </symbol>
      <symbol id="sm-360">
         <name>GPIODirModeSet</name>
         <value>0x1291</value>
         <object_component_ref idref="oc-24f"/>
      </symbol>
      <symbol id="sm-361">
         <name>GPIOPadConfigSet</name>
         <value>0x591</value>
         <object_component_ref idref="oc-255"/>
      </symbol>
      <symbol id="sm-362">
         <name>GPIOPinTypeCAN</name>
         <value>0x1381</value>
         <object_component_ref idref="oc-1a9"/>
      </symbol>
      <symbol id="sm-39b">
         <name>I2CMasterDataPut</name>
         <value>0x1419</value>
         <object_component_ref idref="oc-20e"/>
      </symbol>
      <symbol id="sm-39c">
         <name>I2CMasterInitExpClk</name>
         <value>0x104d</value>
         <object_component_ref idref="oc-1ec"/>
      </symbol>
      <symbol id="sm-39d">
         <name>I2CMasterSlaveAddrSet</name>
         <value>0x13fb</value>
         <object_component_ref idref="oc-208"/>
      </symbol>
      <symbol id="sm-39e">
         <name>I2CMasterControl</name>
         <value>0x1415</value>
         <object_component_ref idref="oc-214"/>
      </symbol>
      <symbol id="sm-39f">
         <name>I2CMasterBusy</name>
         <value>0x13f3</value>
         <object_component_ref idref="oc-21a"/>
      </symbol>
      <symbol id="sm-3a0">
         <name>I2CMasterEnable</name>
         <value>0x13e1</value>
         <object_component_ref idref="oc-286"/>
      </symbol>
      <symbol id="sm-3c7">
         <name>IntEnable</name>
         <value>0xddd</value>
         <object_component_ref idref="oc-1c7"/>
      </symbol>
      <symbol id="sm-425">
         <name>SysCtlClockSet</name>
         <value>0x8e5</value>
         <object_component_ref idref="oc-107"/>
      </symbol>
      <symbol id="sm-426">
         <name>SysCtlDelay</name>
         <value>0x1409</value>
         <object_component_ref idref="oc-187"/>
      </symbol>
      <symbol id="sm-427">
         <name>SysCtlPeripheralEnable</name>
         <value>0x1229</value>
         <object_component_ref idref="oc-18a"/>
      </symbol>
      <symbol id="sm-428">
         <name>SysCtlClockGet</name>
         <value>0x6c5</value>
         <object_component_ref idref="oc-1b5"/>
      </symbol>
      <symbol id="sm-429">
         <name>SysCtlPeripheralReset</name>
         <value>0xfb1</value>
         <object_component_ref idref="oc-1da"/>
      </symbol>
      <symbol id="sm-436">
         <name>UARTClockSourceSet</name>
         <value>0x140f</value>
         <object_component_ref idref="oc-19c"/>
      </symbol>
      <symbol id="sm-438">
         <name>__TI_static_base__</name>
         <value>0x0</value>
      </symbol>
      <symbol id="sm-43b">
         <name>__mpu_init</name>
         <value>0x0</value>
      </symbol>
      <symbol id="sm-43c">
         <name>_system_post_cinit</name>
         <value>0x0</value>
      </symbol>
   </symbol_table>
   <title>Link successful</title>
</link_info>
