******************************************************************************
                  TI ARM Linker PC v18.12.4                    
******************************************************************************
>> Linked Mon Apr  4 15:52:27 2022

OUTPUT FILE NAME:   <uon-fs-networkemulator.out>
ENTRY POINT SYMBOL: "_c_int00_noargs"  address: 00000e85


MEMORY CONFIGURATION

         name            origin    length      used     unused   attr    fill
----------------------  --------  ---------  --------  --------  ----  --------
  FLASH                 00000000   00040000  000012c8  0003ed38  R  X
  SRAM                  20000000   00008000  00000211  00007def  RW X


SEGMENT ALLOCATION MAP

run origin  load origin   length   init length attrs members
----------  ----------- ---------- ----------- ----- -------
00000000    00000000    000012c8   000012c8    r-x
  00000000    00000000    0000026c   0000026c    r-- .intvecs
  0000026c    0000026c    00000e88   00000e88    r-x .text
  000010f4    000010f4    000001a4   000001a4    r-- .const
  00001298    00001298    00000030   00000030    r-- .cinit
20000000    20000000    00000214   00000000    rw-
  20000000    20000000    00000200   00000000    rw- .stack
  20000200    20000200    0000000d   00000000    rw- .data
  20000210    20000210    00000004   00000000    rw- .bss


SECTION ALLOCATION MAP

 output                                  attributes/
section   page    origin      length       input sections
--------  ----  ----------  ----------   ----------------
.intvecs   0    00000000    0000026c     
                  00000000    0000026c     startup_ccs.obj (.intvecs)

.text      0    0000026c    00000e88     
                  0000026c    000001ee     uartstdio.obj (.text:UARTvprintf)
                  0000045a    00000136     driverlib.lib : can.obj (.text:CANMessageSet)
                  00000590    00000132                   : gpio.obj (.text:GPIOPadConfigSet)
                  000006c2    00000002     startup_ccs.obj (.text:FaultISR)
                  000006c4    00000110     driverlib.lib : sysctl.obj (.text:SysCtlClockGet)
                  000007d4    000000f4                   : sysctl.obj (.text:SysCtlClockSet)
                  000008c8    000000bc     networkemulator.obj (.text:main)
                  00000984    0000009c     rtsv7M4_T_le_v4SPD16_eabi.lib : memcpy_t2.asm.obj (.text)
                  00000a20    00000070     networkemulator.obj (.text:ConfigureCAN)
                  00000a90    0000006c     driverlib.lib : can.obj (.text:CANBitRateSet)
                  00000afc    00000068                   : interrupt.obj (.text:IntEnable)
                  00000b64    00000068     rtsv7M4_T_le_v4SPD16_eabi.lib : copy_decompress_lzss.c.obj (.text:decompress:lzss:__TI_decompress_lzss)
                  00000bcc    00000060     uartstdio.obj (.text:UARTStdioConfig)
                  00000c2c    0000004c     networkemulator.obj (.text:ConfigureUART)
                  00000c78    00000048     networkemulator.obj (.text:CANIntHandler)
                  00000cc0    00000048     driverlib.lib : gpio.obj (.text:GPIOPinConfigure)
                  00000d08    00000048     uartstdio.obj (.text:UARTwrite)
                  00000d50    00000044     rtsv7M4_T_le_v4SPD16_eabi.lib : autoinit.c.obj (.text:__TI_auto_init_nobinit_nopinit:__TI_auto_init_nobinit_nopinit)
                  00000d94    00000040     driverlib.lib : can.obj (.text:CANStatusGet)
                  00000dd4    00000040     rtsv7M4_T_le_v4SPD16_eabi.lib : u_divt2.asm.obj (.text)
                  00000e14    0000003a     driverlib.lib : can.obj (.text:CANInit)
                  00000e4e    00000002     startup_ccs.obj (.text:IntDefaultHandler)
                  00000e50    00000034     driverlib.lib : sysctl.obj (.text:SysCtlPeripheralEnable)
                  00000e84    00000034     rtsv7M4_T_le_v4SPD16_eabi.lib : boot_cortex_m.c.obj (.text:_c_int00_noargs:_c_int00_noargs)
                  00000eb8    0000002c     CANMsg.obj (.text:GenerateMPPT1OutputPower)
                  00000ee4    0000002c     CANMsg.obj (.text:GenerateMPPT1Temperature)
                  00000f10    0000002c     networkemulator.obj (.text:SendCANMsg)
                  00000f3c    0000002a     driverlib.lib : gpio.obj (.text:GPIODirModeSet)
                  00000f66    00000024                   : can.obj (.text:_CANDataRegWrite)
                  00000f8a    00000022                   : can.obj (.text:CANIntClear)
                  00000fac    00000020                   : can.obj (.text:CANIntStatus)
                  00000fcc    0000001c     CANMsgUtils.obj (.text:WriteToCANMsg)
                  00000fe8    0000001c     rtsv7M4_T_le_v4SPD16_eabi.lib : copy_zero_init.c.obj (.text:decompress:ZI:__TI_zero_init_nomemset:__TI_zero_init_nomemset)
                  00001004    0000001a     uartstdio.obj (.text:UARTprintf)
                  0000101e    00000002     startup_ccs.obj (.text:NmiSR)
                  00001020    00000014     driverlib.lib : systick.obj (.text:SysTickEnable)
                  00001034    00000014                   : systick.obj (.text:SysTickIntEnable)
                  00001048    00000012                   : gpio.obj (.text:GPIOPinTypeCAN)
                  0000105a    00000012                   : gpio.obj (.text:GPIOPinTypeUART)
                  0000106c    00000010     networkemulator.obj (.text:Delay)
                  0000107c    00000010     driverlib.lib : interrupt.obj (.text:IntMasterEnable)
                  0000108c    00000010     networkemulator.obj (.text:SysTickHandler)
                  0000109c    00000010     driverlib.lib : systick.obj (.text:SysTickPeriodSet)
                  000010ac    0000000e     rtsv7M4_T_le_v4SPD16_eabi.lib : copy_decompress_none.c.obj (.text:decompress:none:__TI_decompress_none)
                  000010ba    0000000c     driverlib.lib : cpu.obj (.text:CPUcpsie)
                  000010c6    0000000a                   : can.obj (.text:CANEnable)
                  000010d0    00000008                   : can.obj (.text:CANIntEnable)
                  000010d8    00000006     startup_ccs.obj (.text:ResetISR)
                  000010de    00000006     driverlib.lib : sysctl.obj (.text:SysCtlDelay)
                  000010e4    00000006                   : uart.obj (.text:UARTClockSourceSet)
                  000010ea    00000004     rtsv7M4_T_le_v4SPD16_eabi.lib : pre_init.c.obj (.text:_system_pre_init)
                  000010ee    00000004                                   : exit.c.obj (.text:abort:abort)
                  000010f2    00000002                                   : div0.asm.obj (.text)

.const     0    000010f4    000001a4     
                  000010f4    00000090     driverlib.lib : gpio.obj (.const:g_pui32GPIOBaseAddrs)
                  00001184    00000070                   : interrupt.obj (.const)
                  000011f4    0000006c                   : sysctl.obj (.const:g_pui32Xtals)
                  00001260    00000020                   : can.obj (.const)
                  00001280    0000000c     uartstdio.obj (.const:g_ui32UARTBase)
                  0000128c    0000000c     uartstdio.obj (.const:g_ui32UARTPeriph)

.cinit     0    00001298    00000030     
                  00001298    0000000c     (__TI_handler_table)
                  000012a4    00000004     --HOLE-- [fill = 0]
                  000012a8    00000008     (.cinit..bss.load) [load image, compression = zero_init]
                  000012b0    00000007     (.cinit..data.load) [load image, compression = lzss]
                  000012b7    00000001     --HOLE-- [fill = 0]
                  000012b8    00000010     (__TI_cinit_table)

.init_array 
*          0    00000000    00000000     UNINITIALIZED

.data      0    20000200    0000000d     UNINITIALIZED
                  20000200    00000005     networkemulator.obj (.data)
                  20000205    00000003     --HOLE--
                  20000208    00000005     uartstdio.obj (.data)

.bss       0    20000210    00000004     UNINITIALIZED
                  20000210    00000004     (.common:g_timeds)

.stack     0    20000000    00000200     UNINITIALIZED
                  20000000    00000004     rtsv7M4_T_le_v4SPD16_eabi.lib : boot_cortex_m.c.obj (.stack)
                  20000004    000001fc     --HOLE--

MODULE SUMMARY

       Module                       code   ro data   rw data
       ------                       ----   -------   -------
    .\
       startup_ccs.obj              12     620       0      
       networkemulator.obj          524    0         9      
       CANMsg.obj                   88     0         0      
       CANMsgUtils.obj              28     0         0      
    +--+----------------------------+------+---------+---------+
       Total:                       652    620       9      
                                                            
    .\utils\
       uartstdio.obj                688    24        5      
    +--+----------------------------+------+---------+---------+
       Total:                       688    24        5      
                                                            
    C:\ti\ccs930\ccs\tools\compiler\ti-cgt-arm_18.12.4.LTS\lib\rtsv7M4_T_le_v4SPD16_eabi.lib
       memcpy_t2.asm.obj            156    0         0      
       copy_decompress_lzss.c.obj   104    0         0      
       autoinit.c.obj               68     0         0      
       u_divt2.asm.obj              64     0         0      
       boot_cortex_m.c.obj          52     0         0      
       copy_zero_init.c.obj         28     0         0      
       copy_decompress_none.c.obj   14     0         0      
       exit.c.obj                   4      0         0      
       pre_init.c.obj               4      0         0      
       div0.asm.obj                 2      0         0      
    +--+----------------------------+------+---------+---------+
       Total:                       496    0         0      
                                                            
    c:/ti/tivaware_c_series_2_1_4_178/driverlib/ccs/Debug/driverlib.lib
       can.obj                      660    32        0      
       sysctl.obj                   574    108       0      
       gpio.obj                     456    144       0      
       interrupt.obj                120    112       0      
       systick.obj                  56     0         0      
       cpu.obj                      12     0         0      
       uart.obj                     6      0         0      
    +--+----------------------------+------+---------+---------+
       Total:                       1884   396       0      
                                                            
       Stack:                       0      0         512    
       Linker Generated:            0      43        0      
    +--+----------------------------+------+---------+---------+
       Grand Total:                 3720   1083      526    


LINKER GENERATED COPY TABLES

__TI_cinit_table @ 000012b8 records: 2, size/record: 8, table size: 16
	.bss: load addr=000012a8, load size=00000008 bytes, run addr=20000210, run size=00000004 bytes, compression=zero_init
	.data: load addr=000012b0, load size=00000007 bytes, run addr=20000200, run size=0000000d bytes, compression=lzss


LINKER GENERATED HANDLER TABLE

__TI_handler_table @ 00001298 records: 3, size/record: 4, table size: 12
	index: 0, handler: __TI_decompress_lzss
	index: 1, handler: __TI_decompress_none
	index: 2, handler: __TI_zero_init


GLOBAL SYMBOLS: SORTED ALPHABETICALLY BY Name 

address   name                          
-------   ----                          
000010ef  C$$EXIT                       
00000a91  CANBitRateSet                 
000010c7  CANEnable                     
00000e15  CANInit                       
00000f8b  CANIntClear                   
000010d1  CANIntEnable                  
00000c79  CANIntHandler                 
00000fad  CANIntStatus                  
0000045b  CANMessageSet                 
00000d95  CANStatusGet                  
000010bb  CPUcpsie                      
00000a21  ConfigureCAN                  
00000c2d  ConfigureUART                 
0000106d  Delay                         
00000f3d  GPIODirModeSet                
00000591  GPIOPadConfigSet              
00000cc1  GPIOPinConfigure              
00001049  GPIOPinTypeCAN                
0000105b  GPIOPinTypeUART               
00000eb9  GenerateMPPT1OutputPower      
00000ee5  GenerateMPPT1Temperature      
00000afd  IntEnable                     
0000107d  IntMasterEnable               
000010d9  ResetISR                      
00000f11  SendCANMsg                    
000006c5  SysCtlClockGet                
000007d5  SysCtlClockSet                
000010df  SysCtlDelay                   
00000e51  SysCtlPeripheralEnable        
00001021  SysTickEnable                 
0000108d  SysTickHandler                
00001035  SysTickIntEnable              
0000109d  SysTickPeriodSet              
000010e5  UARTClockSourceSet            
00000bcd  UARTStdioConfig               
00001005  UARTprintf                    
0000026d  UARTvprintf                   
00000d09  UARTwrite                     
00000fcd  WriteToCANMsg                 
20000200  __STACK_END                   
00000200  __STACK_SIZE                  
20000200  __STACK_TOP                   
000012b8  __TI_CINIT_Base               
000012c8  __TI_CINIT_Limit              
00001298  __TI_Handler_Table_Base       
000012a4  __TI_Handler_Table_Limit      
00000d51  __TI_auto_init_nobinit_nopinit
00000b65  __TI_decompress_lzss          
000010ad  __TI_decompress_none          
ffffffff  __TI_pprof_out_hndl           
ffffffff  __TI_prof_data_size           
ffffffff  __TI_prof_data_start          
00000000  __TI_static_base__            
00000fe9  __TI_zero_init_nomemset       
000010f3  __aeabi_idiv0                 
000010f3  __aeabi_ldiv0                 
00000985  __aeabi_memcpy                
00000985  __aeabi_memcpy4               
00000985  __aeabi_memcpy8               
00000dd5  __aeabi_uidiv                 
00000dd5  __aeabi_uidivmod              
ffffffff  __binit__                     
ffffffff  __c_args__                    
UNDEFED   __mpu_init                    
20000000  __stack                       
00000e85  _c_int00_noargs               
UNDEFED   _system_post_cinit            
000010eb  _system_pre_init              
000010ef  abort                         
ffffffff  binit                         
20000204  g_bErrFlag                    
00000000  g_pfnVectors                  
20000210  g_timeds                      
20000200  g_ui32MsgCount                
000008c9  main                          
00000985  memcpy                        


GLOBAL SYMBOLS: SORTED BY Symbol Address 

address   name                          
-------   ----                          
00000000  __TI_static_base__            
00000000  g_pfnVectors                  
00000200  __STACK_SIZE                  
0000026d  UARTvprintf                   
0000045b  CANMessageSet                 
00000591  GPIOPadConfigSet              
000006c5  SysCtlClockGet                
000007d5  SysCtlClockSet                
000008c9  main                          
00000985  __aeabi_memcpy                
00000985  __aeabi_memcpy4               
00000985  __aeabi_memcpy8               
00000985  memcpy                        
00000a21  ConfigureCAN                  
00000a91  CANBitRateSet                 
00000afd  IntEnable                     
00000b65  __TI_decompress_lzss          
00000bcd  UARTStdioConfig               
00000c2d  ConfigureUART                 
00000c79  CANIntHandler                 
00000cc1  GPIOPinConfigure              
00000d09  UARTwrite                     
00000d51  __TI_auto_init_nobinit_nopinit
00000d95  CANStatusGet                  
00000dd5  __aeabi_uidiv                 
00000dd5  __aeabi_uidivmod              
00000e15  CANInit                       
00000e51  SysCtlPeripheralEnable        
00000e85  _c_int00_noargs               
00000eb9  GenerateMPPT1OutputPower      
00000ee5  GenerateMPPT1Temperature      
00000f11  SendCANMsg                    
00000f3d  GPIODirModeSet                
00000f8b  CANIntClear                   
00000fad  CANIntStatus                  
00000fcd  WriteToCANMsg                 
00000fe9  __TI_zero_init_nomemset       
00001005  UARTprintf                    
00001021  SysTickEnable                 
00001035  SysTickIntEnable              
00001049  GPIOPinTypeCAN                
0000105b  GPIOPinTypeUART               
0000106d  Delay                         
0000107d  IntMasterEnable               
0000108d  SysTickHandler                
0000109d  SysTickPeriodSet              
000010ad  __TI_decompress_none          
000010bb  CPUcpsie                      
000010c7  CANEnable                     
000010d1  CANIntEnable                  
000010d9  ResetISR                      
000010df  SysCtlDelay                   
000010e5  UARTClockSourceSet            
000010eb  _system_pre_init              
000010ef  C$$EXIT                       
000010ef  abort                         
000010f3  __aeabi_idiv0                 
000010f3  __aeabi_ldiv0                 
00001298  __TI_Handler_Table_Base       
000012a4  __TI_Handler_Table_Limit      
000012b8  __TI_CINIT_Base               
000012c8  __TI_CINIT_Limit              
20000000  __stack                       
20000200  __STACK_END                   
20000200  __STACK_TOP                   
20000200  g_ui32MsgCount                
20000204  g_bErrFlag                    
20000210  g_timeds                      
ffffffff  __TI_pprof_out_hndl           
ffffffff  __TI_prof_data_size           
ffffffff  __TI_prof_data_start          
ffffffff  __binit__                     
ffffffff  __c_args__                    
ffffffff  binit                         
UNDEFED   __mpu_init                    
UNDEFED   _system_post_cinit            

[76 symbols]
