<?xml version="1.0" encoding="ISO-8859-1" ?>
<link_info>
   <banner>TI ARM Linker PC v18.12.4.LTS</banner>
   <copyright>Copyright (c) 1996-2018 Texas Instruments Incorporated</copyright>
   <link_time>0x624b062b</link_time>
   <link_errors>0x0</link_errors>
   <output_file>uon-fs-networkemulator.out</output_file>
   <entry_point>
      <name>_c_int00_noargs</name>
      <address>0xe85</address>
   </entry_point>
   <input_file_list>
      <input_file id="fl-2">
         <path>.\</path>
         <kind>object</kind>
         <file>CANMsg.obj</file>
         <name>CANMsg.obj</name>
      </input_file>
      <input_file id="fl-3">
         <path>.\</path>
         <kind>object</kind>
         <file>CANMsgUtils.obj</file>
         <name>CANMsgUtils.obj</name>
      </input_file>
      <input_file id="fl-4">
         <path>.\</path>
         <kind>object</kind>
         <file>networkemulator.obj</file>
         <name>networkemulator.obj</name>
      </input_file>
      <input_file id="fl-5">
         <path>.\</path>
         <kind>object</kind>
         <file>startup_ccs.obj</file>
         <name>startup_ccs.obj</name>
      </input_file>
      <input_file id="fl-6">
         <path>.\utils\</path>
         <kind>object</kind>
         <file>uartstdio.obj</file>
         <name>uartstdio.obj</name>
      </input_file>
      <input_file id="fl-b">
         <kind>object</kind>
         <file>&lt;internal&gt;</file>
         <name>&lt;internal&gt;</name>
      </input_file>
      <input_file id="fl-c1">
         <path>C:\ti\ccs930\ccs\tools\compiler\ti-cgt-arm_18.12.4.LTS\lib\</path>
         <kind>archive</kind>
         <file>rtsv7M4_T_le_v4SPD16_eabi.lib</file>
         <name>memcpy_t2.asm.obj</name>
      </input_file>
      <input_file id="fl-c2">
         <path>C:\ti\ccs930\ccs\tools\compiler\ti-cgt-arm_18.12.4.LTS\lib\</path>
         <kind>archive</kind>
         <file>rtsv7M4_T_le_v4SPD16_eabi.lib</file>
         <name>u_divt2.asm.obj</name>
      </input_file>
      <input_file id="fl-c3">
         <path>C:\ti\ccs930\ccs\tools\compiler\ti-cgt-arm_18.12.4.LTS\lib\</path>
         <kind>archive</kind>
         <file>rtsv7M4_T_le_v4SPD16_eabi.lib</file>
         <name>copy_zero_init.c.obj</name>
      </input_file>
      <input_file id="fl-c4">
         <path>C:\ti\ccs930\ccs\tools\compiler\ti-cgt-arm_18.12.4.LTS\lib\</path>
         <kind>archive</kind>
         <file>rtsv7M4_T_le_v4SPD16_eabi.lib</file>
         <name>copy_decompress_none.c.obj</name>
      </input_file>
      <input_file id="fl-c5">
         <path>C:\ti\ccs930\ccs\tools\compiler\ti-cgt-arm_18.12.4.LTS\lib\</path>
         <kind>archive</kind>
         <file>rtsv7M4_T_le_v4SPD16_eabi.lib</file>
         <name>copy_decompress_lzss.c.obj</name>
      </input_file>
      <input_file id="fl-c6">
         <path>C:\ti\ccs930\ccs\tools\compiler\ti-cgt-arm_18.12.4.LTS\lib\</path>
         <kind>archive</kind>
         <file>rtsv7M4_T_le_v4SPD16_eabi.lib</file>
         <name>boot_cortex_m.c.obj</name>
      </input_file>
      <input_file id="fl-c7">
         <path>C:\ti\ccs930\ccs\tools\compiler\ti-cgt-arm_18.12.4.LTS\lib\</path>
         <kind>archive</kind>
         <file>rtsv7M4_T_le_v4SPD16_eabi.lib</file>
         <name>div0.asm.obj</name>
      </input_file>
      <input_file id="fl-c8">
         <path>C:\ti\ccs930\ccs\tools\compiler\ti-cgt-arm_18.12.4.LTS\lib\</path>
         <kind>archive</kind>
         <file>rtsv7M4_T_le_v4SPD16_eabi.lib</file>
         <name>memset_t2.asm.obj</name>
      </input_file>
      <input_file id="fl-c9">
         <path>C:\ti\ccs930\ccs\tools\compiler\ti-cgt-arm_18.12.4.LTS\lib\</path>
         <kind>archive</kind>
         <file>rtsv7M4_T_le_v4SPD16_eabi.lib</file>
         <name>autoinit.c.obj</name>
      </input_file>
      <input_file id="fl-ca">
         <path>C:\ti\ccs930\ccs\tools\compiler\ti-cgt-arm_18.12.4.LTS\lib\</path>
         <kind>archive</kind>
         <file>rtsv7M4_T_le_v4SPD16_eabi.lib</file>
         <name>pre_init.c.obj</name>
      </input_file>
      <input_file id="fl-cb">
         <path>C:\ti\ccs930\ccs\tools\compiler\ti-cgt-arm_18.12.4.LTS\lib\</path>
         <kind>archive</kind>
         <file>rtsv7M4_T_le_v4SPD16_eabi.lib</file>
         <name>cpy_tbl.c.obj</name>
      </input_file>
      <input_file id="fl-cc">
         <path>C:\ti\ccs930\ccs\tools\compiler\ti-cgt-arm_18.12.4.LTS\lib\</path>
         <kind>archive</kind>
         <file>rtsv7M4_T_le_v4SPD16_eabi.lib</file>
         <name>exit.c.obj</name>
      </input_file>
      <input_file id="fl-cd">
         <path>C:\ti\ccs930\ccs\tools\compiler\ti-cgt-arm_18.12.4.LTS\lib\</path>
         <kind>archive</kind>
         <file>rtsv7M4_T_le_v4SPD16_eabi.lib</file>
         <name>_lock.c.obj</name>
      </input_file>
      <input_file id="fl-ce">
         <path>C:\ti\ccs930\ccs\tools\compiler\ti-cgt-arm_18.12.4.LTS\lib\</path>
         <kind>archive</kind>
         <file>rtsv7M4_T_le_v4SPD16_eabi.lib</file>
         <name>args_main.c.obj</name>
      </input_file>
      <input_file id="fl-cf">
         <path>c:\ti\tivaware_c_series_2_1_4_178\driverlib\ccs\Debug\</path>
         <kind>archive</kind>
         <file>driverlib.lib</file>
         <name>can.obj</name>
      </input_file>
      <input_file id="fl-d0">
         <path>c:\ti\tivaware_c_series_2_1_4_178\driverlib\ccs\Debug\</path>
         <kind>archive</kind>
         <file>driverlib.lib</file>
         <name>gpio.obj</name>
      </input_file>
      <input_file id="fl-d1">
         <path>c:\ti\tivaware_c_series_2_1_4_178\driverlib\ccs\Debug\</path>
         <kind>archive</kind>
         <file>driverlib.lib</file>
         <name>interrupt.obj</name>
      </input_file>
      <input_file id="fl-d2">
         <path>c:\ti\tivaware_c_series_2_1_4_178\driverlib\ccs\Debug\</path>
         <kind>archive</kind>
         <file>driverlib.lib</file>
         <name>sysctl.obj</name>
      </input_file>
      <input_file id="fl-d3">
         <path>c:\ti\tivaware_c_series_2_1_4_178\driverlib\ccs\Debug\</path>
         <kind>archive</kind>
         <file>driverlib.lib</file>
         <name>systick.obj</name>
      </input_file>
      <input_file id="fl-d4">
         <path>c:\ti\tivaware_c_series_2_1_4_178\driverlib\ccs\Debug\</path>
         <kind>archive</kind>
         <file>driverlib.lib</file>
         <name>uart.obj</name>
      </input_file>
      <input_file id="fl-d5">
         <path>c:\ti\tivaware_c_series_2_1_4_178\driverlib\ccs\Debug\</path>
         <kind>archive</kind>
         <file>driverlib.lib</file>
         <name>cpu.obj</name>
      </input_file>
   </input_file_list>
   <object_component_list>
      <object_component id="oc-f">
         <name>.intvecs</name>
         <load_address>0x0</load_address>
         <run_address>0x0</run_address>
         <size>0x26c</size>
         <input_file_ref idref="fl-5"/>
      </object_component>
      <object_component id="oc-208">
         <name>.text:UARTvprintf</name>
         <load_address>0x26c</load_address>
         <run_address>0x26c</run_address>
         <size>0x1ee</size>
         <input_file_ref idref="fl-6"/>
      </object_component>
      <object_component id="oc-21c">
         <name>.text:CANMessageSet</name>
         <load_address>0x45a</load_address>
         <run_address>0x45a</run_address>
         <size>0x136</size>
         <input_file_ref idref="fl-cf"/>
      </object_component>
      <object_component id="oc-258">
         <name>.text:GPIOPadConfigSet</name>
         <load_address>0x590</load_address>
         <run_address>0x590</run_address>
         <size>0x132</size>
         <input_file_ref idref="fl-d0"/>
      </object_component>
      <object_component id="oc-30">
         <name>.text:FaultISR</name>
         <load_address>0x6c2</load_address>
         <run_address>0x6c2</run_address>
         <size>0x2</size>
         <input_file_ref idref="fl-5"/>
      </object_component>
      <object_component id="oc-12e">
         <name>.text:SysCtlClockGet</name>
         <load_address>0x6c4</load_address>
         <run_address>0x6c4</run_address>
         <size>0x110</size>
         <input_file_ref idref="fl-d2"/>
      </object_component>
      <object_component id="oc-11c">
         <name>.text:SysCtlClockSet</name>
         <load_address>0x7d4</load_address>
         <run_address>0x7d4</run_address>
         <size>0xf4</size>
         <input_file_ref idref="fl-d2"/>
      </object_component>
      <object_component id="oc-d3">
         <name>.text:main</name>
         <load_address>0x8c8</load_address>
         <run_address>0x8c8</run_address>
         <size>0xbc</size>
         <input_file_ref idref="fl-4"/>
      </object_component>
      <object_component id="oc-56">
         <name>.text</name>
         <load_address>0x984</load_address>
         <run_address>0x984</run_address>
         <size>0x9c</size>
         <input_file_ref idref="fl-c1"/>
      </object_component>
      <object_component id="oc-128">
         <name>.text:ConfigureCAN</name>
         <load_address>0xa20</load_address>
         <run_address>0xa20</run_address>
         <size>0x70</size>
         <input_file_ref idref="fl-4"/>
      </object_component>
      <object_component id="oc-1e0">
         <name>.text:CANBitRateSet</name>
         <load_address>0xa90</load_address>
         <run_address>0xa90</run_address>
         <size>0x6c</size>
         <input_file_ref idref="fl-cf"/>
      </object_component>
      <object_component id="oc-1ec">
         <name>.text:IntEnable</name>
         <load_address>0xafc</load_address>
         <run_address>0xafc</run_address>
         <size>0x68</size>
         <input_file_ref idref="fl-d1"/>
      </object_component>
      <object_component id="oc-12">
         <name>.text:decompress:lzss:__TI_decompress_lzss</name>
         <load_address>0xb64</load_address>
         <run_address>0xb64</run_address>
         <size>0x68</size>
         <input_file_ref idref="fl-c5"/>
      </object_component>
      <object_component id="oc-1cd">
         <name>.text:UARTStdioConfig</name>
         <load_address>0xbcc</load_address>
         <run_address>0xbcc</run_address>
         <size>0x60</size>
         <input_file_ref idref="fl-6"/>
      </object_component>
      <object_component id="oc-122">
         <name>.text:ConfigureUART</name>
         <load_address>0xc2c</load_address>
         <run_address>0xc2c</run_address>
         <size>0x4c</size>
         <input_file_ref idref="fl-4"/>
      </object_component>
      <object_component id="oc-42">
         <name>.text:CANIntHandler</name>
         <load_address>0xc78</load_address>
         <run_address>0xc78</run_address>
         <size>0x48</size>
         <input_file_ref idref="fl-4"/>
      </object_component>
      <object_component id="oc-1bb">
         <name>.text:GPIOPinConfigure</name>
         <load_address>0xcc0</load_address>
         <run_address>0xcc0</run_address>
         <size>0x48</size>
         <input_file_ref idref="fl-d0"/>
      </object_component>
      <object_component id="oc-280">
         <name>.text:UARTwrite</name>
         <load_address>0xd08</load_address>
         <run_address>0xd08</run_address>
         <size>0x48</size>
         <input_file_ref idref="fl-6"/>
      </object_component>
      <object_component id="oc-177">
         <name>.text:__TI_auto_init_nobinit_nopinit:__TI_auto_init_nobinit_nopinit</name>
         <load_address>0xd50</load_address>
         <run_address>0xd50</run_address>
         <size>0x44</size>
         <input_file_ref idref="fl-c9"/>
      </object_component>
      <object_component id="oc-9c">
         <name>.text:CANStatusGet</name>
         <load_address>0xd94</load_address>
         <run_address>0xd94</run_address>
         <size>0x40</size>
         <input_file_ref idref="fl-cf"/>
      </object_component>
      <object_component id="oc-286">
         <name>.text</name>
         <load_address>0xdd4</load_address>
         <run_address>0xdd4</run_address>
         <size>0x40</size>
         <input_file_ref idref="fl-c2"/>
      </object_component>
      <object_component id="oc-1da">
         <name>.text:CANInit</name>
         <load_address>0xe14</load_address>
         <run_address>0xe14</run_address>
         <size>0x3a</size>
         <input_file_ref idref="fl-cf"/>
      </object_component>
      <object_component id="oc-36">
         <name>.text:IntDefaultHandler</name>
         <load_address>0xe4e</load_address>
         <run_address>0xe4e</run_address>
         <size>0x2</size>
         <input_file_ref idref="fl-5"/>
      </object_component>
      <object_component id="oc-1b5">
         <name>.text:SysCtlPeripheralEnable</name>
         <load_address>0xe50</load_address>
         <run_address>0xe50</run_address>
         <size>0x34</size>
         <input_file_ref idref="fl-d2"/>
      </object_component>
      <object_component id="oc-74">
         <name>.text:_c_int00_noargs:_c_int00_noargs</name>
         <load_address>0xe84</load_address>
         <run_address>0xe84</run_address>
         <size>0x34</size>
         <input_file_ref idref="fl-c6"/>
      </object_component>
      <object_component id="oc-152">
         <name>.text:GenerateMPPT1OutputPower</name>
         <load_address>0xeb8</load_address>
         <run_address>0xeb8</run_address>
         <size>0x2c</size>
         <input_file_ref idref="fl-2"/>
      </object_component>
      <object_component id="oc-164">
         <name>.text:GenerateMPPT1Temperature</name>
         <load_address>0xee4</load_address>
         <run_address>0xee4</run_address>
         <size>0x2c</size>
         <input_file_ref idref="fl-2"/>
      </object_component>
      <object_component id="oc-158">
         <name>.text:SendCANMsg</name>
         <load_address>0xf10</load_address>
         <run_address>0xf10</run_address>
         <size>0x2c</size>
         <input_file_ref idref="fl-4"/>
      </object_component>
      <object_component id="oc-252">
         <name>.text:GPIODirModeSet</name>
         <load_address>0xf3c</load_address>
         <run_address>0xf3c</run_address>
         <size>0x2a</size>
         <input_file_ref idref="fl-d0"/>
      </object_component>
      <object_component id="oc-290">
         <name>.text:_CANDataRegWrite</name>
         <load_address>0xf66</load_address>
         <run_address>0xf66</run_address>
         <size>0x24</size>
         <input_file_ref idref="fl-cf"/>
      </object_component>
      <object_component id="oc-96">
         <name>.text:CANIntClear</name>
         <load_address>0xf8a</load_address>
         <run_address>0xf8a</run_address>
         <size>0x22</size>
         <input_file_ref idref="fl-cf"/>
      </object_component>
      <object_component id="oc-90">
         <name>.text:CANIntStatus</name>
         <load_address>0xfac</load_address>
         <run_address>0xfac</run_address>
         <size>0x20</size>
         <input_file_ref idref="fl-cf"/>
      </object_component>
      <object_component id="oc-215">
         <name>.text:WriteToCANMsg</name>
         <load_address>0xfcc</load_address>
         <run_address>0xfcc</run_address>
         <size>0x1c</size>
         <input_file_ref idref="fl-3"/>
      </object_component>
      <object_component id="oc-62">
         <name>.text:decompress:ZI:__TI_zero_init_nomemset:__TI_zero_init_nomemset</name>
         <load_address>0xfe8</load_address>
         <run_address>0xfe8</run_address>
         <size>0x1c</size>
         <input_file_ref idref="fl-c3"/>
      </object_component>
      <object_component id="oc-14c">
         <name>.text:UARTprintf</name>
         <load_address>0x1004</load_address>
         <run_address>0x1004</run_address>
         <size>0x1a</size>
         <input_file_ref idref="fl-6"/>
      </object_component>
      <object_component id="oc-2a">
         <name>.text:NmiSR</name>
         <load_address>0x101e</load_address>
         <run_address>0x101e</run_address>
         <size>0x2</size>
         <input_file_ref idref="fl-5"/>
      </object_component>
      <object_component id="oc-146">
         <name>.text:SysTickEnable</name>
         <load_address>0x1020</load_address>
         <run_address>0x1020</run_address>
         <size>0x14</size>
         <input_file_ref idref="fl-d3"/>
      </object_component>
      <object_component id="oc-140">
         <name>.text:SysTickIntEnable</name>
         <load_address>0x1034</load_address>
         <run_address>0x1034</run_address>
         <size>0x14</size>
         <input_file_ref idref="fl-d3"/>
      </object_component>
      <object_component id="oc-1d4">
         <name>.text:GPIOPinTypeCAN</name>
         <load_address>0x1048</load_address>
         <run_address>0x1048</run_address>
         <size>0x12</size>
         <input_file_ref idref="fl-d0"/>
      </object_component>
      <object_component id="oc-1c1">
         <name>.text:GPIOPinTypeUART</name>
         <load_address>0x105a</load_address>
         <run_address>0x105a</run_address>
         <size>0x12</size>
         <input_file_ref idref="fl-d0"/>
      </object_component>
      <object_component id="oc-15e">
         <name>.text:Delay</name>
         <load_address>0x106c</load_address>
         <run_address>0x106c</run_address>
         <size>0x10</size>
         <input_file_ref idref="fl-4"/>
      </object_component>
      <object_component id="oc-13a">
         <name>.text:IntMasterEnable</name>
         <load_address>0x107c</load_address>
         <run_address>0x107c</run_address>
         <size>0x10</size>
         <input_file_ref idref="fl-d1"/>
      </object_component>
      <object_component id="oc-3c">
         <name>.text:SysTickHandler</name>
         <load_address>0x108c</load_address>
         <run_address>0x108c</run_address>
         <size>0x10</size>
         <input_file_ref idref="fl-4"/>
      </object_component>
      <object_component id="oc-134">
         <name>.text:SysTickPeriodSet</name>
         <load_address>0x109c</load_address>
         <run_address>0x109c</run_address>
         <size>0x10</size>
         <input_file_ref idref="fl-d3"/>
      </object_component>
      <object_component id="oc-18">
         <name>.text:decompress:none:__TI_decompress_none</name>
         <load_address>0x10ac</load_address>
         <run_address>0x10ac</run_address>
         <size>0xe</size>
         <input_file_ref idref="fl-c4"/>
      </object_component>
      <object_component id="oc-1ff">
         <name>.text:CPUcpsie</name>
         <load_address>0x10ba</load_address>
         <run_address>0x10ba</run_address>
         <size>0xc</size>
         <input_file_ref idref="fl-d5"/>
      </object_component>
      <object_component id="oc-1f2">
         <name>.text:CANEnable</name>
         <load_address>0x10c6</load_address>
         <run_address>0x10c6</run_address>
         <size>0xa</size>
         <input_file_ref idref="fl-cf"/>
      </object_component>
      <object_component id="oc-1e6">
         <name>.text:CANIntEnable</name>
         <load_address>0x10d0</load_address>
         <run_address>0x10d0</run_address>
         <size>0x8</size>
         <input_file_ref idref="fl-cf"/>
      </object_component>
      <object_component id="oc-24">
         <name>.text:ResetISR</name>
         <load_address>0x10d8</load_address>
         <run_address>0x10d8</run_address>
         <size>0x6</size>
         <input_file_ref idref="fl-5"/>
      </object_component>
      <object_component id="oc-1b2">
         <name>.text:SysCtlDelay</name>
         <load_address>0x10de</load_address>
         <run_address>0x10de</run_address>
         <size>0x6</size>
         <input_file_ref idref="fl-d2"/>
      </object_component>
      <object_component id="oc-1c7">
         <name>.text:UARTClockSourceSet</name>
         <load_address>0x10e4</load_address>
         <run_address>0x10e4</run_address>
         <size>0x6</size>
         <input_file_ref idref="fl-d4"/>
      </object_component>
      <object_component id="oc-cd">
         <name>.text:_system_pre_init</name>
         <load_address>0x10ea</load_address>
         <run_address>0x10ea</run_address>
         <size>0x4</size>
         <input_file_ref idref="fl-ca"/>
      </object_component>
      <object_component id="oc-16b">
         <name>.text:abort:abort</name>
         <load_address>0x10ee</load_address>
         <run_address>0x10ee</run_address>
         <size>0x4</size>
         <input_file_ref idref="fl-cc"/>
      </object_component>
      <object_component id="oc-2cf">
         <name>.text</name>
         <load_address>0x10f2</load_address>
         <run_address>0x10f2</run_address>
         <size>0x2</size>
         <input_file_ref idref="fl-c7"/>
      </object_component>
      <object_component id="oc-24d">
         <name>.const:g_pui32GPIOBaseAddrs</name>
         <load_address>0x10f4</load_address>
         <run_address>0x10f4</run_address>
         <size>0x90</size>
         <input_file_ref idref="fl-d0"/>
      </object_component>
      <object_component id="oc-275">
         <name>.const</name>
         <load_address>0x1184</load_address>
         <run_address>0x1184</run_address>
         <size>0x70</size>
         <input_file_ref idref="fl-d1"/>
      </object_component>
      <object_component id="oc-1f9">
         <name>.const:g_pui32Xtals</name>
         <load_address>0x11f4</load_address>
         <run_address>0x11f4</run_address>
         <size>0x6c</size>
         <input_file_ref idref="fl-d2"/>
      </object_component>
      <object_component id="oc-270">
         <name>.const</name>
         <load_address>0x1260</load_address>
         <run_address>0x1260</run_address>
         <size>0x20</size>
         <input_file_ref idref="fl-cf"/>
      </object_component>
      <object_component id="oc-264">
         <name>.const:g_ui32UARTBase</name>
         <load_address>0x1280</load_address>
         <run_address>0x1280</run_address>
         <size>0xc</size>
         <input_file_ref idref="fl-6"/>
      </object_component>
      <object_component id="oc-261">
         <name>.const:g_ui32UARTPeriph</name>
         <load_address>0x128c</load_address>
         <run_address>0x128c</run_address>
         <size>0xc</size>
         <input_file_ref idref="fl-6"/>
      </object_component>
      <object_component id="oc-30f">
         <name>__TI_handler_table</name>
         <load_address>0x1298</load_address>
         <run_address>0x1298</run_address>
         <size>0xc</size>
      </object_component>
      <object_component id="oc-312">
         <name>.cinit..bss.load</name>
         <load_address>0x12a8</load_address>
         <run_address>0x12a8</run_address>
         <size>0x8</size>
      </object_component>
      <object_component id="oc-311">
         <name>.cinit..data.load</name>
         <load_address>0x12b0</load_address>
         <run_address>0x12b0</run_address>
         <size>0x7</size>
      </object_component>
      <object_component id="oc-310">
         <name>__TI_cinit_table</name>
         <load_address>0x12b8</load_address>
         <run_address>0x12b8</run_address>
         <size>0x10</size>
      </object_component>
      <object_component id="oc-a2">
         <name>.data</name>
         <load_address>0x20000200</load_address>
         <run_address>0x20000200</run_address>
         <size>0x5</size>
         <input_file_ref idref="fl-4"/>
      </object_component>
      <object_component id="oc-267">
         <name>.data</name>
         <load_address>0x20000208</load_address>
         <run_address>0x20000208</run_address>
         <size>0x5</size>
         <input_file_ref idref="fl-6"/>
      </object_component>
      <object_component id="oc-8c">
         <name>.common:g_timeds</name>
         <uninitialized>true</uninitialized>
         <run_address>0x20000210</run_address>
         <size>0x4</size>
      </object_component>
      <object_component id="oc-21">
         <name>.stack</name>
         <uninitialized>true</uninitialized>
         <run_address>0x20000000</run_address>
         <size>0x4</size>
         <input_file_ref idref="fl-c6"/>
      </object_component>
      <object_component id="oc-313">
         <name>.stack</name>
         <uninitialized>true</uninitialized>
         <run_address>0x20000000</run_address>
         <size>0x0</size>
      </object_component>
      <object_component id="oc-10b">
         <name>.debug_info</name>
         <load_address>0x0</load_address>
         <run_address>0x0</run_address>
         <size>0x339</size>
         <input_file_ref idref="fl-2"/>
      </object_component>
      <object_component id="oc-165">
         <name>.debug_info</name>
         <load_address>0x339</load_address>
         <run_address>0x339</run_address>
         <size>0x22f</size>
         <input_file_ref idref="fl-2"/>
      </object_component>
      <object_component id="oc-153">
         <name>.debug_info</name>
         <load_address>0x568</load_address>
         <run_address>0x568</run_address>
         <size>0x1b7</size>
         <input_file_ref idref="fl-2"/>
      </object_component>
      <object_component id="oc-1ad">
         <name>.debug_info</name>
         <load_address>0x71f</load_address>
         <run_address>0x71f</run_address>
         <size>0x110</size>
         <input_file_ref idref="fl-2"/>
      </object_component>
      <object_component id="oc-ad">
         <name>.debug_info</name>
         <load_address>0x82f</load_address>
         <run_address>0x82f</run_address>
         <size>0x26b</size>
         <input_file_ref idref="fl-2"/>
      </object_component>
      <object_component id="oc-ec">
         <name>.debug_info</name>
         <load_address>0xa9a</load_address>
         <run_address>0xa9a</run_address>
         <size>0x62</size>
         <input_file_ref idref="fl-2"/>
      </object_component>
      <object_component id="oc-51">
         <name>.debug_info</name>
         <load_address>0xafc</load_address>
         <run_address>0xafc</run_address>
         <size>0x84</size>
         <input_file_ref idref="fl-2"/>
      </object_component>
      <object_component id="oc-106">
         <name>.debug_info</name>
         <load_address>0xb80</load_address>
         <run_address>0xb80</run_address>
         <size>0x297</size>
         <input_file_ref idref="fl-2"/>
      </object_component>
      <object_component id="oc-a6">
         <name>.debug_info</name>
         <load_address>0xe17</load_address>
         <run_address>0xe17</run_address>
         <size>0xbb</size>
         <input_file_ref idref="fl-2"/>
      </object_component>
      <object_component id="oc-28f">
         <name>.debug_info</name>
         <load_address>0xed2</load_address>
         <run_address>0xed2</run_address>
         <size>0x2b3</size>
         <input_file_ref idref="fl-3"/>
      </object_component>
      <object_component id="oc-216">
         <name>.debug_info</name>
         <load_address>0x1185</load_address>
         <run_address>0x1185</run_address>
         <size>0x1e3</size>
         <input_file_ref idref="fl-3"/>
      </object_component>
      <object_component id="oc-8d">
         <name>.debug_info</name>
         <load_address>0x1368</load_address>
         <run_address>0x1368</run_address>
         <size>0x7dd</size>
         <input_file_ref idref="fl-4"/>
      </object_component>
      <object_component id="oc-a3">
         <name>.debug_info</name>
         <load_address>0x1b45</load_address>
         <run_address>0x1b45</run_address>
         <size>0x115</size>
         <input_file_ref idref="fl-4"/>
      </object_component>
      <object_component id="oc-126">
         <name>.debug_info</name>
         <load_address>0x1c5a</load_address>
         <run_address>0x1c5a</run_address>
         <size>0x1db</size>
         <input_file_ref idref="fl-4"/>
      </object_component>
      <object_component id="oc-12c">
         <name>.debug_info</name>
         <load_address>0x1e35</load_address>
         <run_address>0x1e35</run_address>
         <size>0x213</size>
         <input_file_ref idref="fl-4"/>
      </object_component>
      <object_component id="oc-15c">
         <name>.debug_info</name>
         <load_address>0x2048</load_address>
         <run_address>0x2048</run_address>
         <size>0x17a</size>
         <input_file_ref idref="fl-4"/>
      </object_component>
      <object_component id="oc-162">
         <name>.debug_info</name>
         <load_address>0x21c2</load_address>
         <run_address>0x21c2</run_address>
         <size>0x16d</size>
         <input_file_ref idref="fl-4"/>
      </object_component>
      <object_component id="oc-d7">
         <name>.debug_info</name>
         <load_address>0x232f</load_address>
         <run_address>0x232f</run_address>
         <size>0x25c</size>
         <input_file_ref idref="fl-4"/>
      </object_component>
      <object_component id="oc-40">
         <name>.debug_info</name>
         <load_address>0x258b</load_address>
         <run_address>0x258b</run_address>
         <size>0x130</size>
         <input_file_ref idref="fl-4"/>
      </object_component>
      <object_component id="oc-46">
         <name>.debug_info</name>
         <load_address>0x26bb</load_address>
         <run_address>0x26bb</run_address>
         <size>0x183</size>
         <input_file_ref idref="fl-4"/>
      </object_component>
      <object_component id="oc-e7">
         <name>.debug_info</name>
         <load_address>0x283e</load_address>
         <run_address>0x283e</run_address>
         <size>0x1b3</size>
         <input_file_ref idref="fl-4"/>
      </object_component>
      <object_component id="oc-f1">
         <name>.debug_info</name>
         <load_address>0x29f1</load_address>
         <run_address>0x29f1</run_address>
         <size>0x8b</size>
         <input_file_ref idref="fl-4"/>
      </object_component>
      <object_component id="oc-210">
         <name>.debug_info</name>
         <load_address>0x2a7c</load_address>
         <run_address>0x2a7c</run_address>
         <size>0x2c</size>
         <input_file_ref idref="fl-4"/>
      </object_component>
      <object_component id="oc-4a">
         <name>.debug_info</name>
         <load_address>0x2aa8</load_address>
         <run_address>0x2aa8</run_address>
         <size>0x2ef</size>
         <input_file_ref idref="fl-5"/>
      </object_component>
      <object_component id="oc-10">
         <name>.debug_info</name>
         <load_address>0x2d97</load_address>
         <run_address>0x2d97</run_address>
         <size>0xe8</size>
         <input_file_ref idref="fl-5"/>
      </object_component>
      <object_component id="oc-27">
         <name>.debug_info</name>
         <load_address>0x2e7f</load_address>
         <run_address>0x2e7f</run_address>
         <size>0x118</size>
         <input_file_ref idref="fl-5"/>
      </object_component>
      <object_component id="oc-2b">
         <name>.debug_info</name>
         <load_address>0x2f97</load_address>
         <run_address>0x2f97</run_address>
         <size>0x107</size>
         <input_file_ref idref="fl-5"/>
      </object_component>
      <object_component id="oc-39">
         <name>.debug_info</name>
         <load_address>0x309e</load_address>
         <run_address>0x309e</run_address>
         <size>0x121</size>
         <input_file_ref idref="fl-5"/>
      </object_component>
      <object_component id="oc-33">
         <name>.debug_info</name>
         <load_address>0x31bf</load_address>
         <run_address>0x31bf</run_address>
         <size>0x10f</size>
         <input_file_ref idref="fl-5"/>
      </object_component>
      <object_component id="oc-20f">
         <name>.debug_info</name>
         <load_address>0x32ce</load_address>
         <run_address>0x32ce</run_address>
         <size>0x2c5</size>
         <input_file_ref idref="fl-6"/>
      </object_component>
      <object_component id="oc-268">
         <name>.debug_info</name>
         <load_address>0x3593</load_address>
         <run_address>0x3593</run_address>
         <size>0x106</size>
         <input_file_ref idref="fl-6"/>
      </object_component>
      <object_component id="oc-265">
         <name>.debug_info</name>
         <load_address>0x3699</load_address>
         <run_address>0x3699</run_address>
         <size>0x10e</size>
         <input_file_ref idref="fl-6"/>
      </object_component>
      <object_component id="oc-262">
         <name>.debug_info</name>
         <load_address>0x37a7</load_address>
         <run_address>0x37a7</run_address>
         <size>0x112</size>
         <input_file_ref idref="fl-6"/>
      </object_component>
      <object_component id="oc-283">
         <name>.debug_info</name>
         <load_address>0x38b9</load_address>
         <run_address>0x38b9</run_address>
         <size>0x1fd</size>
         <input_file_ref idref="fl-6"/>
      </object_component>
      <object_component id="oc-20b">
         <name>.debug_info</name>
         <load_address>0x3ab6</load_address>
         <run_address>0x3ab6</run_address>
         <size>0x32f</size>
         <input_file_ref idref="fl-6"/>
      </object_component>
      <object_component id="oc-14e">
         <name>.debug_info</name>
         <load_address>0x3de5</load_address>
         <run_address>0x3de5</run_address>
         <size>0x1ca</size>
         <input_file_ref idref="fl-6"/>
      </object_component>
      <object_component id="oc-26a">
         <name>.debug_info</name>
         <load_address>0x3faf</load_address>
         <run_address>0x3faf</run_address>
         <size>0x248</size>
         <input_file_ref idref="fl-6"/>
      </object_component>
      <object_component id="oc-1cf">
         <name>.debug_info</name>
         <load_address>0x41f7</load_address>
         <run_address>0x41f7</run_address>
         <size>0x260</size>
         <input_file_ref idref="fl-6"/>
      </object_component>
      <object_component id="oc-57">
         <name>.debug_info</name>
         <load_address>0x4457</load_address>
         <run_address>0x4457</run_address>
         <size>0x118</size>
         <input_file_ref idref="fl-c1"/>
      </object_component>
      <object_component id="oc-289">
         <name>.debug_info</name>
         <load_address>0x456f</load_address>
         <run_address>0x456f</run_address>
         <size>0x141</size>
         <input_file_ref idref="fl-c2"/>
      </object_component>
      <object_component id="oc-c6">
         <name>.debug_info</name>
         <load_address>0x46b0</load_address>
         <run_address>0x46b0</run_address>
         <size>0x2d3</size>
         <input_file_ref idref="fl-c3"/>
      </object_component>
      <object_component id="oc-63">
         <name>.debug_info</name>
         <load_address>0x4983</load_address>
         <run_address>0x4983</run_address>
         <size>0x1d1</size>
         <input_file_ref idref="fl-c3"/>
      </object_component>
      <object_component id="oc-c1">
         <name>.debug_info</name>
         <load_address>0x4b54</load_address>
         <run_address>0x4b54</run_address>
         <size>0x46</size>
         <input_file_ref idref="fl-c3"/>
      </object_component>
      <object_component id="oc-113">
         <name>.debug_info</name>
         <load_address>0x4b9a</load_address>
         <run_address>0x4b9a</run_address>
         <size>0x2c</size>
         <input_file_ref idref="fl-c3"/>
      </object_component>
      <object_component id="oc-61">
         <name>.debug_info</name>
         <load_address>0x4bc6</load_address>
         <run_address>0x4bc6</run_address>
         <size>0x2a7</size>
         <input_file_ref idref="fl-c4"/>
      </object_component>
      <object_component id="oc-1c">
         <name>.debug_info</name>
         <load_address>0x4e6d</load_address>
         <run_address>0x4e6d</run_address>
         <size>0x1e9</size>
         <input_file_ref idref="fl-c4"/>
      </object_component>
      <object_component id="oc-5c">
         <name>.debug_info</name>
         <load_address>0x5056</load_address>
         <run_address>0x5056</run_address>
         <size>0x46</size>
         <input_file_ref idref="fl-c4"/>
      </object_component>
      <object_component id="oc-b9">
         <name>.debug_info</name>
         <load_address>0x509c</load_address>
         <run_address>0x509c</run_address>
         <size>0x2c</size>
         <input_file_ref idref="fl-c4"/>
      </object_component>
      <object_component id="oc-b7">
         <name>.debug_info</name>
         <load_address>0x50c8</load_address>
         <run_address>0x50c8</run_address>
         <size>0x29d</size>
         <input_file_ref idref="fl-c5"/>
      </object_component>
      <object_component id="oc-16">
         <name>.debug_info</name>
         <load_address>0x5365</load_address>
         <run_address>0x5365</run_address>
         <size>0x24f</size>
         <input_file_ref idref="fl-c5"/>
      </object_component>
      <object_component id="oc-4c">
         <name>.debug_info</name>
         <load_address>0x55b4</load_address>
         <run_address>0x55b4</run_address>
         <size>0x60</size>
         <input_file_ref idref="fl-c5"/>
      </object_component>
      <object_component id="oc-10c">
         <name>.debug_info</name>
         <load_address>0x5614</load_address>
         <run_address>0x5614</run_address>
         <size>0x46</size>
         <input_file_ref idref="fl-c5"/>
      </object_component>
      <object_component id="oc-b2">
         <name>.debug_info</name>
         <load_address>0x565a</load_address>
         <run_address>0x565a</run_address>
         <size>0x39</size>
         <input_file_ref idref="fl-c5"/>
      </object_component>
      <object_component id="oc-22">
         <name>.debug_info</name>
         <load_address>0x5693</load_address>
         <run_address>0x5693</run_address>
         <size>0x10a</size>
         <input_file_ref idref="fl-c6"/>
      </object_component>
      <object_component id="oc-77">
         <name>.debug_info</name>
         <load_address>0x579d</load_address>
         <run_address>0x579d</run_address>
         <size>0x1a8</size>
         <input_file_ref idref="fl-c6"/>
      </object_component>
      <object_component id="oc-2d2">
         <name>.debug_info</name>
         <load_address>0x5945</load_address>
         <run_address>0x5945</run_address>
         <size>0x114</size>
         <input_file_ref idref="fl-c7"/>
      </object_component>
      <object_component id="oc-230">
         <name>.debug_info</name>
         <load_address>0x5a59</load_address>
         <run_address>0x5a59</run_address>
         <size>0x4b2</size>
         <input_file_ref idref="fl-c9"/>
      </object_component>
      <object_component id="oc-178">
         <name>.debug_info</name>
         <load_address>0x5f0b</load_address>
         <run_address>0x5f0b</run_address>
         <size>0x1a5</size>
         <input_file_ref idref="fl-c9"/>
      </object_component>
      <object_component id="oc-2a7">
         <name>.debug_info</name>
         <load_address>0x60b0</load_address>
         <run_address>0x60b0</run_address>
         <size>0x39</size>
         <input_file_ref idref="fl-c9"/>
      </object_component>
      <object_component id="oc-2db">
         <name>.debug_info</name>
         <load_address>0x60e9</load_address>
         <run_address>0x60e9</run_address>
         <size>0x39</size>
         <input_file_ref idref="fl-c9"/>
      </object_component>
      <object_component id="oc-2ac">
         <name>.debug_info</name>
         <load_address>0x6122</load_address>
         <run_address>0x6122</run_address>
         <size>0x39</size>
         <input_file_ref idref="fl-c9"/>
      </object_component>
      <object_component id="oc-2b1">
         <name>.debug_info</name>
         <load_address>0x615b</load_address>
         <run_address>0x615b</run_address>
         <size>0xcd</size>
         <input_file_ref idref="fl-c9"/>
      </object_component>
      <object_component id="oc-d1">
         <name>.debug_info</name>
         <load_address>0x6228</load_address>
         <run_address>0x6228</run_address>
         <size>0x152</size>
         <input_file_ref idref="fl-ca"/>
      </object_component>
      <object_component id="oc-16c">
         <name>.debug_info</name>
         <load_address>0x637a</load_address>
         <run_address>0x637a</run_address>
         <size>0x121</size>
         <input_file_ref idref="fl-cc"/>
      </object_component>
      <object_component id="oc-101">
         <name>.debug_info</name>
         <load_address>0x649b</load_address>
         <run_address>0x649b</run_address>
         <size>0x227</size>
         <input_file_ref idref="fl-cf"/>
      </object_component>
      <object_component id="oc-271">
         <name>.debug_info</name>
         <load_address>0x66c2</load_address>
         <run_address>0x66c2</run_address>
         <size>0x156</size>
         <input_file_ref idref="fl-cf"/>
      </object_component>
      <object_component id="oc-9d">
         <name>.debug_info</name>
         <load_address>0x6818</load_address>
         <run_address>0x6818</run_address>
         <size>0x286</size>
         <input_file_ref idref="fl-cf"/>
      </object_component>
      <object_component id="oc-291">
         <name>.debug_info</name>
         <load_address>0x6a9e</load_address>
         <run_address>0x6a9e</run_address>
         <size>0x2dd</size>
         <input_file_ref idref="fl-cf"/>
      </object_component>
      <object_component id="oc-21d">
         <name>.debug_info</name>
         <load_address>0x6d7b</load_address>
         <run_address>0x6d7b</run_address>
         <size>0x413</size>
         <input_file_ref idref="fl-cf"/>
      </object_component>
      <object_component id="oc-91">
         <name>.debug_info</name>
         <load_address>0x718e</load_address>
         <run_address>0x718e</run_address>
         <size>0x28c</size>
         <input_file_ref idref="fl-cf"/>
      </object_component>
      <object_component id="oc-1e7">
         <name>.debug_info</name>
         <load_address>0x741a</load_address>
         <run_address>0x741a</run_address>
         <size>0x28a</size>
         <input_file_ref idref="fl-cf"/>
      </object_component>
      <object_component id="oc-97">
         <name>.debug_info</name>
         <load_address>0x76a4</load_address>
         <run_address>0x76a4</run_address>
         <size>0x286</size>
         <input_file_ref idref="fl-cf"/>
      </object_component>
      <object_component id="oc-1db">
         <name>.debug_info</name>
         <load_address>0x792a</load_address>
         <run_address>0x792a</run_address>
         <size>0x26c</size>
         <input_file_ref idref="fl-cf"/>
      </object_component>
      <object_component id="oc-1f3">
         <name>.debug_info</name>
         <load_address>0x7b96</load_address>
         <run_address>0x7b96</run_address>
         <size>0x242</size>
         <input_file_ref idref="fl-cf"/>
      </object_component>
      <object_component id="oc-1e1">
         <name>.debug_info</name>
         <load_address>0x7dd8</load_address>
         <run_address>0x7dd8</run_address>
         <size>0x360</size>
         <input_file_ref idref="fl-cf"/>
      </object_component>
      <object_component id="oc-fc">
         <name>.debug_info</name>
         <load_address>0x8138</load_address>
         <run_address>0x8138</run_address>
         <size>0x1b3</size>
         <input_file_ref idref="fl-cf"/>
      </object_component>
      <object_component id="oc-f7">
         <name>.debug_info</name>
         <load_address>0x82eb</load_address>
         <run_address>0x82eb</run_address>
         <size>0x18b</size>
         <input_file_ref idref="fl-cf"/>
      </object_component>
      <object_component id="oc-251">
         <name>.debug_info</name>
         <load_address>0x8476</load_address>
         <run_address>0x8476</run_address>
         <size>0x240</size>
         <input_file_ref idref="fl-d0"/>
      </object_component>
      <object_component id="oc-24e">
         <name>.debug_info</name>
         <load_address>0x86b6</load_address>
         <run_address>0x86b6</run_address>
         <size>0x15b</size>
         <input_file_ref idref="fl-d0"/>
      </object_component>
      <object_component id="oc-254">
         <name>.debug_info</name>
         <load_address>0x8811</load_address>
         <run_address>0x8811</run_address>
         <size>0x2b3</size>
         <input_file_ref idref="fl-d0"/>
      </object_component>
      <object_component id="oc-25a">
         <name>.debug_info</name>
         <load_address>0x8ac4</load_address>
         <run_address>0x8ac4</run_address>
         <size>0x316</size>
         <input_file_ref idref="fl-d0"/>
      </object_component>
      <object_component id="oc-1c2">
         <name>.debug_info</name>
         <load_address>0x8dda</load_address>
         <run_address>0x8dda</run_address>
         <size>0x27b</size>
         <input_file_ref idref="fl-d0"/>
      </object_component>
      <object_component id="oc-1d5">
         <name>.debug_info</name>
         <load_address>0x9055</load_address>
         <run_address>0x9055</run_address>
         <size>0x279</size>
         <input_file_ref idref="fl-d0"/>
      </object_component>
      <object_component id="oc-1bc">
         <name>.debug_info</name>
         <load_address>0x92ce</load_address>
         <run_address>0x92ce</run_address>
         <size>0x280</size>
         <input_file_ref idref="fl-d0"/>
      </object_component>
      <object_component id="oc-279">
         <name>.debug_info</name>
         <load_address>0x954e</load_address>
         <run_address>0x954e</run_address>
         <size>0x20e</size>
         <input_file_ref idref="fl-d1"/>
      </object_component>
      <object_component id="oc-276">
         <name>.debug_info</name>
         <load_address>0x975c</load_address>
         <run_address>0x975c</run_address>
         <size>0x210</size>
         <input_file_ref idref="fl-d1"/>
      </object_component>
      <object_component id="oc-13c">
         <name>.debug_info</name>
         <load_address>0x996c</load_address>
         <run_address>0x996c</run_address>
         <size>0x23e</size>
         <input_file_ref idref="fl-d1"/>
      </object_component>
      <object_component id="oc-1ed">
         <name>.debug_info</name>
         <load_address>0x9baa</load_address>
         <run_address>0x9baa</run_address>
         <size>0x268</size>
         <input_file_ref idref="fl-d1"/>
      </object_component>
      <object_component id="oc-1b4">
         <name>.debug_info</name>
         <load_address>0x9e12</load_address>
         <run_address>0x9e12</run_address>
         <size>0x298</size>
         <input_file_ref idref="fl-d2"/>
      </object_component>
      <object_component id="oc-1fa">
         <name>.debug_info</name>
         <load_address>0xa0aa</load_address>
         <run_address>0xa0aa</run_address>
         <size>0x14d</size>
         <input_file_ref idref="fl-d2"/>
      </object_component>
      <object_component id="oc-1b6">
         <name>.debug_info</name>
         <load_address>0xa1f7</load_address>
         <run_address>0xa1f7</run_address>
         <size>0x27d</size>
         <input_file_ref idref="fl-d2"/>
      </object_component>
      <object_component id="oc-11d">
         <name>.debug_info</name>
         <load_address>0xa474</load_address>
         <run_address>0xa474</run_address>
         <size>0x2db</size>
         <input_file_ref idref="fl-d2"/>
      </object_component>
      <object_component id="oc-12f">
         <name>.debug_info</name>
         <load_address>0xa74f</load_address>
         <run_address>0xa74f</run_address>
         <size>0x2b5</size>
         <input_file_ref idref="fl-d2"/>
      </object_component>
      <object_component id="oc-247">
         <name>.debug_info</name>
         <load_address>0xaa04</load_address>
         <run_address>0xaa04</run_address>
         <size>0x5f</size>
         <input_file_ref idref="fl-d2"/>
      </object_component>
      <object_component id="oc-1fe">
         <name>.debug_info</name>
         <load_address>0xaa63</load_address>
         <run_address>0xaa63</run_address>
         <size>0x19d</size>
         <input_file_ref idref="fl-d3"/>
      </object_component>
      <object_component id="oc-135">
         <name>.debug_info</name>
         <load_address>0xac00</load_address>
         <run_address>0xac00</run_address>
         <size>0x261</size>
         <input_file_ref idref="fl-d3"/>
      </object_component>
      <object_component id="oc-141">
         <name>.debug_info</name>
         <load_address>0xae61</load_address>
         <run_address>0xae61</run_address>
         <size>0x227</size>
         <input_file_ref idref="fl-d3"/>
      </object_component>
      <object_component id="oc-147">
         <name>.debug_info</name>
         <load_address>0xb088</load_address>
         <run_address>0xb088</run_address>
         <size>0x221</size>
         <input_file_ref idref="fl-d3"/>
      </object_component>
      <object_component id="oc-260">
         <name>.debug_info</name>
         <load_address>0xb2a9</load_address>
         <run_address>0xb2a9</run_address>
         <size>0x227</size>
         <input_file_ref idref="fl-d4"/>
      </object_component>
      <object_component id="oc-1c8">
         <name>.debug_info</name>
         <load_address>0xb4d0</load_address>
         <run_address>0xb4d0</run_address>
         <size>0x291</size>
         <input_file_ref idref="fl-d4"/>
      </object_component>
      <object_component id="oc-202">
         <name>.debug_info</name>
         <load_address>0xb761</load_address>
         <run_address>0xb761</run_address>
         <size>0x212</size>
         <input_file_ref idref="fl-d5"/>
      </object_component>
      <object_component id="oc-314">
         <name>.debug_info</name>
         <load_address>0xb973</load_address>
         <run_address>0xb973</run_address>
         <size>0xa8</size>
      </object_component>
      <object_component id="oc-1ac">
         <name>.debug_line</name>
         <load_address>0x0</load_address>
         <run_address>0x0</run_address>
         <size>0x2f</size>
         <input_file_ref idref="fl-2"/>
      </object_component>
      <object_component id="oc-168">
         <name>.debug_line</name>
         <load_address>0x2f</load_address>
         <run_address>0x2f</run_address>
         <size>0x4d</size>
         <input_file_ref idref="fl-2"/>
      </object_component>
      <object_component id="oc-156">
         <name>.debug_line</name>
         <load_address>0x7c</load_address>
         <run_address>0x7c</run_address>
         <size>0x4d</size>
         <input_file_ref idref="fl-2"/>
      </object_component>
      <object_component id="oc-1b0">
         <name>.debug_line</name>
         <load_address>0xc9</load_address>
         <run_address>0xc9</run_address>
         <size>0x6b</size>
         <input_file_ref idref="fl-2"/>
      </object_component>
      <object_component id="oc-b0">
         <name>.debug_line</name>
         <load_address>0x134</load_address>
         <run_address>0x134</run_address>
         <size>0x6f</size>
         <input_file_ref idref="fl-2"/>
      </object_component>
      <object_component id="oc-ef">
         <name>.debug_line</name>
         <load_address>0x1a3</load_address>
         <run_address>0x1a3</run_address>
         <size>0x2f</size>
         <input_file_ref idref="fl-2"/>
      </object_component>
      <object_component id="oc-54">
         <name>.debug_line</name>
         <load_address>0x1d2</load_address>
         <run_address>0x1d2</run_address>
         <size>0x20</size>
         <input_file_ref idref="fl-2"/>
      </object_component>
      <object_component id="oc-109">
         <name>.debug_line</name>
         <load_address>0x1f2</load_address>
         <run_address>0x1f2</run_address>
         <size>0x73</size>
         <input_file_ref idref="fl-2"/>
      </object_component>
      <object_component id="oc-a9">
         <name>.debug_line</name>
         <load_address>0x265</load_address>
         <run_address>0x265</run_address>
         <size>0x70</size>
         <input_file_ref idref="fl-2"/>
      </object_component>
      <object_component id="oc-2d6">
         <name>.debug_line</name>
         <load_address>0x2d5</load_address>
         <run_address>0x2d5</run_address>
         <size>0x20</size>
         <input_file_ref idref="fl-3"/>
      </object_component>
      <object_component id="oc-21a">
         <name>.debug_line</name>
         <load_address>0x2f5</load_address>
         <run_address>0x2f5</run_address>
         <size>0x4d</size>
         <input_file_ref idref="fl-3"/>
      </object_component>
      <object_component id="oc-e6">
         <name>.debug_line</name>
         <load_address>0x342</load_address>
         <run_address>0x342</run_address>
         <size>0x1cb</size>
         <input_file_ref idref="fl-4"/>
      </object_component>
      <object_component id="oc-105">
         <name>.debug_line</name>
         <load_address>0x50d</load_address>
         <run_address>0x50d</run_address>
         <size>0x38</size>
         <input_file_ref idref="fl-4"/>
      </object_component>
      <object_component id="oc-125">
         <name>.debug_line</name>
         <load_address>0x545</load_address>
         <run_address>0x545</run_address>
         <size>0x53</size>
         <input_file_ref idref="fl-4"/>
      </object_component>
      <object_component id="oc-129">
         <name>.debug_line</name>
         <load_address>0x598</load_address>
         <run_address>0x598</run_address>
         <size>0x59</size>
         <input_file_ref idref="fl-4"/>
      </object_component>
      <object_component id="oc-159">
         <name>.debug_line</name>
         <load_address>0x5f1</load_address>
         <run_address>0x5f1</run_address>
         <size>0x57</size>
         <input_file_ref idref="fl-4"/>
      </object_component>
      <object_component id="oc-15f">
         <name>.debug_line</name>
         <load_address>0x648</load_address>
         <run_address>0x648</run_address>
         <size>0x4a</size>
         <input_file_ref idref="fl-4"/>
      </object_component>
      <object_component id="oc-d6">
         <name>.debug_line</name>
         <load_address>0x692</load_address>
         <run_address>0x692</run_address>
         <size>0x5f</size>
         <input_file_ref idref="fl-4"/>
      </object_component>
      <object_component id="oc-3e">
         <name>.debug_line</name>
         <load_address>0x6f1</load_address>
         <run_address>0x6f1</run_address>
         <size>0x4d</size>
         <input_file_ref idref="fl-4"/>
      </object_component>
      <object_component id="oc-43">
         <name>.debug_line</name>
         <load_address>0x73e</load_address>
         <run_address>0x73e</run_address>
         <size>0x61</size>
         <input_file_ref idref="fl-4"/>
      </object_component>
      <object_component id="oc-ea">
         <name>.debug_line</name>
         <load_address>0x79f</load_address>
         <run_address>0x79f</run_address>
         <size>0x55</size>
         <input_file_ref idref="fl-4"/>
      </object_component>
      <object_component id="oc-f4">
         <name>.debug_line</name>
         <load_address>0x7f4</load_address>
         <run_address>0x7f4</run_address>
         <size>0x20</size>
         <input_file_ref idref="fl-4"/>
      </object_component>
      <object_component id="oc-213">
         <name>.debug_line</name>
         <load_address>0x814</load_address>
         <run_address>0x814</run_address>
         <size>0x6b</size>
         <input_file_ref idref="fl-4"/>
      </object_component>
      <object_component id="oc-ac">
         <name>.debug_line</name>
         <load_address>0x87f</load_address>
         <run_address>0x87f</run_address>
         <size>0x34</size>
         <input_file_ref idref="fl-5"/>
      </object_component>
      <object_component id="oc-49">
         <name>.debug_line</name>
         <load_address>0x8b3</load_address>
         <run_address>0x8b3</run_address>
         <size>0x34</size>
         <input_file_ref idref="fl-5"/>
      </object_component>
      <object_component id="oc-26">
         <name>.debug_line</name>
         <load_address>0x8e7</load_address>
         <run_address>0x8e7</run_address>
         <size>0x46</size>
         <input_file_ref idref="fl-5"/>
      </object_component>
      <object_component id="oc-2f">
         <name>.debug_line</name>
         <load_address>0x92d</load_address>
         <run_address>0x92d</run_address>
         <size>0x49</size>
         <input_file_ref idref="fl-5"/>
      </object_component>
      <object_component id="oc-37">
         <name>.debug_line</name>
         <load_address>0x976</load_address>
         <run_address>0x976</run_address>
         <size>0x49</size>
         <input_file_ref idref="fl-5"/>
      </object_component>
      <object_component id="oc-31">
         <name>.debug_line</name>
         <load_address>0x9bf</load_address>
         <run_address>0x9bf</run_address>
         <size>0x49</size>
         <input_file_ref idref="fl-5"/>
      </object_component>
      <object_component id="oc-28d">
         <name>.debug_line</name>
         <load_address>0xa08</load_address>
         <run_address>0xa08</run_address>
         <size>0x20</size>
         <input_file_ref idref="fl-6"/>
      </object_component>
      <object_component id="oc-2c5">
         <name>.debug_line</name>
         <load_address>0xa28</load_address>
         <run_address>0xa28</run_address>
         <size>0x57</size>
         <input_file_ref idref="fl-6"/>
      </object_component>
      <object_component id="oc-2c3">
         <name>.debug_line</name>
         <load_address>0xa7f</load_address>
         <run_address>0xa7f</run_address>
         <size>0x57</size>
         <input_file_ref idref="fl-6"/>
      </object_component>
      <object_component id="oc-2c1">
         <name>.debug_line</name>
         <load_address>0xad6</load_address>
         <run_address>0xad6</run_address>
         <size>0x57</size>
         <input_file_ref idref="fl-6"/>
      </object_component>
      <object_component id="oc-282">
         <name>.debug_line</name>
         <load_address>0xb2d</load_address>
         <run_address>0xb2d</run_address>
         <size>0x87</size>
         <input_file_ref idref="fl-6"/>
      </object_component>
      <object_component id="oc-20a">
         <name>.debug_line</name>
         <load_address>0xbb4</load_address>
         <run_address>0xbb4</run_address>
         <size>0x186</size>
         <input_file_ref idref="fl-6"/>
      </object_component>
      <object_component id="oc-151">
         <name>.debug_line</name>
         <load_address>0xd3a</load_address>
         <run_address>0xd3a</run_address>
         <size>0x6e</size>
         <input_file_ref idref="fl-6"/>
      </object_component>
      <object_component id="oc-2c7">
         <name>.debug_line</name>
         <load_address>0xda8</load_address>
         <run_address>0xda8</run_address>
         <size>0xb2</size>
         <input_file_ref idref="fl-6"/>
      </object_component>
      <object_component id="oc-1d2">
         <name>.debug_line</name>
         <load_address>0xe5a</load_address>
         <run_address>0xe5a</run_address>
         <size>0x78</size>
         <input_file_ref idref="fl-6"/>
      </object_component>
      <object_component id="oc-5a">
         <name>.debug_line</name>
         <load_address>0xed2</load_address>
         <run_address>0xed2</run_address>
         <size>0x88</size>
         <input_file_ref idref="fl-c1"/>
      </object_component>
      <object_component id="oc-288">
         <name>.debug_line</name>
         <load_address>0xf5a</load_address>
         <run_address>0xf5a</run_address>
         <size>0x5b</size>
         <input_file_ref idref="fl-c2"/>
      </object_component>
      <object_component id="oc-119">
         <name>.debug_line</name>
         <load_address>0xfb5</load_address>
         <run_address>0xfb5</run_address>
         <size>0x90</size>
         <input_file_ref idref="fl-c3"/>
      </object_component>
      <object_component id="oc-67">
         <name>.debug_line</name>
         <load_address>0x1045</load_address>
         <run_address>0x1045</run_address>
         <size>0x56</size>
         <input_file_ref idref="fl-c3"/>
      </object_component>
      <object_component id="oc-c4">
         <name>.debug_line</name>
         <load_address>0x109b</load_address>
         <run_address>0x109b</run_address>
         <size>0x34</size>
         <input_file_ref idref="fl-c3"/>
      </object_component>
      <object_component id="oc-116">
         <name>.debug_line</name>
         <load_address>0x10cf</load_address>
         <run_address>0x10cf</run_address>
         <size>0x90</size>
         <input_file_ref idref="fl-c3"/>
      </object_component>
      <object_component id="oc-bf">
         <name>.debug_line</name>
         <load_address>0x115f</load_address>
         <run_address>0x115f</run_address>
         <size>0x20</size>
         <input_file_ref idref="fl-c4"/>
      </object_component>
      <object_component id="oc-1b">
         <name>.debug_line</name>
         <load_address>0x117f</load_address>
         <run_address>0x117f</run_address>
         <size>0x55</size>
         <input_file_ref idref="fl-c4"/>
      </object_component>
      <object_component id="oc-5f">
         <name>.debug_line</name>
         <load_address>0x11d4</load_address>
         <run_address>0x11d4</run_address>
         <size>0x3a</size>
         <input_file_ref idref="fl-c4"/>
      </object_component>
      <object_component id="oc-bc">
         <name>.debug_line</name>
         <load_address>0x120e</load_address>
         <run_address>0x120e</run_address>
         <size>0x90</size>
         <input_file_ref idref="fl-c4"/>
      </object_component>
      <object_component id="oc-112">
         <name>.debug_line</name>
         <load_address>0x129e</load_address>
         <run_address>0x129e</run_address>
         <size>0x20</size>
         <input_file_ref idref="fl-c5"/>
      </object_component>
      <object_component id="oc-15">
         <name>.debug_line</name>
         <load_address>0x12be</load_address>
         <run_address>0x12be</run_address>
         <size>0xa9</size>
         <input_file_ref idref="fl-c5"/>
      </object_component>
      <object_component id="oc-4f">
         <name>.debug_line</name>
         <load_address>0x1367</load_address>
         <run_address>0x1367</run_address>
         <size>0x3a</size>
         <input_file_ref idref="fl-c5"/>
      </object_component>
      <object_component id="oc-10f">
         <name>.debug_line</name>
         <load_address>0x13a1</load_address>
         <run_address>0x13a1</run_address>
         <size>0x98</size>
         <input_file_ref idref="fl-c5"/>
      </object_component>
      <object_component id="oc-b5">
         <name>.debug_line</name>
         <load_address>0x1439</load_address>
         <run_address>0x1439</run_address>
         <size>0x94</size>
         <input_file_ref idref="fl-c5"/>
      </object_component>
      <object_component id="oc-87">
         <name>.debug_line</name>
         <load_address>0x14cd</load_address>
         <run_address>0x14cd</run_address>
         <size>0x33</size>
         <input_file_ref idref="fl-c6"/>
      </object_component>
      <object_component id="oc-76">
         <name>.debug_line</name>
         <load_address>0x1500</load_address>
         <run_address>0x1500</run_address>
         <size>0x45</size>
         <input_file_ref idref="fl-c6"/>
      </object_component>
      <object_component id="oc-2d0">
         <name>.debug_line</name>
         <load_address>0x1545</load_address>
         <run_address>0x1545</run_address>
         <size>0x37</size>
         <input_file_ref idref="fl-c7"/>
      </object_component>
      <object_component id="oc-2a6">
         <name>.debug_line</name>
         <load_address>0x157c</load_address>
         <run_address>0x157c</run_address>
         <size>0xbd</size>
         <input_file_ref idref="fl-c9"/>
      </object_component>
      <object_component id="oc-17b">
         <name>.debug_line</name>
         <load_address>0x1639</load_address>
         <run_address>0x1639</run_address>
         <size>0x6f</size>
         <input_file_ref idref="fl-c9"/>
      </object_component>
      <object_component id="oc-2aa">
         <name>.debug_line</name>
         <load_address>0x16a8</load_address>
         <run_address>0x16a8</run_address>
         <size>0x2e</size>
         <input_file_ref idref="fl-c9"/>
      </object_component>
      <object_component id="oc-2de">
         <name>.debug_line</name>
         <load_address>0x16d6</load_address>
         <run_address>0x16d6</run_address>
         <size>0x98</size>
         <input_file_ref idref="fl-c9"/>
      </object_component>
      <object_component id="oc-2af">
         <name>.debug_line</name>
         <load_address>0x176e</load_address>
         <run_address>0x176e</run_address>
         <size>0x95</size>
         <input_file_ref idref="fl-c9"/>
      </object_component>
      <object_component id="oc-2b4">
         <name>.debug_line</name>
         <load_address>0x1803</load_address>
         <run_address>0x1803</run_address>
         <size>0x91</size>
         <input_file_ref idref="fl-c9"/>
      </object_component>
      <object_component id="oc-cf">
         <name>.debug_line</name>
         <load_address>0x1894</load_address>
         <run_address>0x1894</run_address>
         <size>0x40</size>
         <input_file_ref idref="fl-ca"/>
      </object_component>
      <object_component id="oc-170">
         <name>.debug_line</name>
         <load_address>0x18d4</load_address>
         <run_address>0x18d4</run_address>
         <size>0x3c</size>
         <input_file_ref idref="fl-cc"/>
      </object_component>
      <object_component id="oc-1aa">
         <name>.debug_line</name>
         <load_address>0x1910</load_address>
         <run_address>0x1910</run_address>
         <size>0x82</size>
         <input_file_ref idref="fl-cf"/>
      </object_component>
      <object_component id="oc-2c9">
         <name>.debug_line</name>
         <load_address>0x1992</load_address>
         <run_address>0x1992</run_address>
         <size>0x7c</size>
         <input_file_ref idref="fl-cf"/>
      </object_component>
      <object_component id="oc-a0">
         <name>.debug_line</name>
         <load_address>0x1a0e</load_address>
         <run_address>0x1a0e</run_address>
         <size>0xb2</size>
         <input_file_ref idref="fl-cf"/>
      </object_component>
      <object_component id="oc-294">
         <name>.debug_line</name>
         <load_address>0x1ac0</load_address>
         <run_address>0x1ac0</run_address>
         <size>0xa2</size>
         <input_file_ref idref="fl-cf"/>
      </object_component>
      <object_component id="oc-220">
         <name>.debug_line</name>
         <load_address>0x1b62</load_address>
         <run_address>0x1b62</run_address>
         <size>0x131</size>
         <input_file_ref idref="fl-cf"/>
      </object_component>
      <object_component id="oc-94">
         <name>.debug_line</name>
         <load_address>0x1c93</load_address>
         <run_address>0x1c93</run_address>
         <size>0x9e</size>
         <input_file_ref idref="fl-cf"/>
      </object_component>
      <object_component id="oc-1eb">
         <name>.debug_line</name>
         <load_address>0x1d31</load_address>
         <run_address>0x1d31</run_address>
         <size>0x91</size>
         <input_file_ref idref="fl-cf"/>
      </object_component>
      <object_component id="oc-9a">
         <name>.debug_line</name>
         <load_address>0x1dc2</load_address>
         <run_address>0x1dc2</run_address>
         <size>0x98</size>
         <input_file_ref idref="fl-cf"/>
      </object_component>
      <object_component id="oc-1de">
         <name>.debug_line</name>
         <load_address>0x1e5a</load_address>
         <run_address>0x1e5a</run_address>
         <size>0xa9</size>
         <input_file_ref idref="fl-cf"/>
      </object_component>
      <object_component id="oc-1f6">
         <name>.debug_line</name>
         <load_address>0x1f03</load_address>
         <run_address>0x1f03</run_address>
         <size>0x91</size>
         <input_file_ref idref="fl-cf"/>
      </object_component>
      <object_component id="oc-1e5">
         <name>.debug_line</name>
         <load_address>0x1f94</load_address>
         <run_address>0x1f94</run_address>
         <size>0xd0</size>
         <input_file_ref idref="fl-cf"/>
      </object_component>
      <object_component id="oc-ff">
         <name>.debug_line</name>
         <load_address>0x2064</load_address>
         <run_address>0x2064</run_address>
         <size>0x7c</size>
         <input_file_ref idref="fl-cf"/>
      </object_component>
      <object_component id="oc-fa">
         <name>.debug_line</name>
         <load_address>0x20e0</load_address>
         <run_address>0x20e0</run_address>
         <size>0x69</size>
         <input_file_ref idref="fl-cf"/>
      </object_component>
      <object_component id="oc-2bb">
         <name>.debug_line</name>
         <load_address>0x2149</load_address>
         <run_address>0x2149</run_address>
         <size>0x82</size>
         <input_file_ref idref="fl-d0"/>
      </object_component>
      <object_component id="oc-2b9">
         <name>.debug_line</name>
         <load_address>0x21cb</load_address>
         <run_address>0x21cb</run_address>
         <size>0x7d</size>
         <input_file_ref idref="fl-d0"/>
      </object_component>
      <object_component id="oc-253">
         <name>.debug_line</name>
         <load_address>0x2248</load_address>
         <run_address>0x2248</run_address>
         <size>0x95</size>
         <input_file_ref idref="fl-d0"/>
      </object_component>
      <object_component id="oc-259">
         <name>.debug_line</name>
         <load_address>0x22dd</load_address>
         <run_address>0x22dd</run_address>
         <size>0xd1</size>
         <input_file_ref idref="fl-d0"/>
      </object_component>
      <object_component id="oc-1c6">
         <name>.debug_line</name>
         <load_address>0x23ae</load_address>
         <run_address>0x23ae</run_address>
         <size>0x93</size>
         <input_file_ref idref="fl-d0"/>
      </object_component>
      <object_component id="oc-1d8">
         <name>.debug_line</name>
         <load_address>0x2441</load_address>
         <run_address>0x2441</run_address>
         <size>0x93</size>
         <input_file_ref idref="fl-d0"/>
      </object_component>
      <object_component id="oc-1bf">
         <name>.debug_line</name>
         <load_address>0x24d4</load_address>
         <run_address>0x24d4</run_address>
         <size>0xa7</size>
         <input_file_ref idref="fl-d0"/>
      </object_component>
      <object_component id="oc-2cd">
         <name>.debug_line</name>
         <load_address>0x257b</load_address>
         <run_address>0x257b</run_address>
         <size>0x7c</size>
         <input_file_ref idref="fl-d1"/>
      </object_component>
      <object_component id="oc-2cb">
         <name>.debug_line</name>
         <load_address>0x25f7</load_address>
         <run_address>0x25f7</run_address>
         <size>0x82</size>
         <input_file_ref idref="fl-d1"/>
      </object_component>
      <object_component id="oc-13b">
         <name>.debug_line</name>
         <load_address>0x2679</load_address>
         <run_address>0x2679</run_address>
         <size>0x97</size>
         <input_file_ref idref="fl-d1"/>
      </object_component>
      <object_component id="oc-1f0">
         <name>.debug_line</name>
         <load_address>0x2710</load_address>
         <run_address>0x2710</run_address>
         <size>0xc2</size>
         <input_file_ref idref="fl-d1"/>
      </object_component>
      <object_component id="oc-246">
         <name>.debug_line</name>
         <load_address>0x27d2</load_address>
         <run_address>0x27d2</run_address>
         <size>0x13d</size>
         <input_file_ref idref="fl-d2"/>
      </object_component>
      <object_component id="oc-27c">
         <name>.debug_line</name>
         <load_address>0x290f</load_address>
         <run_address>0x290f</run_address>
         <size>0x7f</size>
         <input_file_ref idref="fl-d2"/>
      </object_component>
      <object_component id="oc-1b9">
         <name>.debug_line</name>
         <load_address>0x298e</load_address>
         <run_address>0x298e</run_address>
         <size>0x94</size>
         <input_file_ref idref="fl-d2"/>
      </object_component>
      <object_component id="oc-120">
         <name>.debug_line</name>
         <load_address>0x2a22</load_address>
         <run_address>0x2a22</run_address>
         <size>0xee</size>
         <input_file_ref idref="fl-d2"/>
      </object_component>
      <object_component id="oc-132">
         <name>.debug_line</name>
         <load_address>0x2b10</load_address>
         <run_address>0x2b10</run_address>
         <size>0x11a</size>
         <input_file_ref idref="fl-d2"/>
      </object_component>
      <object_component id="oc-24a">
         <name>.debug_line</name>
         <load_address>0x2c2a</load_address>
         <run_address>0x2c2a</run_address>
         <size>0x7f</size>
         <input_file_ref idref="fl-d2"/>
      </object_component>
      <object_component id="oc-27e">
         <name>.debug_line</name>
         <load_address>0x2ca9</load_address>
         <run_address>0x2ca9</run_address>
         <size>0x82</size>
         <input_file_ref idref="fl-d3"/>
      </object_component>
      <object_component id="oc-138">
         <name>.debug_line</name>
         <load_address>0x2d2b</load_address>
         <run_address>0x2d2b</run_address>
         <size>0x95</size>
         <input_file_ref idref="fl-d3"/>
      </object_component>
      <object_component id="oc-145">
         <name>.debug_line</name>
         <load_address>0x2dc0</load_address>
         <run_address>0x2dc0</run_address>
         <size>0x95</size>
         <input_file_ref idref="fl-d3"/>
      </object_component>
      <object_component id="oc-14b">
         <name>.debug_line</name>
         <load_address>0x2e55</load_address>
         <run_address>0x2e55</run_address>
         <size>0x92</size>
         <input_file_ref idref="fl-d3"/>
      </object_component>
      <object_component id="oc-2bf">
         <name>.debug_line</name>
         <load_address>0x2ee7</load_address>
         <run_address>0x2ee7</run_address>
         <size>0x82</size>
         <input_file_ref idref="fl-d4"/>
      </object_component>
      <object_component id="oc-1cc">
         <name>.debug_line</name>
         <load_address>0x2f69</load_address>
         <run_address>0x2f69</run_address>
         <size>0x92</size>
         <input_file_ref idref="fl-d4"/>
      </object_component>
      <object_component id="oc-201">
         <name>.debug_line</name>
         <load_address>0x2ffb</load_address>
         <run_address>0x2ffb</run_address>
         <size>0x91</size>
         <input_file_ref idref="fl-d5"/>
      </object_component>
      <object_component id="oc-169">
         <name>.debug_frame</name>
         <load_address>0x0</load_address>
         <run_address>0x0</run_address>
         <size>0x5c</size>
         <input_file_ref idref="fl-2"/>
      </object_component>
      <object_component id="oc-157">
         <name>.debug_frame</name>
         <load_address>0x5c</load_address>
         <run_address>0x5c</run_address>
         <size>0x5c</size>
         <input_file_ref idref="fl-2"/>
      </object_component>
      <object_component id="oc-219">
         <name>.debug_frame</name>
         <load_address>0xb8</load_address>
         <run_address>0xb8</run_address>
         <size>0x58</size>
         <input_file_ref idref="fl-3"/>
      </object_component>
      <object_component id="oc-124">
         <name>.debug_frame</name>
         <load_address>0x110</load_address>
         <run_address>0x110</run_address>
         <size>0x58</size>
         <input_file_ref idref="fl-4"/>
      </object_component>
      <object_component id="oc-12b">
         <name>.debug_frame</name>
         <load_address>0x168</load_address>
         <run_address>0x168</run_address>
         <size>0x58</size>
         <input_file_ref idref="fl-4"/>
      </object_component>
      <object_component id="oc-15a">
         <name>.debug_frame</name>
         <load_address>0x1c0</load_address>
         <run_address>0x1c0</run_address>
         <size>0x5c</size>
         <input_file_ref idref="fl-4"/>
      </object_component>
      <object_component id="oc-161">
         <name>.debug_frame</name>
         <load_address>0x21c</load_address>
         <run_address>0x21c</run_address>
         <size>0x54</size>
         <input_file_ref idref="fl-4"/>
      </object_component>
      <object_component id="oc-d4">
         <name>.debug_frame</name>
         <load_address>0x270</load_address>
         <run_address>0x270</run_address>
         <size>0x68</size>
         <input_file_ref idref="fl-4"/>
      </object_component>
      <object_component id="oc-3f">
         <name>.debug_frame</name>
         <load_address>0x2d8</load_address>
         <run_address>0x2d8</run_address>
         <size>0x54</size>
         <input_file_ref idref="fl-4"/>
      </object_component>
      <object_component id="oc-44">
         <name>.debug_frame</name>
         <load_address>0x32c</load_address>
[...]
            <object_component_ref idref="oc-26b"/>
            <object_component_ref idref="oc-1d1"/>
            <object_component_ref idref="oc-59"/>
            <object_component_ref idref="oc-28a"/>
            <object_component_ref idref="oc-65"/>
            <object_component_ref idref="oc-1d"/>
            <object_component_ref idref="oc-17"/>
            <object_component_ref idref="oc-23"/>
            <object_component_ref idref="oc-78"/>
            <object_component_ref idref="oc-2d3"/>
            <object_component_ref idref="oc-179"/>
            <object_component_ref idref="oc-d2"/>
            <object_component_ref idref="oc-16d"/>
            <object_component_ref idref="oc-272"/>
            <object_component_ref idref="oc-9e"/>
            <object_component_ref idref="oc-292"/>
            <object_component_ref idref="oc-21f"/>
            <object_component_ref idref="oc-93"/>
            <object_component_ref idref="oc-1e9"/>
            <object_component_ref idref="oc-99"/>
            <object_component_ref idref="oc-1dd"/>
            <object_component_ref idref="oc-1f4"/>
            <object_component_ref idref="oc-1e3"/>
            <object_component_ref idref="oc-24f"/>
            <object_component_ref idref="oc-256"/>
            <object_component_ref idref="oc-25c"/>
            <object_component_ref idref="oc-1c4"/>
            <object_component_ref idref="oc-1d7"/>
            <object_component_ref idref="oc-1bd"/>
            <object_component_ref idref="oc-277"/>
            <object_component_ref idref="oc-13e"/>
            <object_component_ref idref="oc-1ee"/>
            <object_component_ref idref="oc-1fb"/>
            <object_component_ref idref="oc-1b8"/>
            <object_component_ref idref="oc-11f"/>
            <object_component_ref idref="oc-131"/>
            <object_component_ref idref="oc-137"/>
            <object_component_ref idref="oc-143"/>
            <object_component_ref idref="oc-149"/>
            <object_component_ref idref="oc-1ca"/>
            <object_component_ref idref="oc-203"/>
         </contents>
      </logical_group>
      <logical_group id="lg-305" display="never" color="cyan">
         <name>.debug_pubtypes</name>
         <load_address>0x0</load_address>
         <run_address>0x0</run_address>
         <size>0xe10</size>
         <contents>
            <object_component_ref idref="oc-1ae"/>
            <object_component_ref idref="oc-ae"/>
            <object_component_ref idref="oc-ed"/>
            <object_component_ref idref="oc-52"/>
            <object_component_ref idref="oc-107"/>
            <object_component_ref idref="oc-a7"/>
            <object_component_ref idref="oc-e8"/>
            <object_component_ref idref="oc-f2"/>
            <object_component_ref idref="oc-211"/>
            <object_component_ref idref="oc-c2"/>
            <object_component_ref idref="oc-114"/>
            <object_component_ref idref="oc-5d"/>
            <object_component_ref idref="oc-ba"/>
            <object_component_ref idref="oc-4d"/>
            <object_component_ref idref="oc-10d"/>
            <object_component_ref idref="oc-b3"/>
            <object_component_ref idref="oc-2a8"/>
            <object_component_ref idref="oc-2dc"/>
            <object_component_ref idref="oc-2ad"/>
            <object_component_ref idref="oc-2b2"/>
            <object_component_ref idref="oc-fd"/>
            <object_component_ref idref="oc-f8"/>
            <object_component_ref idref="oc-248"/>
         </contents>
      </logical_group>
      <load_segment id="lg-318" display="no" color="cyan">
         <name>SEGMENT_0</name>
         <load_address>0x0</load_address>
         <run_address>0x0</run_address>
         <size>0x12c8</size>
         <flags>0x5</flags>
         <contents>
            <logical_group_ref idref="lg-3"/>
            <logical_group_ref idref="lg-4"/>
            <logical_group_ref idref="lg-5"/>
            <logical_group_ref idref="lg-6"/>
         </contents>
      </load_segment>
      <load_segment id="lg-319" display="no" color="cyan">
         <name>SEGMENT_1</name>
         <run_address>0x20000000</run_address>
         <size>0x214</size>
         <flags>0x6</flags>
         <contents>
            <logical_group_ref idref="lg-d"/>
            <logical_group_ref idref="lg-a"/>
            <logical_group_ref idref="lg-b"/>
         </contents>
      </load_segment>
   </logical_group_list>
   <placement_map>
      <memory_area display="yes" color="green">
         <name>FLASH</name>
         <page_id>0x0</page_id>
         <origin>0x0</origin>
         <length>0x40000</length>
         <used_space>0x12c8</used_space>
         <unused_space>0x3ed38</unused_space>
         <attributes>RX</attributes>
         <usage_details>
            <allocated_space>
               <start_address>0x0</start_address>
               <size>0x26c</size>
               <logical_group_ref idref="lg-3"/>
            </allocated_space>
            <allocated_space>
               <start_address>0x26c</start_address>
               <size>0xe88</size>
               <logical_group_ref idref="lg-4"/>
            </allocated_space>
            <allocated_space>
               <start_address>0x10f4</start_address>
               <size>0x1a4</size>
               <logical_group_ref idref="lg-5"/>
            </allocated_space>
            <allocated_space>
               <start_address>0x1298</start_address>
               <size>0x30</size>
               <logical_group_ref idref="lg-6"/>
            </allocated_space>
            <available_space>
               <start_address>0x12c8</start_address>
               <size>0x3ed38</size>
            </available_space>
         </usage_details>
      </memory_area>
      <memory_area display="yes" color="green">
         <name>SRAM</name>
         <page_id>0x0</page_id>
         <origin>0x20000000</origin>
         <length>0x8000</length>
         <used_space>0x211</used_space>
         <unused_space>0x7def</unused_space>
         <attributes>RWX</attributes>
         <usage_details>
            <allocated_space>
               <start_address>0x20000000</start_address>
               <size>0x200</size>
               <logical_group_ref idref="lg-d"/>
            </allocated_space>
            <allocated_space>
               <start_address>0x20000200</start_address>
               <size>0xd</size>
               <logical_group_ref idref="lg-a"/>
            </allocated_space>
            <available_space>
               <start_address>0x2000020d</start_address>
               <size>0x3</size>
            </available_space>
            <allocated_space>
               <start_address>0x20000210</start_address>
               <size>0x4</size>
               <logical_group_ref idref="lg-b"/>
            </allocated_space>
            <available_space>
               <start_address>0x20000214</start_address>
               <size>0x7dec</size>
            </available_space>
         </usage_details>
      </memory_area>
   </placement_map>
   <cptbl_list>
      <cptbl>
         <name>__TI_cinit_table</name>
         <cprec>
            <name>.bss</name>
            <load_address>0x12a8</load_address>
            <load_size>0x8</load_size>
            <run_address>0x20000210</run_address>
            <run_size>0x4</run_size>
            <compression>zero_init</compression>
         </cprec>
         <cprec>
            <name>.data</name>
            <load_address>0x12b0</load_address>
            <load_size>0x7</load_size>
            <run_address>0x20000200</run_address>
            <run_size>0xd</run_size>
            <compression>lzss</compression>
         </cprec>
      </cptbl>
   </cptbl_list>
   <handler_table>
      <handler_table_name>__TI_handler_table</handler_table_name>
      <handler>
         <index>0x0</index>
         <name>__TI_decompress_lzss</name>
      </handler>
      <handler>
         <index>0x1</index>
         <name>__TI_decompress_none</name>
      </handler>
      <handler>
         <index>0x2</index>
         <name>__TI_zero_init</name>
      </handler>
   </handler_table>
   <symbol_table>
      <symbol id="sm-1">
         <name>__STACK_TOP</name>
         <value>0x20000200</value>
      </symbol>
      <symbol id="sm-2">
         <name>__TI_CINIT_Base</name>
         <value>0x12b8</value>
      </symbol>
      <symbol id="sm-3">
         <name>__TI_CINIT_Limit</name>
         <value>0x12c8</value>
      </symbol>
      <symbol id="sm-4">
         <name>__TI_Handler_Table_Base</name>
         <value>0x1298</value>
      </symbol>
      <symbol id="sm-5">
         <name>__TI_Handler_Table_Limit</name>
         <value>0x12a4</value>
      </symbol>
      <symbol id="sm-6">
         <name>binit</name>
         <value>0xffffffff</value>
      </symbol>
      <symbol id="sm-7">
         <name>__binit__</name>
         <value>0xffffffff</value>
      </symbol>
      <symbol id="sm-8">
         <name>__STACK_SIZE</name>
         <value>0x200</value>
      </symbol>
      <symbol id="sm-9">
         <name>__STACK_END</name>
         <value>0x20000200</value>
      </symbol>
      <symbol id="sm-a">
         <name>__c_args__</name>
         <value>0xffffffff</value>
      </symbol>
      <symbol id="sm-b">
         <name>__TI_pprof_out_hndl</name>
         <value>0xffffffff</value>
      </symbol>
      <symbol id="sm-c">
         <name>__TI_prof_data_start</name>
         <value>0xffffffff</value>
      </symbol>
      <symbol id="sm-d">
         <name>__TI_prof_data_size</name>
         <value>0xffffffff</value>
      </symbol>
      <symbol id="sm-55">
         <name>GenerateMPPT1OutputPower</name>
         <value>0xeb9</value>
         <object_component_ref idref="oc-152"/>
      </symbol>
      <symbol id="sm-56">
         <name>GenerateMPPT1Temperature</name>
         <value>0xee5</value>
         <object_component_ref idref="oc-164"/>
      </symbol>
      <symbol id="sm-64">
         <name>WriteToCANMsg</name>
         <value>0xfcd</value>
         <object_component_ref idref="oc-215"/>
      </symbol>
      <symbol id="sm-d9">
         <name>g_timeds</name>
         <value>0x20000210</value>
      </symbol>
      <symbol id="sm-da">
         <name>SendCANMsg</name>
         <value>0xf11</value>
         <object_component_ref idref="oc-158"/>
      </symbol>
      <symbol id="sm-db">
         <name>SysTickHandler</name>
         <value>0x108d</value>
         <object_component_ref idref="oc-3c"/>
      </symbol>
      <symbol id="sm-dc">
         <name>g_ui32MsgCount</name>
         <value>0x20000200</value>
         <object_component_ref idref="oc-a2"/>
      </symbol>
      <symbol id="sm-dd">
         <name>main</name>
         <value>0x8c9</value>
         <object_component_ref idref="oc-d3"/>
      </symbol>
      <symbol id="sm-de">
         <name>Delay</name>
         <value>0x106d</value>
         <object_component_ref idref="oc-15e"/>
      </symbol>
      <symbol id="sm-df">
         <name>ConfigureUART</name>
         <value>0xc2d</value>
         <object_component_ref idref="oc-122"/>
      </symbol>
      <symbol id="sm-e0">
         <name>ConfigureCAN</name>
         <value>0xa21</value>
         <object_component_ref idref="oc-128"/>
      </symbol>
      <symbol id="sm-e1">
         <name>CANIntHandler</name>
         <value>0xc79</value>
         <object_component_ref idref="oc-42"/>
      </symbol>
      <symbol id="sm-e2">
         <name>g_bErrFlag</name>
         <value>0x20000204</value>
         <object_component_ref idref="oc-a2"/>
      </symbol>
      <symbol id="sm-113">
         <name>ResetISR</name>
         <value>0x10d9</value>
         <object_component_ref idref="oc-24"/>
      </symbol>
      <symbol id="sm-114">
         <name>g_pfnVectors</name>
         <value>0x0</value>
         <object_component_ref idref="oc-f"/>
      </symbol>
      <symbol id="sm-182">
         <name>UARTStdioConfig</name>
         <value>0xbcd</value>
         <object_component_ref idref="oc-1cd"/>
      </symbol>
      <symbol id="sm-183">
         <name>UARTwrite</name>
         <value>0xd09</value>
         <object_component_ref idref="oc-280"/>
      </symbol>
      <symbol id="sm-184">
         <name>UARTprintf</name>
         <value>0x1005</value>
         <object_component_ref idref="oc-14c"/>
      </symbol>
      <symbol id="sm-185">
         <name>UARTvprintf</name>
         <value>0x26d</value>
         <object_component_ref idref="oc-208"/>
      </symbol>
      <symbol id="sm-1a0">
         <name>memcpy</name>
         <value>0x985</value>
         <object_component_ref idref="oc-56"/>
      </symbol>
      <symbol id="sm-1a1">
         <name>__aeabi_memcpy</name>
         <value>0x985</value>
         <object_component_ref idref="oc-56"/>
      </symbol>
      <symbol id="sm-1a2">
         <name>__aeabi_memcpy8</name>
         <value>0x985</value>
         <object_component_ref idref="oc-56"/>
      </symbol>
      <symbol id="sm-1a3">
         <name>__aeabi_memcpy4</name>
         <value>0x985</value>
         <object_component_ref idref="oc-56"/>
      </symbol>
      <symbol id="sm-1b2">
         <name>__aeabi_uidivmod</name>
         <value>0xdd5</value>
         <object_component_ref idref="oc-286"/>
      </symbol>
      <symbol id="sm-1b3">
         <name>__aeabi_uidiv</name>
         <value>0xdd5</value>
         <object_component_ref idref="oc-286"/>
      </symbol>
      <symbol id="sm-1cc">
         <name>__TI_zero_init_nomemset</name>
         <value>0xfe9</value>
         <object_component_ref idref="oc-62"/>
      </symbol>
      <symbol id="sm-1e3">
         <name>__TI_decompress_none</name>
         <value>0x10ad</value>
         <object_component_ref idref="oc-18"/>
      </symbol>
      <symbol id="sm-206">
         <name>__TI_decompress_lzss</name>
         <value>0xb65</value>
         <object_component_ref idref="oc-12"/>
      </symbol>
      <symbol id="sm-219">
         <name>__stack</name>
         <value>0x20000000</value>
         <object_component_ref idref="oc-21"/>
      </symbol>
      <symbol id="sm-21a">
         <name>_c_int00_noargs</name>
         <value>0xe85</value>
         <object_component_ref idref="oc-74"/>
      </symbol>
      <symbol id="sm-224">
         <name>__aeabi_idiv0</name>
         <value>0x10f3</value>
         <object_component_ref idref="oc-2cf"/>
      </symbol>
      <symbol id="sm-225">
         <name>__aeabi_ldiv0</name>
         <value>0x10f3</value>
         <object_component_ref idref="oc-2cf"/>
      </symbol>
      <symbol id="sm-24e">
         <name>__TI_auto_init_nobinit_nopinit</name>
         <value>0xd51</value>
         <object_component_ref idref="oc-177"/>
      </symbol>
      <symbol id="sm-258">
         <name>_system_pre_init</name>
         <value>0x10eb</value>
         <object_component_ref idref="oc-cd"/>
      </symbol>
      <symbol id="sm-264">
         <name>C$$EXIT</name>
         <value>0x10ef</value>
         <object_component_ref idref="oc-16b"/>
      </symbol>
      <symbol id="sm-265">
         <name>abort</name>
         <value>0x10ef</value>
         <object_component_ref idref="oc-16b"/>
      </symbol>
      <symbol id="sm-2ee">
         <name>CANBitRateSet</name>
         <value>0xa91</value>
         <object_component_ref idref="oc-1e0"/>
      </symbol>
      <symbol id="sm-2ef">
         <name>CANEnable</name>
         <value>0x10c7</value>
         <object_component_ref idref="oc-1f2"/>
      </symbol>
      <symbol id="sm-2f0">
         <name>CANStatusGet</name>
         <value>0xd95</value>
         <object_component_ref idref="oc-9c"/>
      </symbol>
      <symbol id="sm-2f1">
         <name>CANMessageSet</name>
         <value>0x45b</value>
         <object_component_ref idref="oc-21c"/>
      </symbol>
      <symbol id="sm-2f2">
         <name>CANIntClear</name>
         <value>0xf8b</value>
         <object_component_ref idref="oc-96"/>
      </symbol>
      <symbol id="sm-2f3">
         <name>CANIntStatus</name>
         <value>0xfad</value>
         <object_component_ref idref="oc-90"/>
      </symbol>
      <symbol id="sm-2f4">
         <name>CANInit</name>
         <value>0xe15</value>
         <object_component_ref idref="oc-1da"/>
      </symbol>
      <symbol id="sm-2f5">
         <name>CANIntEnable</name>
         <value>0x10d1</value>
         <object_component_ref idref="oc-1e6"/>
      </symbol>
      <symbol id="sm-32f">
         <name>GPIOPinConfigure</name>
         <value>0xcc1</value>
         <object_component_ref idref="oc-1bb"/>
      </symbol>
      <symbol id="sm-330">
         <name>GPIOPinTypeUART</name>
         <value>0x105b</value>
         <object_component_ref idref="oc-1c1"/>
      </symbol>
      <symbol id="sm-331">
         <name>GPIODirModeSet</name>
         <value>0xf3d</value>
         <object_component_ref idref="oc-252"/>
      </symbol>
      <symbol id="sm-332">
         <name>GPIOPadConfigSet</name>
         <value>0x591</value>
         <object_component_ref idref="oc-258"/>
      </symbol>
      <symbol id="sm-333">
         <name>GPIOPinTypeCAN</name>
         <value>0x1049</value>
         <object_component_ref idref="oc-1d4"/>
      </symbol>
      <symbol id="sm-363">
         <name>IntEnable</name>
         <value>0xafd</value>
         <object_component_ref idref="oc-1ec"/>
      </symbol>
      <symbol id="sm-364">
         <name>IntMasterEnable</name>
         <value>0x107d</value>
         <object_component_ref idref="oc-13a"/>
      </symbol>
      <symbol id="sm-3b6">
         <name>SysCtlClockSet</name>
         <value>0x7d5</value>
         <object_component_ref idref="oc-11c"/>
      </symbol>
      <symbol id="sm-3b7">
         <name>SysCtlDelay</name>
         <value>0x10df</value>
         <object_component_ref idref="oc-1b2"/>
      </symbol>
      <symbol id="sm-3b8">
         <name>SysCtlPeripheralEnable</name>
         <value>0xe51</value>
         <object_component_ref idref="oc-1b5"/>
      </symbol>
      <symbol id="sm-3b9">
         <name>SysCtlClockGet</name>
         <value>0x6c5</value>
         <object_component_ref idref="oc-12e"/>
      </symbol>
      <symbol id="sm-3dc">
         <name>SysTickEnable</name>
         <value>0x1021</value>
         <object_component_ref idref="oc-146"/>
      </symbol>
      <symbol id="sm-3dd">
         <name>SysTickIntEnable</name>
         <value>0x1035</value>
         <object_component_ref idref="oc-140"/>
      </symbol>
      <symbol id="sm-3de">
         <name>SysTickPeriodSet</name>
         <value>0x109d</value>
         <object_component_ref idref="oc-134"/>
      </symbol>
      <symbol id="sm-3eb">
         <name>UARTClockSourceSet</name>
         <value>0x10e5</value>
         <object_component_ref idref="oc-1c7"/>
      </symbol>
      <symbol id="sm-3f5">
         <name>CPUcpsie</name>
         <value>0x10bb</value>
         <object_component_ref idref="oc-1ff"/>
      </symbol>
      <symbol id="sm-3f6">
         <name>__TI_static_base__</name>
         <value>0x0</value>
      </symbol>
      <symbol id="sm-3f9">
         <name>__mpu_init</name>
         <value>0x0</value>
      </symbol>
      <symbol id="sm-3fa">
         <name>_system_post_cinit</name>
         <value>0x0</value>
      </symbol>
   </symbol_table>
   <title>Link successful</title>
</link_info>
